Archive member included to satisfy reference by file (symbol)

app/libapp.a(main.c.obj)      (--whole-archive)
zephyr/libzephyr.a(validate_libc.c.obj)
                              (--whole-archive)
zephyr/libzephyr.a(heap.c.obj)
                              (--whole-archive)
zephyr/libzephyr.a(cbprintf_packaged.c.obj)
                              (--whole-archive)
zephyr/libzephyr.a(clock.c.obj)
                              (--whole-archive)
zephyr/libzephyr.a(printk.c.obj)
                              (--whole-archive)
zephyr/libzephyr.a(sem.c.obj)
                              (--whole-archive)
zephyr/libzephyr.a(thread_entry.c.obj)
                              (--whole-archive)
zephyr/libzephyr.a(cbprintf_complete.c.obj)
                              (--whole-archive)
zephyr/libzephyr.a(assert.c.obj)
                              (--whole-archive)
zephyr/libzephyr.a(mpsc_pbuf.c.obj)
                              (--whole-archive)
zephyr/libzephyr.a(dec.c.obj)
                              (--whole-archive)
zephyr/libzephyr.a(hex.c.obj)
                              (--whole-archive)
zephyr/libzephyr.a(rb.c.obj)  (--whole-archive)
zephyr/libzephyr.a(set.c.obj)
                              (--whole-archive)
zephyr/libzephyr.a(timeutil.c.obj)
                              (--whole-archive)
zephyr/libzephyr.a(bitarray.c.obj)
                              (--whole-archive)
zephyr/libzephyr.a(bitmask.c.obj)
                              (--whole-archive)
zephyr/libzephyr.a(getopt.c.obj)
                              (--whole-archive)
zephyr/libzephyr.a(getopt_common.c.obj)
                              (--whole-archive)
zephyr/libzephyr.a(ring_buffer.c.obj)
                              (--whole-archive)
zephyr/libzephyr.a(last_section_id.c.obj)
                              (--whole-archive)
zephyr/libzephyr.a(configs.c.obj)
                              (--whole-archive)
zephyr/libzephyr.a(stm32cube_hal.c.obj)
                              (--whole-archive)
zephyr/libzephyr.a(soc_config.c.obj)
                              (--whole-archive)
zephyr/libzephyr.a(gpioport_mgr.c.obj)
                              (--whole-archive)
zephyr/libzephyr.a(stm32_backup_domain.c.obj)
                              (--whole-archive)
zephyr/libzephyr.a(soc.c.obj)
                              (--whole-archive)
zephyr/libzephyr.a(thread_info.c.obj)
                              (--whole-archive)
zephyr/libzephyr.a(log_core.c.obj)
                              (--whole-archive)
zephyr/libzephyr.a(log_mgmt.c.obj)
                              (--whole-archive)
zephyr/libzephyr.a(log_cache.c.obj)
                              (--whole-archive)
zephyr/libzephyr.a(log_msg.c.obj)
                              (--whole-archive)
zephyr/libzephyr.a(log_output.c.obj)
                              (--whole-archive)
zephyr/libzephyr.a(log_backend_uart.c.obj)
                              (--whole-archive)
zephyr/libzephyr.a(mem_attr.c.obj)
                              (--whole-archive)
zephyr/libzephyr.a(tracing_none.c.obj)
                              (--whole-archive)
zephyr/arch/common/libarch__common.a(sw_isr_common.c.obj)
                              (--whole-archive)
zephyr/arch/common/libarch__common.a(init.c.obj)
                              (--whole-archive)
zephyr/arch/common/libarch__common.a(xip.c.obj)
                              (--whole-archive)
zephyr/arch/arch/arm/core/libarch__arm__core.a(fatal.c.obj)
                              (--whole-archive)
zephyr/arch/arch/arm/core/libarch__arm__core.a(nmi.c.obj)
                              (--whole-archive)
zephyr/arch/arch/arm/core/libarch__arm__core.a(nmi_on_reset.S.obj)
                              (--whole-archive)
zephyr/arch/arch/arm/core/libarch__arm__core.a(tls.c.obj)
                              (--whole-archive)
zephyr/arch/arch/arm/core/cortex_m/libarch__arm__core__cortex_m.a(fault.c.obj)
                              (--whole-archive)
zephyr/arch/arch/arm/core/cortex_m/libarch__arm__core__cortex_m.a(fault_s.S.obj)
                              (--whole-archive)
zephyr/arch/arch/arm/core/cortex_m/libarch__arm__core__cortex_m.a(fpu.c.obj)
                              (--whole-archive)
zephyr/arch/arch/arm/core/cortex_m/libarch__arm__core__cortex_m.a(reset.S.obj)
                              (--whole-archive)
zephyr/arch/arch/arm/core/cortex_m/libarch__arm__core__cortex_m.a(scb.c.obj)
                              (--whole-archive)
zephyr/arch/arch/arm/core/cortex_m/libarch__arm__core__cortex_m.a(vector_table.S.obj)
                              (--whole-archive)
zephyr/arch/arch/arm/core/cortex_m/libarch__arm__core__cortex_m.a(svc.S.obj)
                              (--whole-archive)
zephyr/arch/arch/arm/core/cortex_m/libarch__arm__core__cortex_m.a(irq_manage.c.obj)
                              (--whole-archive)
zephyr/arch/arch/arm/core/cortex_m/libarch__arm__core__cortex_m.a(prep_c.c.obj)
                              (--whole-archive)
[...]
Memory Configuration

Name             Origin             Length             Attributes
FLASH            0x08000000         0x00080000         xr
RAM              0x20000000         0x00018000         xw
SRAM0            0x20000000         0x00018000         rw
IDT_LIST         0xffff7fff         0x00008000         xw
*default*        0x00000000         0xffffffff

Linker script and memory map

                0x0800579c                        vfprintf = __l_vfprintf
                0x00000000                        vfscanf = __l_vfscanf
LOAD zephyr/CMakeFiles/zephyr_pre0.dir/misc/empty_file.c.obj
LOAD zephyr/CMakeFiles/offsets.dir/./arch/arm/core/offsets/offsets.c.obj
LOAD app/libapp.a
LOAD zephyr/libzephyr.a
LOAD zephyr/arch/common/libarch__common.a
LOAD zephyr/arch/arch/arm/core/libarch__arm__core.a
LOAD zephyr/arch/arch/arm/core/cortex_m/libarch__arm__core__cortex_m.a
LOAD zephyr/arch/arch/arm/core/mpu/libarch__arm__core__mpu.a
LOAD zephyr/lib/libc/picolibc/liblib__libc__picolibc.a
LOAD zephyr/lib/libc/common/liblib__libc__common.a
LOAD zephyr/lib/posix/c_lib_ext/liblib__posix__c_lib_ext.a
LOAD zephyr/drivers/interrupt_controller/libdrivers__interrupt_controller.a
LOAD zephyr/drivers/clock_control/libdrivers__clock_control.a
LOAD zephyr/drivers/console/libdrivers__console.a
LOAD zephyr/drivers/gpio/libdrivers__gpio.a
LOAD zephyr/drivers/pinctrl/libdrivers__pinctrl.a
LOAD zephyr/drivers/pwm/libdrivers__pwm.a
LOAD zephyr/drivers/reset/libdrivers__reset.a
LOAD zephyr/drivers/serial/libdrivers__serial.a
LOAD zephyr/drivers/timer/libdrivers__timer.a
LOAD modules/hal_stm32/stm32cube/lib..__modules__hal__stm32__stm32cube.a
LOAD zephyr/kernel/libkernel.a
LOAD zephyr/arch/common/libisr_tables.a
LOAD C:/Users/razie/zephyr-sdk-1.0.1/gnu/arm-zephyr-eabi/bin/../lib/gcc/arm-zephyr-eabi/14.3.0/../../../../arm-zephyr-eabi/lib/thumb/v7e-m/nofp\libc.a
LOAD C:/Users/razie/zephyr-sdk-1.0.1/gnu/arm-zephyr-eabi/bin/../lib/gcc/arm-zephyr-eabi/14.3.0/thumb/v7e-m/nofp\libgcc.a
                0x00000020                        _region_min_align = 0x20

.rel.plt        0x08000000        0x0
 *(SORT_BY_ALIGNMENT(.rel.plt))
                [!provide]                        PROVIDE (__rel_iplt_start = .)
 *(SORT_BY_ALIGNMENT(.rel.iplt))
 .rel.iplt      0x08000000        0x0 app/libapp.a(main.c.obj)
                [!provide]                        PROVIDE (__rel_iplt_end = .)

.rela.plt       0x00000000        0x0
 *(SORT_BY_ALIGNMENT(.rela.plt))
                [!provide]                        PROVIDE (__rela_iplt_start = .)
 *(SORT_BY_ALIGNMENT(.rela.iplt))
                [!provide]                        PROVIDE (__rela_iplt_end = .)

.rel.dyn
 *(SORT_BY_ALIGNMENT(.rel.*))

.rela.dyn
 *(SORT_BY_ALIGNMENT(.rela.*))

/DISCARD/
 *(SORT_BY_ALIGNMENT(.plt))

/DISCARD/
 *(SORT_BY_ALIGNMENT(.iplt))
                0x08000000                        __rom_region_start = 0x8000000

rom_start       0x08000000      0x168
                0x08000000                        __rom_start_address = .
 FILL mask 0x00
                0x08000000                        . = (. + (0x0 - (. - __rom_start_address)))
                0x08000000                        . = ALIGN (0x4)
                0x08000000                        . = ALIGN (0x80)
                0x08000000                        . = ALIGN (0x200)
                0x08000000                        _vector_start = .
 *(SORT_BY_ALIGNMENT(.exc_vector_table))
 *(SORT_BY_ALIGNMENT(.exc_vector_table.*))
 .exc_vector_table._vector_table_section
                0x08000000       0x40 zephyr/arch/arch/arm/core/cortex_m/libarch__arm__core__cortex_m.a(vector_table.S.obj)
                0x08000000                _vector_table
 *(SORT_BY_ALIGNMENT(.vectors))
                0x08000168                        _vector_end = .
                0x08000040                        . = ALIGN (0x4)
 *(SORT_BY_ALIGNMENT(.gnu.linkonce.irq_vector_table*))
 .gnu.linkonce.irq_vector_table
                0x08000040      0x128 zephyr/arch/common/libisr_tables.a(isr_tables.c.obj)
                0x08000040                _irq_vector_table
                0x08000168                        _vector_end = .

text            0x08000180     0x7e58
                0x08000180                        __text_region_start = .
 *(SORT_BY_ALIGNMENT(.text))
 .text          0x08000180       0xd8 C:/Users/razie/zephyr-sdk-1.0.1/gnu/arm-zephyr-eabi/bin/../lib/gcc/arm-zephyr-eabi/14.3.0/../../../../arm-zephyr-eabi/lib/thumb/v7e-m/nofp\libc.a(strlen.S.o)
                0x08000180                strlen
 .text          0x08000258      0x134 C:/Users/razie/zephyr-sdk-1.0.1/gnu/arm-zephyr-eabi/bin/../lib/gcc/arm-zephyr-eabi/14.3.0/../../../../arm-zephyr-eabi/lib/thumb/v7e-m/nofp\libc.a(memcpy.S.o)
                0x08000258                __aeabi_memcpy
                0x08000258                __aeabi_memcpy4
                0x08000258                __aeabi_memcpy8
                0x08000258                memcpy
 .text          0x0800038c       0x30 C:/Users/razie/zephyr-sdk-1.0.1/gnu/arm-zephyr-eabi/bin/../lib/gcc/arm-zephyr-eabi/14.3.0/thumb/v7e-m/nofp\libgcc.a(_aeabi_uldivmod.o)
                0x0800038c                __aeabi_uldivmod
 .text          0x080003bc        0x4 C:/Users/razie/zephyr-sdk-1.0.1/gnu/arm-zephyr-eabi/bin/../lib/gcc/arm-zephyr-eabi/14.3.0/thumb/v7e-m/nofp\libgcc.a(_dvmd_tls.o)
                0x080003bc                __aeabi_idiv0
                0x080003bc                __aeabi_ldiv0
 .text          0x080003c0      0x2bc C:/Users/razie/zephyr-sdk-1.0.1/gnu/arm-zephyr-eabi/bin/../lib/gcc/arm-zephyr-eabi/14.3.0/thumb/v7e-m/nofp\libgcc.a(_udivmoddi4.o)
                0x080003c0                __udivmoddi4
 *(SORT_BY_ALIGNMENT(.text.*))
 .text.main     0x0800067c       0x18 app/libapp.a(main.c.obj)
                0x0800067c                main
 .text.cbvprintf_package
                0x08000694      0x494 zephyr/libzephyr.a(cbprintf_packaged.c.obj)
                0x08000694                cbvprintf_package
 .text.cbprintf_package_convert
                0x08000b28      0x4b4 zephyr/libzephyr.a(cbprintf_packaged.c.obj)
                0x08000b28                cbprintf_package_convert
 .text.__printk_hook_install
                0x08000fdc        0xc zephyr/libzephyr.a(printk.c.obj)
                0x08000fdc                __printk_hook_install
 .text.z_thread_entry
                0x08000fe8       0x34 zephyr/libzephyr.a(thread_entry.c.obj)
                0x08000fe8                z_thread_entry
 .text.st_stm32_common_config
                0x0800101c       0x14 zephyr/libzephyr.a(soc_config.c.obj)
 .text.stm32_gpioport_pm_action
                0x08001030       0x54 zephyr/libzephyr.a(gpioport_mgr.c.obj)
 .text.stm32_gpioport_init
                0x08001084       0x10 zephyr/libzephyr.a(gpioport_mgr.c.obj)
 .text.stm32_gpioport_get
                0x08001094       0x24 zephyr/libzephyr.a(gpioport_mgr.c.obj)
                0x08001094                stm32_gpioport_get
 .text.soc_early_init_hook
                0x080010b8       0x30 zephyr/libzephyr.a(soc.c.obj)
                0x080010b8                soc_early_init_hook
 .text.msg_process
                0x080010e8       0x3c zephyr/libzephyr.a(log_core.c.obj)
 .text.log_backend_notify_all
                0x08001124       0x30 zephyr/libzephyr.a(log_core.c.obj)
 .text.default_lf_get_timestamp
                0x08001154       0x48 zephyr/libzephyr.a(log_core.c.obj)
 .text.activate_foreach_backend
                0x0800119c       0x64 zephyr/libzephyr.a(log_core.c.obj)
 .text.z_log_init
                0x08001200       0x94 zephyr/libzephyr.a(log_core.c.obj)
 .text.thread_set
                0x08001294       0x28 zephyr/libzephyr.a(log_core.c.obj)
 .text.log_process_thread_timer_expiry_fn
                0x080012bc       0x10 zephyr/libzephyr.a(log_core.c.obj)
 .text.enable_logger
                0x080012cc       0x5c zephyr/libzephyr.a(log_core.c.obj)
 .text.log_format_func_t_get
                0x08001328        0xc zephyr/libzephyr.a(log_core.c.obj)
                0x08001328                log_format_func_t_get
 .text.log_set_timestamp_func
                0x08001334       0x24 zephyr/libzephyr.a(log_core.c.obj)
                0x08001334                log_set_timestamp_func
 .text.z_log_notify_backend_enabled
                0x08001358       0x20 zephyr/libzephyr.a(log_core.c.obj)
                0x08001358                z_log_notify_backend_enabled
 .text.z_log_dropped
                0x08001378       0x54 zephyr/libzephyr.a(log_core.c.obj)
                0x08001378                z_log_dropped
 .text.z_log_dropped_read_and_clear
                0x080013cc       0x20 zephyr/libzephyr.a(log_core.c.obj)
                0x080013cc                z_log_dropped_read_and_clear
 .text.dropped_notify
                0x080013ec       0x38 zephyr/libzephyr.a(log_core.c.obj)
                0x080013ec                dropped_notify
 .text.z_log_dropped_pending
                0x08001424       0x14 zephyr/libzephyr.a(log_core.c.obj)
                0x08001424                z_log_dropped_pending
 .text.z_log_msg_init
                0x08001438       0x20 zephyr/libzephyr.a(log_core.c.obj)
                0x08001438                z_log_msg_init
 .text.log_core_init
                0x08001458       0x50 zephyr/libzephyr.a(log_core.c.obj)
                0x08001458                log_core_init
 .text.z_log_msg_alloc
                0x080014a8       0x10 zephyr/libzephyr.a(log_core.c.obj)
                0x080014a8                z_log_msg_alloc
 .text.z_log_msg_local_claim
                0x080014b8       0x10 zephyr/libzephyr.a(log_core.c.obj)
                0x080014b8                z_log_msg_local_claim
 .text.z_log_msg_free
                0x080014c8       0x14 zephyr/libzephyr.a(log_core.c.obj)
                0x080014c8                z_log_msg_free
 .text.z_log_msg_pending
                0x080014dc       0x10 zephyr/libzephyr.a(log_core.c.obj)
                0x080014dc                z_log_msg_pending
 .text.z_impl_log_process
                0x080014ec       0xe0 zephyr/libzephyr.a(log_core.c.obj)
                0x080014ec                z_impl_log_process
 .text.z_impl_log_panic
                0x080015cc       0x4c zephyr/libzephyr.a(log_core.c.obj)
                0x080015cc                z_impl_log_panic
 .text.z_log_msg_post_finalize
                0x08001618       0x84 zephyr/libzephyr.a(log_core.c.obj)
 .text.z_log_msg_commit
                0x0800169c       0x20 zephyr/libzephyr.a(log_core.c.obj)
                0x0800169c                z_log_msg_commit
 .text.log_process_thread_func
                0x080016bc       0x78 zephyr/libzephyr.a(log_core.c.obj)
 .text.log_src_cnt_get
                0x08001734       0x14 zephyr/libzephyr.a(log_mgmt.c.obj)
                0x08001734                log_src_cnt_get
 .text.log_source_name_get
                0x08001748       0x1c zephyr/libzephyr.a(log_mgmt.c.obj)
                0x08001748                log_source_name_get
 .text.cbprintf_package_copy
                0x08001764       0x30 zephyr/libzephyr.a(log_msg.c.obj)
 .text.z_impl_z_log_msg_static_create
                0x08001794      0x158 zephyr/libzephyr.a(log_msg.c.obj)
                0x08001794                z_impl_z_log_msg_static_create
 .text.z_log_msg_runtime_vcreate
                0x080018ec       0xac zephyr/libzephyr.a(log_msg.c.obj)
                0x080018ec                z_log_msg_runtime_vcreate
 .text.log_msg_get_source_id
                0x08001998       0x18 zephyr/libzephyr.a(log_msg.c.obj)
                0x08001998                log_msg_get_source_id
 .text.print_formatted
                0x080019b0       0x24 zephyr/libzephyr.a(log_output.c.obj)
 .text.timestamp_print
                0x080019d4       0x8c zephyr/libzephyr.a(log_output.c.obj)
 .text.color_print
                0x08001a60       0x2c zephyr/libzephyr.a(log_output.c.obj)
 .text.ids_print
                0x08001a8c       0x70 zephyr/libzephyr.a(log_output.c.obj)
 .text.prefix_print
                0x08001afc       0x90 zephyr/libzephyr.a(log_output.c.obj)
 .text.newline_print
                0x08001b8c       0x28 zephyr/libzephyr.a(log_output.c.obj)
 .text.hexdump_line_print
                0x08001bb4       0xc4 zephyr/libzephyr.a(log_output.c.obj)
 .text.log_output_process
                0x08001c78       0x8c zephyr/libzephyr.a(log_output.c.obj)
                0x08001c78                log_output_process
 .text.log_output_dropped_process
                0x08001d04       0x84 zephyr/libzephyr.a(log_output.c.obj)
                0x08001d04                log_output_dropped_process
 .text.log_output_timestamp_freq_set
                0x08001d88       0x2c zephyr/libzephyr.a(log_output.c.obj)
                0x08001d88                log_output_timestamp_freq_set
 .text.char_out
                0x08001db4       0x24 zephyr/libzephyr.a(log_backend_uart.c.obj)
 .text.mem_attr_get_regions
                0x08001dd8        0xc zephyr/libzephyr.a(mem_attr.c.obj)
                0x08001dd8                mem_attr_get_regions
 .text.arch_bss_zero
                0x08001de4       0x18 zephyr/arch/common/libarch__common.a(init.c.obj)
                0x08001de4                arch_bss_zero
 .text.arch_data_copy
                0x08001dfc       0x34 zephyr/arch/common/libarch__common.a(xip.c.obj)
                0x08001dfc                arch_data_copy
 .text.esf_dump
                0x08001e30      0x160 zephyr/arch/arch/arm/core/libarch__arm__core.a(fatal.c.obj)
 .text.z_arm_fatal_error
                0x08001f90       0x38 zephyr/arch/arch/arm/core/libarch__arm__core.a(fatal.c.obj)
                0x08001f90                z_arm_fatal_error
 .text.z_SysNmiOnReset
                0x08001fc8        0x8 zephyr/arch/arch/arm/core/libarch__arm__core.a(nmi_on_reset.S.obj)
                0x08001fc8                z_SysNmiOnReset
 .text.z_tls_copy
                0x08001fd0       0x28 zephyr/arch/arch/arm/core/libarch__arm__core.a(tls.c.obj)
 .text.arch_tls_stack_setup
                0x08001ff8       0x28 zephyr/arch/arch/arm/core/libarch__arm__core.a(tls.c.obj)
                0x08001ff8                arch_tls_stack_setup
 .text.z_arm_is_synchronous_svc
                0x08002020       0x48 zephyr/arch/arch/arm/core/cortex_m/libarch__arm__core__cortex_m.a(fault.c.obj)
 .text.get_esf  0x08002068       0x48 zephyr/arch/arch/arm/core/cortex_m/libarch__arm__core__cortex_m.a(fault.c.obj)
 .text.usage_fault
                0x080020b0       0xd4 zephyr/arch/arch/arm/core/cortex_m/libarch__arm__core__cortex_m.a(fault.c.obj)
 .text.debug_monitor
                0x08002184       0x1c zephyr/arch/arch/arm/core/cortex_m/libarch__arm__core__cortex_m.a(fault.c.obj)
 .text.reserved_exception
                0x080021a0       0xd8 zephyr/arch/arch/arm/core/cortex_m/libarch__arm__core__cortex_m.a(fault.c.obj)
 .text.bus_fault
                0x08002278      0x110 zephyr/arch/arch/arm/core/cortex_m/libarch__arm__core__cortex_m.a(fault.c.obj)
 .text.mem_manage_fault
                0x08002388      0x148 zephyr/arch/arch/arm/core/cortex_m/libarch__arm__core__cortex_m.a(fault.c.obj)
 .text.hard_fault
                0x080024d0       0xd0 zephyr/arch/arch/arm/core/cortex_m/libarch__arm__core__cortex_m.a(fault.c.obj)
 .text.z_arm_fault
                0x080025a0       0x84 zephyr/arch/arch/arm/core/cortex_m/libarch__arm__core__cortex_m.a(fault.c.obj)
                0x080025a0                z_arm_fault
 .text.z_arm_fault_init
                0x08002624       0x18 zephyr/arch/arch/arm/core/cortex_m/libarch__arm__core__cortex_m.a(fault.c.obj)
                0x08002624                z_arm_fault_init
 .text.__fault  0x0800263c       0x14 zephyr/arch/arch/arm/core/cortex_m/libarch__arm__core__cortex_m.a(fault_s.S.obj)
                0x0800263c                z_arm_usage_fault
                0x0800263c                z_arm_mpu_fault
                0x0800263c                z_arm_exc_spurious
                0x0800263c                z_arm_debug_monitor
                0x0800263c                z_arm_hard_fault
                0x0800263c                z_arm_bus_fault
 .text._reset_section
                0x08002650       0x40 zephyr/arch/arch/arm/core/cortex_m/libarch__arm__core__cortex_m.a(reset.S.obj)
                0x08002650                __start
                0x08002650                z_arm_reset
 .text.z_arm_svc
                0x08002690       0x24 zephyr/arch/arch/arm/core/cortex_m/libarch__arm__core__cortex_m.a(svc.S.obj)
                0x08002690                z_arm_svc
 .text.__NVIC_EnableIRQ
                0x080026b4       0x1c zephyr/arch/arch/arm/core/cortex_m/libarch__arm__core__cortex_m.a(irq_manage.c.obj)
 .text.__NVIC_SetPriority
                0x080026d0       0x28 zephyr/arch/arch/arm/core/cortex_m/libarch__arm__core__cortex_m.a(irq_manage.c.obj)
 .text.relocate_vector_table
                0x080026f8       0x1c zephyr/arch/arch/arm/core/cortex_m/libarch__arm__core__cortex_m.a(prep_c.c.obj)
                0x080026f8                relocate_vector_table
 .text.z_prep_c
                0x08002714       0x38 zephyr/arch/arch/arm/core/cortex_m/libarch__arm__core__cortex_m.a(prep_c.c.obj)
                0x08002714                z_prep_c
 .text.min_stack
                0x0800274c       0x48 zephyr/arch/arch/arm/core/cortex_m/libarch__arm__core__cortex_m.a(thread.c.obj)
 .text.arch_new_thread
                0x08002794       0x44 zephyr/arch/arch/arm/core/cortex_m/libarch__arm__core__cortex_m.a(thread.c.obj)
                0x08002794                arch_new_thread
 .text.arch_switch_to_main_thread
                0x080027d8       0x40 zephyr/arch/arch/arm/core/cortex_m/libarch__arm__core__cortex_m.a(thread.c.obj)
                0x080027d8                arch_switch_to_main_thread
 .text.z_arm_cpu_idle_init
                0x08002818        0xc zephyr/arch/arch/arm/core/cortex_m/libarch__arm__core__cortex_m.a(cpu_idle.c.obj)
                0x08002818                z_arm_cpu_idle_init
 .text._HandlerModeExit
                0x08002824       0x20 zephyr/arch/arch/arm/core/cortex_m/libarch__arm__core__cortex_m.a(exc_exit.c.obj)
                0x08002824                z_arm_int_exit
                0x08002824                z_arm_exc_exit
 .text.z_impl_k_thread_abort
                0x08002844       0x34 zephyr/arch/arch/arm/core/cortex_m/libarch__arm__core__cortex_m.a(thread_abort.c.obj)
                0x08002844                z_impl_k_thread_abort
 .text.z_arm_pendsv
                0x08002878       0x64 zephyr/arch/arch/arm/core/cortex_m/libarch__arm__core__cortex_m.a(swap_helper.S.obj)
                0x08002878                z_arm_pendsv
 .text.z_arm_interrupt_init
                0x080028dc       0x34 zephyr/arch/arch/arm/core/cortex_m/libarch__arm__core__cortex_m.a(irq_init.c.obj)
                0x080028dc                z_arm_interrupt_init
 .text._isr_wrapper
                0x08002910       0x20 zephyr/arch/arch/arm/core/cortex_m/libarch__arm__core__cortex_m.a(isr_wrapper.c.obj)
                0x08002910                _isr_wrapper
 .text.__aeabi_read_tp
                0x08002930        0xc zephyr/arch/arch/arm/core/cortex_m/libarch__arm__core__cortex_m.a(__aeabi_read_tp.S.obj)
                0x08002930                __aeabi_read_tp
 .text.z_arm_configure_static_mpu_regions
                0x0800293c       0x1c zephyr/arch/arch/arm/core/mpu/libarch__arm__core__mpu.a(arm_core_mpu.c.obj)
                0x0800293c                z_arm_configure_static_mpu_regions
 .text.z_arm_configure_dynamic_mpu_regions
                0x08002958       0x24 zephyr/arch/arch/arm/core/mpu/libarch__arm__core__mpu.a(arm_core_mpu.c.obj)
                0x08002958                z_arm_configure_dynamic_mpu_regions
 .text.region_init
                0x0800297c       0x28 zephyr/arch/arch/arm/core/mpu/libarch__arm__core__mpu.a(arm_mpu.c.obj)
 .text.region_allocate_and_init
                0x080029a4       0x3c zephyr/arch/arch/arm/core/mpu/libarch__arm__core__mpu.a(arm_mpu.c.obj)
 .text.mpu_configure_regions
                0x080029e0       0x64 zephyr/arch/arch/arm/core/mpu/libarch__arm__core__mpu.a(arm_mpu.c.obj)
 .text.mpu_configure_static_mpu_regions
                0x08002a44       0x14 zephyr/arch/arch/arm/core/mpu/libarch__arm__core__mpu.a(arm_mpu.c.obj)
 .text.mpu_configure_dynamic_mpu_regions
                0x08002a58       0x3c zephyr/arch/arch/arm/core/mpu/libarch__arm__core__mpu.a(arm_mpu.c.obj)
 .text.arm_core_mpu_enable
                0x08002a94       0x18 zephyr/arch/arch/arm/core/mpu/libarch__arm__core__mpu.a(arm_mpu.c.obj)
                0x08002a94                arm_core_mpu_enable
 .text.arm_core_mpu_disable
                0x08002aac       0x14 zephyr/arch/arch/arm/core/mpu/libarch__arm__core__mpu.a(arm_mpu.c.obj)
                0x08002aac                arm_core_mpu_disable
 .text.z_arm_mpu_init
                0x08002ac0       0x80 zephyr/arch/arch/arm/core/mpu/libarch__arm__core__mpu.a(arm_mpu.c.obj)
                0x08002ac0                z_arm_mpu_init
 .text.cbvprintf
                0x08002b40       0x38 zephyr/lib/libc/picolibc/liblib__libc__picolibc.a(cbprintf.c.obj)
                0x08002b40                cbvprintf
 .text.z_impl_zephyr_fputc
                0x08002b78       0x10 zephyr/lib/libc/picolibc/liblib__libc__picolibc.a(stdio.c.obj)
                0x08002b78                z_impl_zephyr_fputc
 .text.__stdout_hook_install
                0x08002b88       0x18 zephyr/lib/libc/picolibc/liblib__libc__picolibc.a(stdio.c.obj)
                0x08002b88                __stdout_hook_install
 .text.malloc_prepare
                0x08002ba0       0x24 zephyr/lib/libc/common/liblib__libc__common.a(malloc.c.obj)
 .text.stm32_exti_enable_clocks
                0x08002bc4       0x34 zephyr/drivers/interrupt_controller/libdrivers__interrupt_controller.a(intc_exti_stm32.c.obj)
 .text.stm32_exti_is_pending
                0x08002bf8       0x38 zephyr/drivers/interrupt_controller/libdrivers__interrupt_controller.a(intc_exti_stm32.c.obj)
                0x08002bf8                stm32_exti_is_pending
 .text.stm32_exti_clear_pending
                0x08002c30       0x34 zephyr/drivers/interrupt_controller/libdrivers__interrupt_controller.a(intc_exti_stm32.c.obj)
                0x08002c30                stm32_exti_clear_pending
 .text.stm32_fill_irq_table
                0x08002c64       0x24 zephyr/drivers/interrupt_controller/libdrivers__interrupt_controller.a(intc_gpio_stm32.c.obj)
 .text.stm32_intc_gpio_isr
                0x08002c88       0x48 zephyr/drivers/interrupt_controller/libdrivers__interrupt_controller.a(intc_gpio_stm32.c.obj)
 .text.LL_SYSCFG_SetEXTISource
                0x08002cd0       0x38 zephyr/drivers/interrupt_controller/libdrivers__interrupt_controller.a(intc_gpio_stm32.c.obj)
 .text.LL_SYSCFG_GetEXTISource
                0x08002d08       0x28 zephyr/drivers/interrupt_controller/libdrivers__interrupt_controller.a(intc_gpio_stm32.c.obj)
 .text.stm32_gpio_intc_enable_line
                0x08002d30       0x30 zephyr/drivers/interrupt_controller/libdrivers__interrupt_controller.a(intc_gpio_stm32.c.obj)
                0x08002d30                stm32_gpio_intc_enable_line
 .text.stm32_gpio_intc_disable_line
                0x08002d60       0x10 zephyr/drivers/interrupt_controller/libdrivers__interrupt_controller.a(intc_gpio_stm32.c.obj)
                0x08002d60                stm32_gpio_intc_disable_line
 .text.stm32_gpio_intc_select_line_trigger
                0x08002d70       0x58 zephyr/drivers/interrupt_controller/libdrivers__interrupt_controller.a(intc_gpio_stm32.c.obj)
                0x08002d70                stm32_gpio_intc_select_line_trigger
 .text.stm32_gpio_intc_set_irq_callback
                0x08002dc8       0x4c zephyr/drivers/interrupt_controller/libdrivers__interrupt_controller.a(intc_gpio_stm32.c.obj)
                0x08002dc8                stm32_gpio_intc_set_irq_callback
 .text.stm32_gpio_intc_remove_irq_callback
                0x08002e14       0x24 zephyr/drivers/interrupt_controller/libdrivers__interrupt_controller.a(intc_gpio_stm32.c.obj)
                0x08002e14                stm32_gpio_intc_remove_irq_callback
 .text.stm32_clock_switch_to_hsi
                0x08002e38       0x38 zephyr/drivers/clock_control/libdrivers__clock_control.a(clock_stm32_ll_common.c.obj)
 .text.set_up_fixed_clock_sources
                0x08002e70       0x38 zephyr/drivers/clock_control/libdrivers__clock_control.a(clock_stm32_ll_common.c.obj)
 .text.stm32_clock_control_get_subsys_rate
                0x08002ea8      0x118 zephyr/drivers/clock_control/libdrivers__clock_control.a(clock_stm32_ll_common.c.obj)
 .text.set_up_plls
                0x08002fc0       0x78 zephyr/drivers/clock_control/libdrivers__clock_control.a(clock_stm32_ll_common.c.obj)
 .text.enabled_clock
                0x08003038       0x24 zephyr/drivers/clock_control/libdrivers__clock_control.a(clock_stm32_ll_common.c.obj)
                0x08003038                enabled_clock
 .text.stm32_clock_control_init
                0x0800305c       0xa4 zephyr/drivers/clock_control/libdrivers__clock_control.a(clock_stm32_ll_common.c.obj)
                0x0800305c                stm32_clock_control_init
 .text.get_pllsrc_frequency
                0x08003100        0x8 zephyr/drivers/clock_control/libdrivers__clock_control.a(clock_stm32f2_f4_f7.c.obj)
                0x08003100                get_pllsrc_frequency
 .text.config_pll_sysclock
                0x08003108       0x48 zephyr/drivers/clock_control/libdrivers__clock_control.a(clock_stm32f2_f4_f7.c.obj)
                0x08003108                config_pll_sysclock
 .text.config_enable_default_clocks
                0x08003150       0x20 zephyr/drivers/clock_control/libdrivers__clock_control.a(clock_stm32f2_f4_f7.c.obj)
                0x08003150                config_enable_default_clocks
 .text.console_out
                0x08003170       0x28 zephyr/drivers/console/libdrivers__console.a(uart_console.c.obj)
 .text.uart_console_hook_install
                0x08003198       0x18 zephyr/drivers/console/libdrivers__console.a(uart_console.c.obj)
 .text.uart_console_init
                0x080031b0       0x1c zephyr/drivers/console/libdrivers__console.a(uart_console.c.obj)
 .text.gpio_stm32_pin_interrupt_configure
                0x080031cc       0x94 zephyr/drivers/gpio/libdrivers__gpio.a(gpio_stm32.c.obj)
 .text.LL_TIM_OC_SetMode
                0x08003260       0x70 zephyr/drivers/pwm/libdrivers__pwm.a(pwm_stm32.c.obj)
 .text.LL_TIM_OC_SetPolarity
                0x080032d0       0x6c zephyr/drivers/pwm/libdrivers__pwm.a(pwm_stm32.c.obj)
 .text.LL_TIM_OC_SetIdleState
                0x0800333c       0x70 zephyr/drivers/pwm/libdrivers__pwm.a(pwm_stm32.c.obj)
 .text.LL_TIM_OC_EnablePreload
                0x080033ac       0x64 zephyr/drivers/pwm/libdrivers__pwm.a(pwm_stm32.c.obj)
 .text.pwm_stm32_set_cycles
                0x08003410      0x140 zephyr/drivers/pwm/libdrivers__pwm.a(pwm_stm32.c.obj)
 .text.pwm_stm32_init
                0x08003550      0x360 zephyr/drivers/pwm/libdrivers__pwm.a(pwm_stm32.c.obj)
 .text.LL_USART_SetBaudRate
                0x080038b0       0xcc zephyr/drivers/serial/libdrivers__serial.a(uart_stm32.c.obj)
 .text.uart_stm32_poll_in
                0x0800397c       0x10 zephyr/drivers/serial/libdrivers__serial.a(uart_stm32.c.obj)
 .text.uart_stm32_poll_out
                0x0800398c       0x10 zephyr/drivers/serial/libdrivers__serial.a(uart_stm32.c.obj)
 .text.uart_stm32_clocks_enable
                0x0800399c       0x30 zephyr/drivers/serial/libdrivers__serial.a(uart_stm32.c.obj)
 .text.uart_stm32_set_baudrate
                0x080039cc      0x17c zephyr/drivers/serial/libdrivers__serial.a(uart_stm32.c.obj)
 .text.uart_stm32_configure
                0x08003b48      0x130 zephyr/drivers/serial/libdrivers__serial.a(uart_stm32.c.obj)
 .text.uart_stm32_registers_configure
                0x08003c78       0x80 zephyr/drivers/serial/libdrivers__serial.a(uart_stm32.c.obj)
 .text.elapsed  0x08003cf8       0x48 zephyr/drivers/timer/libdrivers__timer.a(cortex_m_systick.c.obj)
 .text.sys_clock_driver_init
                0x08003d40       0x34 zephyr/drivers/timer/libdrivers__timer.a(cortex_m_systick.c.obj)
 .text.sys_clock_isr
                0x08003d74       0x68 zephyr/drivers/timer/libdrivers__timer.a(cortex_m_systick.c.obj)
                0x08003d74                sys_clock_isr
 .text.sys_clock_set_timeout
                0x08003ddc      0x124 zephyr/drivers/timer/libdrivers__timer.a(cortex_m_systick.c.obj)
                0x08003ddc                sys_clock_set_timeout
 .text.sys_clock_elapsed
                0x08003f00       0x40 zephyr/drivers/timer/libdrivers__timer.a(cortex_m_systick.c.obj)
                0x08003f00                sys_clock_elapsed
 .text.HAL_RCC_GetSysClockFreq
                0x08003f40       0xdc modules/hal_stm32/stm32cube/lib..__modules__hal__stm32__stm32cube.a(stm32f4xx_hal_rcc.c.obj)
                0x08003f40                HAL_RCC_GetSysClockFreq
 .text.LL_SetFlashLatency
                0x0800401c       0x98 modules/hal_stm32/stm32cube/lib..__modules__hal__stm32__stm32cube.a(stm32f4xx_ll_utils.c.obj)
                0x0800401c                LL_SetFlashLatency
 .text.reason_to_str
                0x080040b4       0x40 zephyr/kernel/libkernel.a(fatal.c.obj)
 .text.thread_name_get
                0x080040f4       0x20 zephyr/kernel/libkernel.a(fatal.c.obj)
 .text.k_sys_fatal_error_handler
                0x08004114       0x20 zephyr/kernel/libkernel.a(fatal.c.obj)
                0x08004114                k_sys_fatal_error_handler
 .text.z_fatal_error
                0x08004134      0x1f4 zephyr/kernel/libkernel.a(fatal.c.obj)
                0x08004134                z_fatal_error
 .text.init_idle_thread
                0x08004328       0x60 zephyr/kernel/libkernel.a(init.c.obj)
 .text.z_sys_init_run_level
                0x08004388       0x38 zephyr/kernel/libkernel.a(init.c.obj)
 .text.thread_schedule_new
                0x080043c0       0x1c zephyr/kernel/libkernel.a(init.c.obj)
 .text.z_init_static_threads
                0x080043dc       0x70 zephyr/kernel/libkernel.a(init.c.obj)
 .text.bg_thread_main
                0x0800444c       0x34 zephyr/kernel/libkernel.a(init.c.obj)
 .text.switch_to_main_thread
                0x08004480       0x14 zephyr/kernel/libkernel.a(init.c.obj)
 .text.z_init_cpu
                0x08004494       0x44 zephyr/kernel/libkernel.a(init.c.obj)
                0x08004494                z_init_cpu
 .text.prepare_multithreading
                0x080044d8       0x60 zephyr/kernel/libkernel.a(init.c.obj)
 .text.z_cstart
                0x08004538       0x7c zephyr/kernel/libkernel.a(init.c.obj)
                0x08004538                z_cstart
 .text.z_impl_k_sem_give
                0x080045b4       0x6c zephyr/kernel/libkernel.a(sem.c.obj)
                0x080045b4                z_impl_k_sem_give
 .text.z_impl_k_sem_take
                0x08004620       0x50 zephyr/kernel/libkernel.a(sem.c.obj)
                0x08004620                z_impl_k_sem_take
 .text.thread_schedule_new
                0x08004670       0x1c zephyr/kernel/libkernel.a(thread.c.obj)
 .text.z_impl_k_thread_name_set
                0x0800468c       0x24 zephyr/kernel/libkernel.a(thread.c.obj)
                0x0800468c                z_impl_k_thread_name_set
 .text.z_setup_new_thread
                0x080046b0       0xc4 zephyr/kernel/libkernel.a(thread.c.obj)
                0x080046b0                z_setup_new_thread
 .text.z_dummy_thread_init
                0x08004774       0x20 zephyr/kernel/libkernel.a(thread.c.obj)
                0x08004774                z_dummy_thread_init
 .text.z_swap_irqlock
                0x08004794       0x34 zephyr/kernel/libkernel.a(sched.c.obj)
 .text.reschedule
                0x080047c8       0x34 zephyr/kernel/libkernel.a(sched.c.obj)
 .text.ready_thread
                0x080047fc       0xb0 zephyr/kernel/libkernel.a(sched.c.obj)
 .text.unready_thread
                0x080048ac       0x68 zephyr/kernel/libkernel.a(sched.c.obj)
 .text.thread_halt_spin
                0x08004914      0x11c zephyr/kernel/libkernel.a(sched.c.obj)
 .text.add_thread_timeout
                0x08004a30       0x20 zephyr/kernel/libkernel.a(sched.c.obj)
 .text.move_current_to_end_of_prio_q
                0x08004a50       0x88 zephyr/kernel/libkernel.a(sched.c.obj)
                0x08004a50                move_current_to_end_of_prio_q
 .text.z_pend_curr
                0x08004ad8       0x38 zephyr/kernel/libkernel.a(sched.c.obj)
                0x08004ad8                z_pend_curr
 .text.k_sched_lock
                0x08004b10       0x30 zephyr/kernel/libkernel.a(sched.c.obj)
                0x08004b10                k_sched_lock
 .text.k_sched_unlock
                0x08004b40       0x64 zephyr/kernel/libkernel.a(sched.c.obj)
                0x08004b40                k_sched_unlock
 .text.z_sched_init
                0x08004ba4       0x10 zephyr/kernel/libkernel.a(sched.c.obj)
                0x08004ba4                z_sched_init
 .text.z_impl_k_yield
                0x08004bb4       0x9c zephyr/kernel/libkernel.a(sched.c.obj)
                0x08004bb4                z_impl_k_yield
 .text.z_tick_sleep
                0x08004c50       0x7c zephyr/kernel/libkernel.a(sched.c.obj)
 .text.z_impl_k_sleep
                0x08004ccc       0x78 zephyr/kernel/libkernel.a(sched.c.obj)
                0x08004ccc                z_impl_k_sleep
 .text.z_impl_k_wakeup
                0x08004d44       0x48 zephyr/kernel/libkernel.a(sched.c.obj)
                0x08004d44                z_impl_k_wakeup
 .text.z_impl_k_sched_current_thread_query
                0x08004d8c        0xc zephyr/kernel/libkernel.a(sched.c.obj)
                0x08004d8c                z_impl_k_sched_current_thread_query
 .text.z_thread_abort
                0x08004d98      0x16c zephyr/kernel/libkernel.a(sched.c.obj)
                0x08004d98                z_thread_abort
 .text.z_time_slice_size
                0x08004f04       0x44 zephyr/kernel/libkernel.a(timeslicing.c.obj)
 .text.slice_timeout
                0x08004f48       0x20 zephyr/kernel/libkernel.a(timeslicing.c.obj)
 .text.z_reset_time_slice
                0x08004f68       0x44 zephyr/kernel/libkernel.a(timeslicing.c.obj)
                0x08004f68                z_reset_time_slice
 .text.z_time_slice
                0x08004fac       0x70 zephyr/kernel/libkernel.a(timeslicing.c.obj)
                0x08004fac                z_time_slice
 .text.z_thread_monitor_exit
                0x0800501c       0x3c zephyr/kernel/libkernel.a(thread_monitor.c.obj)
                0x0800501c                z_thread_monitor_exit
 .text.first    0x08005058       0x14 zephyr/kernel/libkernel.a(timeout.c.obj)
 .text.next     0x0800506c       0x18 zephyr/kernel/libkernel.a(timeout.c.obj)
 .text.elapsed  0x08005084       0x18 zephyr/kernel/libkernel.a(timeout.c.obj)
 .text.z_add_timeout
                0x0800509c      0x134 zephyr/kernel/libkernel.a(timeout.c.obj)
                0x0800509c                z_add_timeout
 .text.sys_clock_announce_locked
                0x080051d0       0xc4 zephyr/kernel/libkernel.a(timeout.c.obj)
                0x080051d0                sys_clock_announce_locked
 .text.sys_clock_tick_get
                0x08005294       0x40 zephyr/kernel/libkernel.a(timeout.c.obj)
                0x08005294                sys_clock_tick_get
 .text.z_timer_expiration_handler
                0x080052d4      0x124 zephyr/kernel/libkernel.a(timer.c.obj)
                0x080052d4                z_timer_expiration_handler
 .text.z_impl_k_timer_start
                0x080053f8       0x74 zephyr/kernel/libkernel.a(timer.c.obj)
                0x080053f8                z_impl_k_timer_start
 .text.z_impl_k_timer_stop
                0x0800546c       0x6c zephyr/kernel/libkernel.a(timer.c.obj)
                0x0800546c                z_impl_k_timer_stop
 .text.boot_banner
                0x080054d8       0x10 zephyr/kernel/libkernel.a(banner.c.obj)
                0x080054d8                boot_banner
 .text.memset   0x080054e8       0xb0 C:/Users/razie/zephyr-sdk-1.0.1/gnu/arm-zephyr-eabi/bin/../lib/gcc/arm-zephyr-eabi/14.3.0/../../../../arm-zephyr-eabi/lib/thumb/v7e-m/nofp\libc.a(memset.c.o)
                0x080054e8                memset
 .text.strncpy  0x08005598       0x58 C:/Users/razie/zephyr-sdk-1.0.1/gnu/arm-zephyr-eabi/bin/../lib/gcc/arm-zephyr-eabi/14.3.0/../../../../arm-zephyr-eabi/lib/thumb/v7e-m/nofp\libc.a(libc_string_strncpy.c.o)
                0x08005598                strncpy
 .text.strnlen  0x080055f0       0x24 C:/Users/razie/zephyr-sdk-1.0.1/gnu/arm-zephyr-eabi/bin/../lib/gcc/arm-zephyr-eabi/14.3.0/../../../../arm-zephyr-eabi/lib/thumb/v7e-m/nofp\libc.a(libc_string_strnlen.c.o)
                0x080055f0                strnlen
 .text.printf   0x08005614       0x24 C:/Users/razie/zephyr-sdk-1.0.1/gnu/arm-zephyr-eabi/bin/../lib/gcc/arm-zephyr-eabi/14.3.0/../../../../arm-zephyr-eabi/lib/thumb/v7e-m/nofp\libc.a(libc_tinystdio_printf.c.o)
                0x08005614                printf
 .text.snprintf
                0x08005638       0x68 C:/Users/razie/zephyr-sdk-1.0.1/gnu/arm-zephyr-eabi/bin/../lib/gcc/arm-zephyr-eabi/14.3.0/../../../../arm-zephyr-eabi/lib/thumb/v7e-m/nofp\libc.a(libc_tinystdio_snprintf.c.o)
                0x08005638                snprintf
 .text.__ultoa_invert
                0x080056a0       0xfc C:/Users/razie/zephyr-sdk-1.0.1/gnu/arm-zephyr-eabi/bin/../lib/gcc/arm-zephyr-eabi/14.3.0/../../../../arm-zephyr-eabi/lib/thumb/v7e-m/nofp\libc.a(libc_tinystdio_vflprintf.c.o)
 .text.__l_vfprintf
                0x0800579c      0x9b4 C:/Users/razie/zephyr-sdk-1.0.1/gnu/arm-zephyr-eabi/bin/../lib/gcc/arm-zephyr-eabi/14.3.0/../../../../arm-zephyr-eabi/lib/thumb/v7e-m/nofp\libc.a(libc_tinystdio_vflprintf.c.o)
                0x0800579c                __l_vfprintf
 .text.__file_str_put
                0x08006150       0x10 C:/Users/razie/zephyr-sdk-1.0.1/gnu/arm-zephyr-eabi/bin/../lib/gcc/arm-zephyr-eabi/14.3.0/../../../../arm-zephyr-eabi/lib/thumb/v7e-m/nofp\libc.a(libc_tinystdio_filestrput.c.o)
                0x08006150                __file_str_put
 .text._OffsetAbsSyms
                0x08006160        0x2 zephyr/CMakeFiles/offsets.dir/./arch/arm/core/offsets/offsets.c.obj
                0x08006160                _OffsetAbsSyms
 .text.free_list_add_bidx
                0x08006162       0x4e zephyr/libzephyr.a(heap.c.obj)
 .text.free_list_add
                0x080061b0       0x18 zephyr/libzephyr.a(heap.c.obj)
 .text.sys_heap_init
                0x080061c8       0x8a zephyr/libzephyr.a(heap.c.obj)
                0x080061c8                sys_heap_init
 .text.cbprintf_via_va_list
                0x08006252        0xe zephyr/libzephyr.a(cbprintf_packaged.c.obj)
 .text.is_fmt_spec
                0x08006260        0xe zephyr/libzephyr.a(cbprintf_packaged.c.obj)
 .text.get_package_len
                0x0800626e       0x2a zephyr/libzephyr.a(cbprintf_packaged.c.obj)
 .text.append_string
                0x08006298       0x2c zephyr/libzephyr.a(cbprintf_packaged.c.obj)
 .text.cbpprintf_external
                0x080062c4       0x60 zephyr/libzephyr.a(cbprintf_packaged.c.obj)
                0x080062c4                cbpprintf_external
 .text.is_ptr   0x08006324       0x4e zephyr/libzephyr.a(cbprintf_packaged.c.obj)
                0x08006324                is_ptr
 .text.arch_printk_char_out
                0x08006372        0x4 zephyr/libzephyr.a(printk.c.obj)
                0x08006372                arch_printk_char_out
 .text.vprintk  0x08006376        0x8 zephyr/libzephyr.a(printk.c.obj)
                0x08006376                vprintk
 .text.printk   0x0800637e       0x1c zephyr/libzephyr.a(printk.c.obj)
                0x0800637e                printk
 .text.free_space
                0x0800639a       0x28 zephyr/libzephyr.a(mpsc_pbuf.c.obj)
 .text.available
                0x080063c2       0x24 zephyr/libzephyr.a(mpsc_pbuf.c.obj)
 .text.get_usage
                0x080063e6       0x24 zephyr/libzephyr.a(mpsc_pbuf.c.obj)
 .text.max_utilization_update
                0x0800640a       0x1e zephyr/libzephyr.a(mpsc_pbuf.c.obj)
 .text.rd_idx_inc
                0x08006428       0x26 zephyr/libzephyr.a(mpsc_pbuf.c.obj)
 .text.add_skip_item
                0x0800644e       0x66 zephyr/libzephyr.a(mpsc_pbuf.c.obj)
 .text.drop_item_locked
                0x080064b4      0x12e zephyr/libzephyr.a(mpsc_pbuf.c.obj)
 .text.post_drop_action
                0x080065e2       0x62 zephyr/libzephyr.a(mpsc_pbuf.c.obj)
 .text.mpsc_pbuf_init
                0x08006644       0x42 zephyr/libzephyr.a(mpsc_pbuf.c.obj)
                0x08006644                mpsc_pbuf_init
 .text.mpsc_pbuf_alloc
                0x08006686      0x134 zephyr/libzephyr.a(mpsc_pbuf.c.obj)
                0x08006686                mpsc_pbuf_alloc
 .text.mpsc_pbuf_commit
                0x080067ba       0x50 zephyr/libzephyr.a(mpsc_pbuf.c.obj)
                0x080067ba                mpsc_pbuf_commit
 .text.mpsc_pbuf_claim
                0x0800680a       0xe8 zephyr/libzephyr.a(mpsc_pbuf.c.obj)
                0x0800680a                mpsc_pbuf_claim
 .text.mpsc_pbuf_free
                0x080068f2       0x88 zephyr/libzephyr.a(mpsc_pbuf.c.obj)
                0x080068f2                mpsc_pbuf_free
 .text.mpsc_pbuf_is_pending
                0x0800697a       0x2c zephyr/libzephyr.a(mpsc_pbuf.c.obj)
                0x0800697a                mpsc_pbuf_is_pending
 .text._ConfigAbsSyms
                0x080069a6        0x2 zephyr/libzephyr.a(configs.c.obj)
                0x080069a6                _ConfigAbsSyms
 .text.pm_device_driver_init
                0x080069a8       0x24 zephyr/libzephyr.a(gpioport_mgr.c.obj)
 .text.LL_GPIO_SetPinSpeed
                0x080069cc       0x3a zephyr/libzephyr.a(gpioport_mgr.c.obj)
 .text.LL_GPIO_SetPinPull
                0x08006a06       0x3a zephyr/libzephyr.a(gpioport_mgr.c.obj)
 .text.ll_gpio_set_pin_pull
                0x08006a40        0x8 zephyr/libzephyr.a(gpioport_mgr.c.obj)
 .text.LL_GPIO_SetAFPin_0_7
                0x08006a48       0x3a zephyr/libzephyr.a(gpioport_mgr.c.obj)
 .text.LL_GPIO_SetAFPin_8_15
                0x08006a82       0x3c zephyr/libzephyr.a(gpioport_mgr.c.obj)
 .text.LL_GPIO_SetPinMode
                0x08006abe       0x3a zephyr/libzephyr.a(gpioport_mgr.c.obj)
 .text.stm32_gpioport_configure_pin
                0x08006af8       0x72 zephyr/libzephyr.a(gpioport_mgr.c.obj)
                0x08006af8                stm32_gpioport_configure_pin
 .text.log_msg_generic_get_wlen
                0x08006b6a       0x20 zephyr/libzephyr.a(log_core.c.obj)
 .text.log_backend_init
                0x08006b8a       0x14 zephyr/libzephyr.a(log_core.c.obj)
 .text.dummy_timestamp
                0x08006b9e        0x4 zephyr/libzephyr.a(log_core.c.obj)
 .text.msg_filter_check
                0x08006ba2        0x4 zephyr/libzephyr.a(log_core.c.obj)
 .text.k_msleep
                0x08006ba6       0x20 zephyr/libzephyr.a(log_core.c.obj)
 .text.msg_alloc
                0x08006bc6        0xc zephyr/libzephyr.a(log_core.c.obj)
 .text.msg_free
                0x08006bd2        0x8 zephyr/libzephyr.a(log_core.c.obj)
 .text.msg_pending
                0x08006bda        0x8 zephyr/libzephyr.a(log_core.c.obj)
 .text.z_log_vprintk
                0x08006be2       0x1e zephyr/libzephyr.a(log_core.c.obj)
                0x08006be2                z_log_vprintk
 .text.z_log_notify_drop
                0x08006c00        0xa zephyr/libzephyr.a(log_core.c.obj)
 .text.z_log_msg_claim
                0x08006c0a        0x8 zephyr/libzephyr.a(log_core.c.obj)
                0x08006c0a                z_log_msg_claim
 .text.msg_commit
                0x08006c12        0xc zephyr/libzephyr.a(log_core.c.obj)
 .text.z_log_get_tag
                0x08006c1e        0x4 zephyr/libzephyr.a(log_core.c.obj)
                0x08006c1e                z_log_get_tag
 .text.log_backend_enable
                0x08006c22       0x16 zephyr/libzephyr.a(log_mgmt.c.obj)
                0x08006c22                log_backend_enable
 .text.z_cbprintf_cpy
                0x08006c38       0x32 zephyr/libzephyr.a(log_msg.c.obj)
 .text.z_log_msg_finalize
                0x08006c6a       0x2e zephyr/libzephyr.a(log_msg.c.obj)
                0x08006c6a                z_log_msg_finalize
 .text.z_log_msg_simple_create
                0x08006c98       0x62 zephyr/libzephyr.a(log_msg.c.obj)
 .text.z_impl_z_log_msg_simple_create_0
                0x08006cfa       0x14 zephyr/libzephyr.a(log_msg.c.obj)
                0x08006cfa                z_impl_z_log_msg_simple_create_0
 .text.z_impl_z_log_msg_simple_create_1
                0x08006d0e       0x16 zephyr/libzephyr.a(log_msg.c.obj)
                0x08006d0e                z_impl_z_log_msg_simple_create_1
 .text.z_log_msg_static_create
                0x08006d24        0x8 zephyr/libzephyr.a(log_msg.c.obj)
 .text.log_output_flush
                0x08006d2c       0x2e zephyr/libzephyr.a(log_output.c.obj)
 .text.out_func
                0x08006d5a       0x38 zephyr/libzephyr.a(log_output.c.obj)
 .text.cr_out_func
                0x08006d92       0x1e zephyr/libzephyr.a(log_output.c.obj)
 .text.color_prefix
                0x08006db0        0xc zephyr/libzephyr.a(log_output.c.obj)
 .text.color_postfix
                0x08006dbc        0xc zephyr/libzephyr.a(log_output.c.obj)
 .text.postfix_print
                0x08006dc8       0x18 zephyr/libzephyr.a(log_output.c.obj)
 .text.log_msg_hexdump
                0x08006de0       0x36 zephyr/libzephyr.a(log_output.c.obj)
 .text.log_output_msg_process
                0x08006e16       0x68 zephyr/libzephyr.a(log_output.c.obj)
                0x08006e16                log_output_msg_process
 .text.log_output_flush
                0x08006e7e       0x2e zephyr/libzephyr.a(log_backend_uart.c.obj)
 .text.format_set
                0x08006eac        0xc zephyr/libzephyr.a(log_backend_uart.c.obj)
 .text.log_backend_uart_init
                0x08006eb8        0xc zephyr/libzephyr.a(log_backend_uart.c.obj)
 .text.panic    0x08006ec4       0x14 zephyr/libzephyr.a(log_backend_uart.c.obj)
 .text.dropped  0x08006ed8        0xe zephyr/libzephyr.a(log_backend_uart.c.obj)
 .text.process  0x08006ee6       0x1c zephyr/libzephyr.a(log_backend_uart.c.obj)
 .text.arch_early_memset
                0x08006f02        0x8 zephyr/arch/common/libarch__common.a(init.c.obj)
                0x08006f02                arch_early_memset
 .text.arch_early_memcpy
                0x08006f0a        0x8 zephyr/arch/common/libarch__common.a(init.c.obj)
                0x08006f0a                arch_early_memcpy
 .text.z_do_kernel_oops
                0x08006f12        0xc zephyr/arch/arch/arm/core/libarch__arm__core.a(fatal.c.obj)
                0x08006f12                z_do_kernel_oops
 .text.z_arm_nmi
                0x08006f1e        0xc zephyr/arch/arch/arm/core/libarch__arm__core.a(nmi.c.obj)
                0x08006f1e                z_arm_nmi
 .text.memory_fault_recoverable
                0x08006f2a        0x4 zephyr/arch/arch/arm/core/cortex_m/libarch__arm__core__cortex_m.a(fault.c.obj)
 .text.fault_handle
                0x08006f2e       0x4a zephyr/arch/arch/arm/core/cortex_m/libarch__arm__core__cortex_m.a(fault.c.obj)
 .text.arm_irq_enable
                0x08006f78        0xa zephyr/arch/arch/arm/core/cortex_m/libarch__arm__core__cortex_m.a(irq_manage.c.obj)
                0x08006f78                arm_irq_enable
 .text.arm_irq_priority_set
                0x08006f82        0xc zephyr/arch/arch/arm/core/cortex_m/libarch__arm__core__cortex_m.a(irq_manage.c.obj)
                0x08006f82                arm_irq_priority_set
 .text.z_irq_spurious
                0x08006f8e        0xc zephyr/arch/arch/arm/core/cortex_m/libarch__arm__core__cortex_m.a(irq_manage.c.obj)
                0x08006f8e                z_irq_spurious
 .text.z_check_thread_stack_fail
                0x08006f9a        0x8 zephyr/arch/arch/arm/core/cortex_m/libarch__arm__core__cortex_m.a(thread.c.obj)
                0x08006f9a                z_check_thread_stack_fail
 .text.arch_coprocessors_disable
                0x08006fa2        0x6 zephyr/arch/arch/arm/core/cortex_m/libarch__arm__core__cortex_m.a(thread.c.obj)
                0x08006fa2                arch_coprocessors_disable
 .text.arch_irq_unlock_outlined
                0x08006fa8        0xe zephyr/arch/arch/arm/core/cortex_m/libarch__arm__core__cortex_m.a(thread.c.obj)
                0x08006fa8                arch_irq_unlock_outlined
 .text.arch_cpu_idle
                0x08006fb6       0x1a zephyr/arch/arch/arm/core/cortex_m/libarch__arm__core__cortex_m.a(cpu_idle.c.obj)
                0x08006fb6                arch_cpu_idle
 .text.mpu_partition_is_valid
                0x08006fd0       0x22 zephyr/arch/arch/arm/core/mpu/libarch__arm__core__mpu.a(arm_mpu.c.obj)
 .text.mpu_configure_region
                0x08006ff2       0x3e zephyr/arch/arch/arm/core/mpu/libarch__arm__core__mpu.a(arm_mpu.c.obj)
 .text.mpu_configure_regions_from_dt
                0x08007030      0x1f6 zephyr/arch/arch/arm/core/mpu/libarch__arm__core__mpu.a(arm_mpu.c.obj)
 .text.arm_core_mpu_configure_static_mpu_regions
                0x08007226        0x8 zephyr/arch/arch/arm/core/mpu/libarch__arm__core__mpu.a(arm_mpu.c.obj)
                0x08007226                arm_core_mpu_configure_static_mpu_regions
 .text.arm_core_mpu_configure_dynamic_mpu_regions
                0x0800722e        0x8 zephyr/arch/arch/arm/core/mpu/libarch__arm__core__mpu.a(arm_mpu.c.obj)
                0x0800722e                arm_core_mpu_configure_dynamic_mpu_regions
 .text.cbputc   0x08007236        0xc zephyr/lib/libc/picolibc/liblib__libc__picolibc.a(cbprintf.c.obj)
 .text.picolibc_put
                0x08007242        0xa zephyr/lib/libc/picolibc/liblib__libc__picolibc.a(stdio.c.obj)
 .text.stm32_exti_init
                0x0800724c        0x8 zephyr/drivers/interrupt_controller/libdrivers__interrupt_controller.a(intc_exti_stm32.c.obj)
 .text.stm32_exti_gpio_intc_init
                0x08007254       0x92 zephyr/drivers/interrupt_controller/libdrivers__interrupt_controller.a(intc_gpio_stm32.c.obj)
 .text.stm32_gpio_intc_get_pin_irq_line
                0x080072e6        0xa zephyr/drivers/interrupt_controller/libdrivers__interrupt_controller.a(intc_gpio_stm32.c.obj)
                0x080072e6                stm32_gpio_intc_get_pin_irq_line
 .text.stm32_exti_set_line_src_port
                0x080072f0       0x1c zephyr/drivers/interrupt_controller/libdrivers__interrupt_controller.a(intc_gpio_stm32.c.obj)
                0x080072f0                stm32_exti_set_line_src_port
 .text.stm32_exti_get_line_src_port
                0x0800730c       0x1a zephyr/drivers/interrupt_controller/libdrivers__interrupt_controller.a(intc_gpio_stm32.c.obj)
                0x0800730c                stm32_exti_get_line_src_port
 .text.get_pll_div_frequency
                0x08007326        0xe zephyr/drivers/clock_control/libdrivers__clock_control.a(clock_stm32_ll_common.c.obj)
 .text.get_bus_clock
                0x08007334        0x6 zephyr/drivers/clock_control/libdrivers__clock_control.a(clock_stm32_ll_common.c.obj)
 .text.stm32_clock_control_on
                0x0800733a       0x44 zephyr/drivers/clock_control/libdrivers__clock_control.a(clock_stm32_ll_common.c.obj)
 .text.stm32_clock_control_off
                0x0800737e       0x2e zephyr/drivers/clock_control/libdrivers__clock_control.a(clock_stm32_ll_common.c.obj)
 .text.stm32_clock_control_configure
                0x080073ac       0x48 zephyr/drivers/clock_control/libdrivers__clock_control.a(clock_stm32_ll_common.c.obj)
 .text.stm32_clock_control_get_status
                0x080073f4       0x3a zephyr/drivers/clock_control/libdrivers__clock_control.a(clock_stm32_ll_common.c.obj)
 .text.config_regulator_voltage
                0x0800742e        0x2 zephyr/drivers/clock_control/libdrivers__clock_control.a(clock_stm32_ll_common.c.obj)
                0x0800742e                config_regulator_voltage
 .text.get_pll_source
                0x08007430        0x6 zephyr/drivers/clock_control/libdrivers__clock_control.a(clock_stm32f2_f4_f7.c.obj)
 .text.sys_slist_remove
                0x08007436       0x26 zephyr/drivers/gpio/libdrivers__gpio.a(gpio_stm32.c.obj)
 .text.sys_slist_find_and_remove
                0x0800745c       0x20 zephyr/drivers/gpio/libdrivers__gpio.a(gpio_stm32.c.obj)
 .text.gpio_manage_callback
                0x0800747c       0x3e zephyr/drivers/gpio/libdrivers__gpio.a(gpio_stm32.c.obj)
 .text.gpio_fire_callbacks
                0x080074ba       0x40 zephyr/drivers/gpio/libdrivers__gpio.a(gpio_stm32.c.obj)
 .text.gpio_stm32_isr
                0x080074fa        0xe zephyr/drivers/gpio/libdrivers__gpio.a(gpio_stm32.c.obj)
 .text.gpio_stm32_flags_to_conf
                0x08007508       0x82 zephyr/drivers/gpio/libdrivers__gpio.a(gpio_stm32.c.obj)
 .text.gpio_stm32_port_get_raw
                0x0800758a        0xc zephyr/drivers/gpio/libdrivers__gpio.a(gpio_stm32.c.obj)
 .text.gpio_stm32_port_set_masked_raw
                0x08007596       0x12 zephyr/drivers/gpio/libdrivers__gpio.a(gpio_stm32.c.obj)
 .text.gpio_stm32_port_set_bits_raw
                0x080075a8        0xa zephyr/drivers/gpio/libdrivers__gpio.a(gpio_stm32.c.obj)
 .text.gpio_stm32_port_clear_bits_raw
                0x080075b2        0xc zephyr/drivers/gpio/libdrivers__gpio.a(gpio_stm32.c.obj)
 .text.gpio_stm32_port_toggle_bits
                0x080075be        0xe zephyr/drivers/gpio/libdrivers__gpio.a(gpio_stm32.c.obj)
 .text.gpio_stm32_manage_callback
                0x080075cc        0xc zephyr/drivers/gpio/libdrivers__gpio.a(gpio_stm32.c.obj)
 .text.gpio_stm32_disable_pin_irqs
                0x080075d8       0x30 zephyr/drivers/gpio/libdrivers__gpio.a(gpio_stm32.c.obj)
 .text.gpio_stm32_config
                0x08007608       0x98 zephyr/drivers/gpio/libdrivers__gpio.a(gpio_stm32.c.obj)
 .text.pinctrl_lookup_state
                0x080076a0       0x32 zephyr/drivers/pinctrl/libdrivers__pinctrl.a(common.c.obj)
                0x080076a0                pinctrl_lookup_state
 .text.pinctrl_configure_pins
                0x080076d2       0x94 zephyr/drivers/pinctrl/libdrivers__pinctrl.a(pinctrl_stm32.c.obj)
                0x080076d2                pinctrl_configure_pins
 .text.LL_TIM_OC_SetCompareCH1
                0x08007766        0x4 zephyr/drivers/pwm/libdrivers__pwm.a(pwm_stm32.c.obj)
 .text.LL_TIM_OC_SetCompareCH2
                0x0800776a        0x4 zephyr/drivers/pwm/libdrivers__pwm.a(pwm_stm32.c.obj)
 .text.LL_TIM_OC_SetCompareCH3
                0x0800776e        0x4 zephyr/drivers/pwm/libdrivers__pwm.a(pwm_stm32.c.obj)
 .text.LL_TIM_OC_SetCompareCH4
                0x08007772        0x4 zephyr/drivers/pwm/libdrivers__pwm.a(pwm_stm32.c.obj)
 .text.reset_line_toggle
                0x08007776       0x12 zephyr/drivers/pwm/libdrivers__pwm.a(pwm_stm32.c.obj)
 .text.get_polarity
                0x08007788        0xe zephyr/drivers/pwm/libdrivers__pwm.a(pwm_stm32.c.obj)
 .text.ll_tim_set_trigger_output
                0x08007796        0xc zephyr/drivers/pwm/libdrivers__pwm.a(pwm_stm32.c.obj)
 .text.pwm_stm32_get_cycles_per_sec
                0x080077a2       0x16 zephyr/drivers/pwm/libdrivers__pwm.a(pwm_stm32.c.obj)
 .text.pinctrl_apply_state
                0x080077b8       0x20 zephyr/drivers/pwm/libdrivers__pwm.a(pwm_stm32.c.obj)
 .text.reset_stm32_status
                0x080077d8       0x22 zephyr/drivers/reset/libdrivers__reset.a(reset_stm32.c.obj)
 .text.reset_stm32_line_assert
                0x080077fa       0x1e zephyr/drivers/reset/libdrivers__reset.a(reset_stm32.c.obj)
 .text.reset_stm32_line_deassert
                0x08007818       0x20 zephyr/drivers/reset/libdrivers__reset.a(reset_stm32.c.obj)
 .text.reset_stm32_line_toggle
                0x08007838       0x16 zephyr/drivers/reset/libdrivers__reset.a(reset_stm32.c.obj)
 .text.reset_line_toggle
                0x0800784e       0x12 zephyr/drivers/serial/libdrivers__serial.a(uart_stm32.c.obj)
 .text.uart_stm32_config_get
                0x08007860       0x94 zephyr/drivers/serial/libdrivers__serial.a(uart_stm32.c.obj)
 .text.uart_stm32_poll_in_visitor
                0x080078f4       0x34 zephyr/drivers/serial/libdrivers__serial.a(uart_stm32.c.obj)
 .text.uart_stm32_poll_out_visitor
                0x08007928       0x3a zephyr/drivers/serial/libdrivers__serial.a(uart_stm32.c.obj)
 .text.poll_in_u8
                0x08007962        0x6 zephyr/drivers/serial/libdrivers__serial.a(uart_stm32.c.obj)
 .text.poll_out_u8
                0x08007968        0x6 zephyr/drivers/serial/libdrivers__serial.a(uart_stm32.c.obj)
 .text.uart_stm32_err_check
                0x0800796e       0x9a zephyr/drivers/serial/libdrivers__serial.a(uart_stm32.c.obj)
 .text.uart_stm32_parameters_set
                0x08007a08      0x122 zephyr/drivers/serial/libdrivers__serial.a(uart_stm32.c.obj)
 .text.pinctrl_apply_state
                0x08007b2a       0x20 zephyr/drivers/serial/libdrivers__serial.a(uart_stm32.c.obj)
 .text.uart_stm32_init
                0x08007b4a       0x28 zephyr/drivers/serial/libdrivers__serial.a(uart_stm32.c.obj)
 .text.sys_clock_announce
                0x08007b72       0x16 zephyr/drivers/timer/libdrivers__timer.a(cortex_m_systick.c.obj)
 .text.do_device_init
                0x08007b88       0x32 zephyr/kernel/libkernel.a(device.c.obj)
                0x08007b88                do_device_init
 .text.z_impl_device_is_ready
                0x08007bba       0x20 zephyr/kernel/libkernel.a(device.c.obj)
                0x08007bba                z_impl_device_is_ready
 .text.arch_system_halt
                0x08007bda       0x10 zephyr/kernel/libkernel.a(fatal.c.obj)
                0x08007bda                arch_system_halt
 .text.idle     0x08007bea       0x16 zephyr/kernel/libkernel.a(idle.c.obj)
                0x08007bea                idle
 .text.arch_spin_relax
                0x08007c00        0x4 zephyr/kernel/libkernel.a(idle.c.obj)
                0x08007c00                arch_spin_relax
 .text.z_impl_k_sem_init
                0x08007c04       0x1e zephyr/kernel/libkernel.a(sem.c.obj)
                0x08007c04                z_impl_k_sem_init
 .text.setup_thread_stack
                0x08007c22       0x4c zephyr/kernel/libkernel.a(thread.c.obj)
 .text.k_is_in_isr
                0x08007c6e        0xc zephyr/kernel/libkernel.a(thread.c.obj)
                0x08007c6e                k_is_in_isr
 .text.k_thread_name_get
                0x08007c7a        0x4 zephyr/kernel/libkernel.a(thread.c.obj)
                0x08007c7a                k_thread_name_get
 .text.z_init_thread_base
                0x08007c7e       0x16 zephyr/kernel/libkernel.a(thread.c.obj)
                0x08007c7e                z_init_thread_base
 .text.z_impl_k_thread_create
                0x08007c94       0x44 zephyr/kernel/libkernel.a(thread.c.obj)
                0x08007c94                z_impl_k_thread_create
 .text.thread_active_elsewhere
                0x08007cd8        0x4 zephyr/kernel/libkernel.a(sched.c.obj)
 .text.add_to_waitq_locked
                0x08007cdc       0x60 zephyr/kernel/libkernel.a(sched.c.obj)
 .text.unpend_all
                0x08007d3c       0x46 zephyr/kernel/libkernel.a(sched.c.obj)
 .text.pend_locked
                0x08007d82       0x18 zephyr/kernel/libkernel.a(sched.c.obj)
 .text.z_ready_thread
                0x08007d9a       0x36 zephyr/kernel/libkernel.a(sched.c.obj)
                0x08007d9a                z_ready_thread
 .text.z_unpend_thread_no_timeout
                0x08007dd0       0x40 zephyr/kernel/libkernel.a(sched.c.obj)
                0x08007dd0                z_unpend_thread_no_timeout
 .text.z_sched_wake_thread_locked
                0x08007e10       0x34 zephyr/kernel/libkernel.a(sched.c.obj)
                0x08007e10                z_sched_wake_thread_locked
 .text.z_thread_timeout
                0x08007e44       0x2e zephyr/kernel/libkernel.a(sched.c.obj)
                0x08007e44                z_thread_timeout
 .text.z_unpend1_no_timeout
                0x08007e72       0x4a zephyr/kernel/libkernel.a(sched.c.obj)
                0x08007e72                z_unpend1_no_timeout
 .text.z_reschedule
                0x08007ebc        0x8 zephyr/kernel/libkernel.a(sched.c.obj)
                0x08007ebc                z_reschedule
 .text.init_ready_q
                0x08007ec4        0x8 zephyr/kernel/libkernel.a(sched.c.obj)
                0x08007ec4                init_ready_q
 .text.remove_timeout
                0x08007ecc       0x2e zephyr/kernel/libkernel.a(timeout.c.obj)
 .text.next_timeout
                0x08007efa       0x36 zephyr/kernel/libkernel.a(timeout.c.obj)
 .text.z_abort_timeout
                0x08007f30       0x7e zephyr/kernel/libkernel.a(timeout.c.obj)
                0x08007f30                z_abort_timeout
 .text.sys_clock_tick_get_32
                0x08007fae        0x8 zephyr/kernel/libkernel.a(timeout.c.obj)
                0x08007fae                sys_clock_tick_get_32
 .text.z_impl_k_uptime_ticks
                0x08007fb6        0x8 zephyr/kernel/libkernel.a(timeout.c.obj)
                0x08007fb6                z_impl_k_uptime_ticks
 .text.k_timer_init
                0x08007fbe       0x18 zephyr/kernel/libkernel.a(timer.c.obj)
                0x08007fbe                k_timer_init
 *(SORT_BY_ALIGNMENT(.gnu.linkonce.t.*))
 *(SORT_BY_ALIGNMENT(.glue_7t))
 .glue_7t       0x08007fd6        0x0 linker stubs
 *(SORT_BY_ALIGNMENT(.glue_7))
 .glue_7        0x08007fd6        0x0 linker stubs
 *(SORT_BY_ALIGNMENT(.vfp11_veneer))
 .vfp11_veneer  0x08007fd6        0x0 linker stubs
 *(SORT_BY_ALIGNMENT(.v4_bx))
 .v4_bx         0x08007fd6        0x0 linker stubs
                0x08007fd8                        . = ALIGN (0x4)
 *fill*         0x08007fd6        0x2 
                0x08007fd8                        __text_region_end = .

.ARM.exidx      0x08007fd8        0x8
                0x08007fd8                        __exidx_start = .
 *(SORT_BY_ALIGNMENT(.ARM.exidx*) SORT_BY_ALIGNMENT(gnu.linkonce.armexidx.*))
 .ARM.exidx     0x08007fd8        0x8 C:/Users/razie/zephyr-sdk-1.0.1/gnu/arm-zephyr-eabi/bin/../lib/gcc/arm-zephyr-eabi/14.3.0/thumb/v7e-m/nofp\libgcc.a(_udivmoddi4.o)
                0x08007fe0                        __exidx_end = .
                0x08007fe0                        __rodata_region_start = .

initlevel       0x08007fe0       0xa0
                0x08007fe0                        __init_start = .
                0x08007fe0                        __init_EARLY_start = .
 *(SORT_BY_NAME(SORT_BY_ALIGNMENT(.z_init_EARLY_P_?_*)))
 *(SORT_BY_NAME(SORT_BY_ALIGNMENT(.z_init_EARLY_P_??_*)))
 *(SORT_BY_NAME(SORT_BY_ALIGNMENT(.z_init_EARLY_P_???_*)))
                0x08007fe0                        __init_PRE_KERNEL_1_start = .
 *(SORT_BY_NAME(SORT_BY_ALIGNMENT(.z_init_PRE_KERNEL_1_P_?_*)))
 .z_init_PRE_KERNEL_1_P_1_SUB_00009_
                0x08007fe0        0x8 zephyr/drivers/clock_control/libdrivers__clock_control.a(clock_stm32_ll_common.c.obj)
 .z_init_PRE_KERNEL_1_P_1_SUB_0_
                0x08007fe8        0x8 zephyr/libzephyr.a(soc_config.c.obj)
 *(SORT_BY_NAME(SORT_BY_ALIGNMENT(.z_init_PRE_KERNEL_1_P_??_*)))
 .z_init_PRE_KERNEL_1_P_35_SUB_00056_
                0x08007ff0        0x8 zephyr/drivers/reset/libdrivers__reset.a(reset_stm32.c.obj)
 .z_init_PRE_KERNEL_1_P_40_SUB_00042_
                0x08007ff8        0x8 zephyr/libzephyr.a(gpioport_mgr.c.obj)
 .z_init_PRE_KERNEL_1_P_40_SUB_00045_
                0x08008000        0x8 zephyr/libzephyr.a(gpioport_mgr.c.obj)
 .z_init_PRE_KERNEL_1_P_40_SUB_00051_
                0x08008008        0x8 zephyr/libzephyr.a(gpioport_mgr.c.obj)
 .z_init_PRE_KERNEL_1_P_40_SUB_00066_
                0x08008010        0x8 zephyr/drivers/interrupt_controller/libdrivers__interrupt_controller.a(intc_exti_stm32.c.obj)
 .z_init_PRE_KERNEL_1_P_40_SUB_00098_
                0x08008018        0x8 zephyr/libzephyr.a(gpioport_mgr.c.obj)
 .z_init_PRE_KERNEL_1_P_40_SUB_00099_
                0x08008020        0x8 zephyr/libzephyr.a(gpioport_mgr.c.obj)
 .z_init_PRE_KERNEL_1_P_40_SUB_00100_
                0x08008028        0x8 zephyr/libzephyr.a(gpioport_mgr.c.obj)
 .z_init_PRE_KERNEL_1_P_40_SUB_00101_
                0x08008030        0x8 zephyr/libzephyr.a(gpioport_mgr.c.obj)
 .z_init_PRE_KERNEL_1_P_40_SUB_00102_
                0x08008038        0x8 zephyr/libzephyr.a(gpioport_mgr.c.obj)
 .z_init_PRE_KERNEL_1_P_40_SUB_0_
                0x08008040        0x8 zephyr/drivers/interrupt_controller/libdrivers__interrupt_controller.a(intc_gpio_stm32.c.obj)
 .z_init_PRE_KERNEL_1_P_50_SUB_00070_
                0x08008048        0x8 zephyr/drivers/serial/libdrivers__serial.a(uart_stm32.c.obj)
 .z_init_PRE_KERNEL_1_P_50_SUB_00073_
                0x08008050        0x8 zephyr/drivers/serial/libdrivers__serial.a(uart_stm32.c.obj)
 .z_init_PRE_KERNEL_1_P_60_SUB_0_
                0x08008058        0x8 zephyr/drivers/console/libdrivers__console.a(uart_console.c.obj)
 *(SORT_BY_NAME(SORT_BY_ALIGNMENT(.z_init_PRE_KERNEL_1_P_???_*)))
                0x08008060                        __init_PRE_KERNEL_2_start = .
 *(SORT_BY_NAME(SORT_BY_ALIGNMENT(.z_init_PRE_KERNEL_2_P_?_*)))
 .z_init_PRE_KERNEL_2_P_0_SUB_0_
                0x08008060        0x8 zephyr/drivers/timer/libdrivers__timer.a(cortex_m_systick.c.obj)
 *(SORT_BY_NAME(SORT_BY_ALIGNMENT(.z_init_PRE_KERNEL_2_P_??_*)))
 *(SORT_BY_NAME(SORT_BY_ALIGNMENT(.z_init_PRE_KERNEL_2_P_???_*)))
                0x08008068                        __init_POST_KERNEL_start = .
 *(SORT_BY_NAME(SORT_BY_ALIGNMENT(.z_init_POST_KERNEL_P_?_*)))
 .z_init_POST_KERNEL_P_0_SUB_0_
                0x08008068        0x8 zephyr/libzephyr.a(log_core.c.obj)
 *(SORT_BY_NAME(SORT_BY_ALIGNMENT(.z_init_POST_KERNEL_P_??_*)))
 .z_init_POST_KERNEL_P_35_SUB_0_
                0x08008070        0x8 zephyr/lib/libc/common/liblib__libc__common.a(malloc.c.obj)
 .z_init_POST_KERNEL_P_50_SUB_00059_
                0x08008078        0x8 zephyr/drivers/pwm/libdrivers__pwm.a(pwm_stm32.c.obj)
 *(SORT_BY_NAME(SORT_BY_ALIGNMENT(.z_init_POST_KERNEL_P_???_*)))
                0x08008080                        __init_APPLICATION_start = .
 *(SORT_BY_NAME(SORT_BY_ALIGNMENT(.z_init_APPLICATION_P_?_*)))
 *(SORT_BY_NAME(SORT_BY_ALIGNMENT(.z_init_APPLICATION_P_??_*)))
 *(SORT_BY_NAME(SORT_BY_ALIGNMENT(.z_init_APPLICATION_P_???_*)))
                0x08008080                        __init_SMP_start = .
 *(SORT_BY_NAME(SORT_BY_ALIGNMENT(.z_init_SMP_P_?_*)))
 *(SORT_BY_NAME(SORT_BY_ALIGNMENT(.z_init_SMP_P_??_*)))
 *(SORT_BY_NAME(SORT_BY_ALIGNMENT(.z_init_SMP_P_???_*)))
                0x08008080                        __init_end = .

device_area     0x08008080      0x188
                0x08008080                        _device_list_start = .
 *(SORT_BY_NAME(SORT_BY_ALIGNMENT(._device.static.*_?_*)))
 ._device.static.1_1_
                0x08008080       0x1c zephyr/drivers/clock_control/libdrivers__clock_control.a(clock_stm32_ll_common.c.obj)
                0x08008080                __device_dts_ord_9
 *(SORT_BY_NAME(SORT_BY_ALIGNMENT(._device.static.*_??_*)))
 ._device.static.1_35_
                0x0800809c       0x1c zephyr/drivers/reset/libdrivers__reset.a(reset_stm32.c.obj)
                0x0800809c                __device_dts_ord_56
 ._device.static.1_40_
                0x080080b8       0xe0 zephyr/libzephyr.a(gpioport_mgr.c.obj)
                0x080080b8                __device_dts_ord_102
                0x080080d4                __device_dts_ord_101
                0x080080f0                __device_dts_ord_100
                0x0800810c                __device_dts_ord_99
                0x08008128                __device_dts_ord_98
                0x08008144                __device_dts_ord_42
                0x08008160                __device_dts_ord_51
                0x0800817c                __device_dts_ord_45
 ._device.static.1_40_
                0x08008198       0x1c zephyr/drivers/interrupt_controller/libdrivers__interrupt_controller.a(intc_exti_stm32.c.obj)
                0x08008198                __device_dts_ord_66
 ._device.static.1_50_
                0x080081b4       0x38 zephyr/drivers/serial/libdrivers__serial.a(uart_stm32.c.obj)
                0x080081b4                __device_dts_ord_70
                0x080081d0                __device_dts_ord_73
 ._device.static.3_50_
                0x080081ec       0x1c zephyr/drivers/pwm/libdrivers__pwm.a(pwm_stm32.c.obj)
                0x080081ec                __device_dts_ord_59
 *(SORT_BY_NAME(SORT_BY_ALIGNMENT(._device.static.*_???_*)))
 *(SORT_BY_NAME(SORT_BY_ALIGNMENT(._device.static.*_????_*)))
 *(SORT_BY_NAME(SORT_BY_ALIGNMENT(._device.static.*_?????_*)))
                0x08008208                        _device_list_end = .

sw_isr_table    0x08008208      0x250
                0x08008208                        . = ALIGN (0x4)
 *(SORT_BY_ALIGNMENT(.gnu.linkonce.sw_isr_table*))
 .gnu.linkonce.sw_isr_table
                0x08008208      0x250 zephyr/arch/common/libisr_tables.a(isr_tables.c.obj)
                0x08008208                _sw_isr_table

initlevel_error
 *(SORT_BY_NAME(SORT_BY_ALIGNMENT(.z_init_*)))
                0x00000001                        ASSERT ((SIZEOF (initlevel_error) == 0x0), Undefined initialization levels used.)

app_shmem_regions
                0x08008458        0x0
                0x08008458                        __app_shmem_regions_start = .
 *(SORT_BY_NAME(SORT_BY_ALIGNMENT(.app_regions.*)))
                0x08008458                        __app_shmem_regions_end = .

k_p4wq_initparam_area
                0x08008458        0x0
                0x08008458                        _k_p4wq_initparam_list_start = .
 *(SORT_BY_NAME(SORT_BY_ALIGNMENT(._k_p4wq_initparam.static.*)))
                0x08008458                        _k_p4wq_initparam_list_end = .

_static_thread_data_area
                0x08008458        0x0
                0x08008458                        __static_thread_data_list_start = .
 *(SORT_BY_NAME(SORT_BY_ALIGNMENT(.__static_thread_data.static.*)))
                0x08008458                        __static_thread_data_list_end = .

device_deps     0x08008458        0x0
                0x08008458                        __device_deps_start = .
 *(SORT_BY_NAME(SORT_BY_ALIGNMENT(.__device_deps_pass2*)))
                0x08008458                        __device_deps_end = .

gpio_driver_api_area
                0x08008458       0x24
                0x08008458                        _gpio_driver_api_list_start = .
 *(SORT_BY_NAME(SORT_BY_ALIGNMENT(._gpio_driver_api.static.*)))
 ._gpio_driver_api.static.gpio_stm32_driver_
                0x08008458       0x24 zephyr/drivers/gpio/libdrivers__gpio.a(gpio_stm32.c.obj)
                0x08008458                gpio_stm32_driver
                0x0800847c                        _gpio_driver_api_list_end = .

pwm_driver_api_area
                0x0800847c        0x8
                0x0800847c                        _pwm_driver_api_list_start = .
 *(SORT_BY_NAME(SORT_BY_ALIGNMENT(._pwm_driver_api.static.*)))
 ._pwm_driver_api.static.pwm_stm32_driver_api_
                0x0800847c        0x8 zephyr/drivers/pwm/libdrivers__pwm.a(pwm_stm32.c.obj)
                0x08008484                        _pwm_driver_api_list_end = .

reset_driver_api_area
                0x08008484       0x10
                0x08008484                        _reset_driver_api_list_start = .
 *(SORT_BY_NAME(SORT_BY_ALIGNMENT(._reset_driver_api.static.*)))
 ._reset_driver_api.static.reset_stm32_driver_api_
                0x08008484       0x10 zephyr/drivers/reset/libdrivers__reset.a(reset_stm32.c.obj)
                0x08008494                        _reset_driver_api_list_end = .

shared_irq_driver_api_area
                0x08008494        0x0
                0x08008494                        _shared_irq_driver_api_list_start = .
 *(SORT_BY_NAME(SORT_BY_ALIGNMENT(._shared_irq_driver_api.static.*)))
                0x08008494                        _shared_irq_driver_api_list_end = .

crypto_driver_api_area
                0x08008494        0x0
                0x08008494                        _crypto_driver_api_list_start = .
 *(SORT_BY_NAME(SORT_BY_ALIGNMENT(._crypto_driver_api.static.*)))
                0x08008494                        _crypto_driver_api_list_end = .

adc_driver_api_area
                0x08008494        0x0
                0x08008494                        _adc_driver_api_list_start = .
 *(SORT_BY_NAME(SORT_BY_ALIGNMENT(._adc_driver_api.static.*)))
                0x08008494                        _adc_driver_api_list_end = .

auxdisplay_driver_api_area
                0x08008494        0x0
                0x08008494                        _auxdisplay_driver_api_list_start = .
 *(SORT_BY_NAME(SORT_BY_ALIGNMENT(._auxdisplay_driver_api.static.*)))
                0x08008494                        _auxdisplay_driver_api_list_end = .

bbram_driver_api_area
                0x08008494        0x0
                0x08008494                        _bbram_driver_api_list_start = .
 *(SORT_BY_NAME(SORT_BY_ALIGNMENT(._bbram_driver_api.static.*)))
                0x08008494                        _bbram_driver_api_list_end = .

biometric_driver_api_area
                0x08008494        0x0
                0x08008494                        _biometric_driver_api_list_start = .
 *(SORT_BY_NAME(SORT_BY_ALIGNMENT(._biometric_driver_api.static.*)))
                0x08008494                        _biometric_driver_api_list_end = .

bt_hci_driver_api_area
                0x08008494        0x0
                0x08008494                        _bt_hci_driver_api_list_start = .
 *(SORT_BY_NAME(SORT_BY_ALIGNMENT(._bt_hci_driver_api.static.*)))
                0x08008494                        _bt_hci_driver_api_list_end = .

can_driver_api_area
                0x08008494        0x0
                0x08008494                        _can_driver_api_list_start = .
 *(SORT_BY_NAME(SORT_BY_ALIGNMENT(._can_driver_api.static.*)))
                0x08008494                        _can_driver_api_list_end = .

cellular_driver_api_area
                0x08008494        0x0
                0x08008494                        _cellular_driver_api_list_start = .
 *(SORT_BY_NAME(SORT_BY_ALIGNMENT(._cellular_driver_api.static.*)))
                0x08008494                        _cellular_driver_api_list_end = .

charger_driver_api_area
                0x08008494        0x0
                0x08008494                        _charger_driver_api_list_start = .
 *(SORT_BY_NAME(SORT_BY_ALIGNMENT(._charger_driver_api.static.*)))
                0x08008494                        _charger_driver_api_list_end = .

clock_control_driver_api_area
                0x08008494       0x1c
                0x08008494                        _clock_control_driver_api_list_start = .
 *(SORT_BY_NAME(SORT_BY_ALIGNMENT(._clock_control_driver_api.static.*)))
 ._clock_control_driver_api.static.stm32_clock_control_api_
                0x08008494       0x1c zephyr/drivers/clock_control/libdrivers__clock_control.a(clock_stm32_ll_common.c.obj)
                0x080084b0                        _clock_control_driver_api_list_end = .

comparator_driver_api_area
                0x080084b0        0x0
                0x080084b0                        _comparator_driver_api_list_start = .
 *(SORT_BY_NAME(SORT_BY_ALIGNMENT(._comparator_driver_api.static.*)))
                0x080084b0                        _comparator_driver_api_list_end = .

coredump_driver_api_area
                0x080084b0        0x0
                0x080084b0                        _coredump_driver_api_list_start = .
 *(SORT_BY_NAME(SORT_BY_ALIGNMENT(._coredump_driver_api.static.*)))
                0x080084b0                        _coredump_driver_api_list_end = .

counter_driver_api_area
                0x080084b0        0x0
                0x080084b0                        _counter_driver_api_list_start = .
 *(SORT_BY_NAME(SORT_BY_ALIGNMENT(._counter_driver_api.static.*)))
                0x080084b0                        _counter_driver_api_list_end = .

crc_driver_api_area
                0x080084b0        0x0
                0x080084b0                        _crc_driver_api_list_start = .
 *(SORT_BY_NAME(SORT_BY_ALIGNMENT(._crc_driver_api.static.*)))
                0x080084b0                        _crc_driver_api_list_end = .

dac_driver_api_area
                0x080084b0        0x0
                0x080084b0                        _dac_driver_api_list_start = .
 *(SORT_BY_NAME(SORT_BY_ALIGNMENT(._dac_driver_api.static.*)))
                0x080084b0                        _dac_driver_api_list_end = .

dai_driver_api_area
                0x080084b0        0x0
                0x080084b0                        _dai_driver_api_list_start = .
 *(SORT_BY_NAME(SORT_BY_ALIGNMENT(._dai_driver_api.static.*)))
                0x080084b0                        _dai_driver_api_list_end = .

display_driver_api_area
                0x080084b0        0x0
                0x080084b0                        _display_driver_api_list_start = .
 *(SORT_BY_NAME(SORT_BY_ALIGNMENT(._display_driver_api.static.*)))
                0x080084b0                        _display_driver_api_list_end = .

dma_driver_api_area
                0x080084b0        0x0
                0x080084b0                        _dma_driver_api_list_start = .
 *(SORT_BY_NAME(SORT_BY_ALIGNMENT(._dma_driver_api.static.*)))
                0x080084b0                        _dma_driver_api_list_end = .

edac_driver_api_area
                0x080084b0        0x0
                0x080084b0                        _edac_driver_api_list_start = .
 *(SORT_BY_NAME(SORT_BY_ALIGNMENT(._edac_driver_api.static.*)))
                0x080084b0                        _edac_driver_api_list_end = .

eeprom_driver_api_area
                0x080084b0        0x0
                0x080084b0                        _eeprom_driver_api_list_start = .
 *(SORT_BY_NAME(SORT_BY_ALIGNMENT(._eeprom_driver_api.static.*)))
                0x080084b0                        _eeprom_driver_api_list_end = .

emul_bbram_driver_api_area
                0x080084b0        0x0
                0x080084b0                        _emul_bbram_driver_api_list_start = .
 *(SORT_BY_NAME(SORT_BY_ALIGNMENT(._emul_bbram_driver_api.static.*)))
                0x080084b0                        _emul_bbram_driver_api_list_end = .

fuel_gauge_emul_driver_api_area
                0x080084b0        0x0
                0x080084b0                        _fuel_gauge_emul_driver_api_list_start = .
 *(SORT_BY_NAME(SORT_BY_ALIGNMENT(._fuel_gauge_emul_driver_api.static.*)))
                0x080084b0                        _fuel_gauge_emul_driver_api_list_end = .

emul_sensor_driver_api_area
                0x080084b0        0x0
                0x080084b0                        _emul_sensor_driver_api_list_start = .
 *(SORT_BY_NAME(SORT_BY_ALIGNMENT(._emul_sensor_driver_api.static.*)))
                0x080084b0                        _emul_sensor_driver_api_list_end = .

entropy_driver_api_area
                0x080084b0        0x0
                0x080084b0                        _entropy_driver_api_list_start = .
 *(SORT_BY_NAME(SORT_BY_ALIGNMENT(._entropy_driver_api.static.*)))
                0x080084b0                        _entropy_driver_api_list_end = .

espi_driver_api_area
                0x080084b0        0x0
                0x080084b0                        _espi_driver_api_list_start = .
 *(SORT_BY_NAME(SORT_BY_ALIGNMENT(._espi_driver_api.static.*)))
                0x080084b0                        _espi_driver_api_list_end = .

espi_saf_driver_api_area
                0x080084b0        0x0
                0x080084b0                        _espi_saf_driver_api_list_start = .
 *(SORT_BY_NAME(SORT_BY_ALIGNMENT(._espi_saf_driver_api.static.*)))
                0x080084b0                        _espi_saf_driver_api_list_end = .

flash_driver_api_area
                0x080084b0        0x0
                0x080084b0                        _flash_driver_api_list_start = .
 *(SORT_BY_NAME(SORT_BY_ALIGNMENT(._flash_driver_api.static.*)))
                0x080084b0                        _flash_driver_api_list_end = .

fpga_driver_api_area
                0x080084b0        0x0
                0x080084b0                        _fpga_driver_api_list_start = .
 *(SORT_BY_NAME(SORT_BY_ALIGNMENT(._fpga_driver_api.static.*)))
                0x080084b0                        _fpga_driver_api_list_end = .

fuel_gauge_driver_api_area
                0x080084b0        0x0
                0x080084b0                        _fuel_gauge_driver_api_list_start = .
 *(SORT_BY_NAME(SORT_BY_ALIGNMENT(._fuel_gauge_driver_api.static.*)))
                0x080084b0                        _fuel_gauge_driver_api_list_end = .

gnss_driver_api_area
                0x080084b0        0x0
                0x080084b0                        _gnss_driver_api_list_start = .
 *(SORT_BY_NAME(SORT_BY_ALIGNMENT(._gnss_driver_api.static.*)))
                0x080084b0                        _gnss_driver_api_list_end = .

haptics_driver_api_area
                0x080084b0        0x0
                0x080084b0                        _haptics_driver_api_list_start = .
 *(SORT_BY_NAME(SORT_BY_ALIGNMENT(._haptics_driver_api.static.*)))
                0x080084b0                        _haptics_driver_api_list_end = .

hwspinlock_driver_api_area
                0x080084b0        0x0
                0x080084b0                        _hwspinlock_driver_api_list_start = .
 *(SORT_BY_NAME(SORT_BY_ALIGNMENT(._hwspinlock_driver_api.static.*)))
                0x080084b0                        _hwspinlock_driver_api_list_end = .

i2c_driver_api_area
                0x080084b0        0x0
                0x080084b0                        _i2c_driver_api_list_start = .
 *(SORT_BY_NAME(SORT_BY_ALIGNMENT(._i2c_driver_api.static.*)))
                0x080084b0                        _i2c_driver_api_list_end = .

i2c_target_driver_api_area
                0x080084b0        0x0
                0x080084b0                        _i2c_target_driver_api_list_start = .
 *(SORT_BY_NAME(SORT_BY_ALIGNMENT(._i2c_target_driver_api.static.*)))
                0x080084b0                        _i2c_target_driver_api_list_end = .

i2s_driver_api_area
                0x080084b0        0x0
                0x080084b0                        _i2s_driver_api_list_start = .
 *(SORT_BY_NAME(SORT_BY_ALIGNMENT(._i2s_driver_api.static.*)))
                0x080084b0                        _i2s_driver_api_list_end = .

i3c_driver_api_area
                0x080084b0        0x0
                0x080084b0                        _i3c_driver_api_list_start = .
 *(SORT_BY_NAME(SORT_BY_ALIGNMENT(._i3c_driver_api.static.*)))
                0x080084b0                        _i3c_driver_api_list_end = .

ipm_driver_api_area
                0x080084b0        0x0
                0x080084b0                        _ipm_driver_api_list_start = .
 *(SORT_BY_NAME(SORT_BY_ALIGNMENT(._ipm_driver_api.static.*)))
                0x080084b0                        _ipm_driver_api_list_end = .

led_driver_api_area
                0x080084b0        0x0
                0x080084b0                        _led_driver_api_list_start = .
 *(SORT_BY_NAME(SORT_BY_ALIGNMENT(._led_driver_api.static.*)))
                0x080084b0                        _led_driver_api_list_end = .

led_strip_driver_api_area
                0x080084b0        0x0
                0x080084b0                        _led_strip_driver_api_list_start = .
 *(SORT_BY_NAME(SORT_BY_ALIGNMENT(._led_strip_driver_api.static.*)))
                0x080084b0                        _led_strip_driver_api_list_end = .

lora_driver_api_area
                0x080084b0        0x0
                0x080084b0                        _lora_driver_api_list_start = .
 *(SORT_BY_NAME(SORT_BY_ALIGNMENT(._lora_driver_api.static.*)))
                0x080084b0                        _lora_driver_api_list_end = .

mbox_driver_api_area
                0x080084b0        0x0
                0x080084b0                        _mbox_driver_api_list_start = .
 *(SORT_BY_NAME(SORT_BY_ALIGNMENT(._mbox_driver_api.static.*)))
                0x080084b0                        _mbox_driver_api_list_end = .

mdio_driver_api_area
                0x080084b0        0x0
                0x080084b0                        _mdio_driver_api_list_start = .
 *(SORT_BY_NAME(SORT_BY_ALIGNMENT(._mdio_driver_api.static.*)))
                0x080084b0                        _mdio_driver_api_list_end = .

mipi_dbi_driver_api_area
                0x080084b0        0x0
                0x080084b0                        _mipi_dbi_driver_api_list_start = .
 *(SORT_BY_NAME(SORT_BY_ALIGNMENT(._mipi_dbi_driver_api.static.*)))
                0x080084b0                        _mipi_dbi_driver_api_list_end = .

mipi_dsi_driver_api_area
                0x080084b0        0x0
                0x080084b0                        _mipi_dsi_driver_api_list_start = .
 *(SORT_BY_NAME(SORT_BY_ALIGNMENT(._mipi_dsi_driver_api.static.*)))
                0x080084b0                        _mipi_dsi_driver_api_list_end = .

mspi_driver_api_area
                0x080084b0        0x0
                0x080084b0                        _mspi_driver_api_list_start = .
 *(SORT_BY_NAME(SORT_BY_ALIGNMENT(._mspi_driver_api.static.*)))
                0x080084b0                        _mspi_driver_api_list_end = .

opamp_driver_api_area
                0x080084b0        0x0
                0x080084b0                        _opamp_driver_api_list_start = .
 *(SORT_BY_NAME(SORT_BY_ALIGNMENT(._opamp_driver_api.static.*)))
                0x080084b0                        _opamp_driver_api_list_end = .

otp_driver_api_area
                0x080084b0        0x0
                0x080084b0                        _otp_driver_api_list_start = .
 *(SORT_BY_NAME(SORT_BY_ALIGNMENT(._otp_driver_api.static.*)))
                0x080084b0                        _otp_driver_api_list_end = .

peci_driver_api_area
                0x080084b0        0x0
                0x080084b0                        _peci_driver_api_list_start = .
 *(SORT_BY_NAME(SORT_BY_ALIGNMENT(._peci_driver_api.static.*)))
                0x080084b0                        _peci_driver_api_list_end = .

ps2_driver_api_area
                0x080084b0        0x0
                0x080084b0                        _ps2_driver_api_list_start = .
 *(SORT_BY_NAME(SORT_BY_ALIGNMENT(._ps2_driver_api.static.*)))
                0x080084b0                        _ps2_driver_api_list_end = .

ptp_clock_driver_api_area
                0x080084b0        0x0
                0x080084b0                        _ptp_clock_driver_api_list_start = .
 *(SORT_BY_NAME(SORT_BY_ALIGNMENT(._ptp_clock_driver_api.static.*)))
                0x080084b0                        _ptp_clock_driver_api_list_end = .

regulator_parent_driver_api_area
                0x080084b0        0x0
                0x080084b0                        _regulator_parent_driver_api_list_start = .
 *(SORT_BY_NAME(SORT_BY_ALIGNMENT(._regulator_parent_driver_api.static.*)))
                0x080084b0                        _regulator_parent_driver_api_list_end = .

regulator_driver_api_area
                0x080084b0        0x0
                0x080084b0                        _regulator_driver_api_list_start = .
 *(SORT_BY_NAME(SORT_BY_ALIGNMENT(._regulator_driver_api.static.*)))
                0x080084b0                        _regulator_driver_api_list_end = .

retained_mem_driver_api_area
                0x080084b0        0x0
                0x080084b0                        _retained_mem_driver_api_list_start = .
 *(SORT_BY_NAME(SORT_BY_ALIGNMENT(._retained_mem_driver_api.static.*)))
                0x080084b0                        _retained_mem_driver_api_list_end = .

rtc_driver_api_area
                0x080084b0        0x0
                0x080084b0                        _rtc_driver_api_list_start = .
 *(SORT_BY_NAME(SORT_BY_ALIGNMENT(._rtc_driver_api.static.*)))
                0x080084b0                        _rtc_driver_api_list_end = .

sdhc_driver_api_area
                0x080084b0        0x0
                0x080084b0                        _sdhc_driver_api_list_start = .
 *(SORT_BY_NAME(SORT_BY_ALIGNMENT(._sdhc_driver_api.static.*)))
                0x080084b0                        _sdhc_driver_api_list_end = .

sensor_driver_api_area
                0x080084b0        0x0
                0x080084b0                        _sensor_driver_api_list_start = .
 *(SORT_BY_NAME(SORT_BY_ALIGNMENT(._sensor_driver_api.static.*)))
                0x080084b0                        _sensor_driver_api_list_end = .

smbus_driver_api_area
                0x080084b0        0x0
                0x080084b0                        _smbus_driver_api_list_start = .
 *(SORT_BY_NAME(SORT_BY_ALIGNMENT(._smbus_driver_api.static.*)))
                0x080084b0                        _smbus_driver_api_list_end = .

spi_driver_api_area
                0x080084b0        0x0
                0x080084b0                        _spi_driver_api_list_start = .
 *(SORT_BY_NAME(SORT_BY_ALIGNMENT(._spi_driver_api.static.*)))
                0x080084b0                        _spi_driver_api_list_end = .

syscon_driver_api_area
                0x080084b0        0x0
                0x080084b0                        _syscon_driver_api_list_start = .
 *(SORT_BY_NAME(SORT_BY_ALIGNMENT(._syscon_driver_api.static.*)))
                0x080084b0                        _syscon_driver_api_list_end = .

tee_driver_api_area
                0x080084b0        0x0
                0x080084b0                        _tee_driver_api_list_start = .
 *(SORT_BY_NAME(SORT_BY_ALIGNMENT(._tee_driver_api.static.*)))
                0x080084b0                        _tee_driver_api_list_end = .

uaol_driver_api_area
                0x080084b0        0x0
                0x080084b0                        _uaol_driver_api_list_start = .
 *(SORT_BY_NAME(SORT_BY_ALIGNMENT(._uaol_driver_api.static.*)))
                0x080084b0                        _uaol_driver_api_list_end = .

video_driver_api_area
                0x080084b0        0x0
                0x080084b0                        _video_driver_api_list_start = .
 *(SORT_BY_NAME(SORT_BY_ALIGNMENT(._video_driver_api.static.*)))
                0x080084b0                        _video_driver_api_list_end = .

virtio_driver_api_area
                0x080084b0        0x0
                0x080084b0                        _virtio_driver_api_list_start = .
 *(SORT_BY_NAME(SORT_BY_ALIGNMENT(._virtio_driver_api.static.*)))
                0x080084b0                        _virtio_driver_api_list_end = .

w1_driver_api_area
                0x080084b0        0x0
                0x080084b0                        _w1_driver_api_list_start = .
 *(SORT_BY_NAME(SORT_BY_ALIGNMENT(._w1_driver_api.static.*)))
                0x080084b0                        _w1_driver_api_list_end = .

wdt_driver_api_area
                0x080084b0        0x0
                0x080084b0                        _wdt_driver_api_list_start = .
 *(SORT_BY_NAME(SORT_BY_ALIGNMENT(._wdt_driver_api.static.*)))
                0x080084b0                        _wdt_driver_api_list_end = .

wuc_driver_api_area
                0x080084b0        0x0
                0x080084b0                        _wuc_driver_api_list_start = .
 *(SORT_BY_NAME(SORT_BY_ALIGNMENT(._wuc_driver_api.static.*)))
                0x080084b0                        _wuc_driver_api_list_end = .

can_transceiver_driver_api_area
                0x080084b0        0x0
                0x080084b0                        _can_transceiver_driver_api_list_start = .
 *(SORT_BY_NAME(SORT_BY_ALIGNMENT(._can_transceiver_driver_api.static.*)))
                0x080084b0                        _can_transceiver_driver_api_list_end = .

nrf_clock_control_driver_api_area
                0x080084b0        0x0
                0x080084b0                        _nrf_clock_control_driver_api_list_start = .
 *(SORT_BY_NAME(SORT_BY_ALIGNMENT(._nrf_clock_control_driver_api.static.*)))
                0x080084b0                        _nrf_clock_control_driver_api_list_end = .

i3c_target_driver_api_area
                0x080084b0        0x0
                0x080084b0                        _i3c_target_driver_api_list_start = .
 *(SORT_BY_NAME(SORT_BY_ALIGNMENT(._i3c_target_driver_api.static.*)))
                0x080084b0                        _i3c_target_driver_api_list_end = .

its_driver_api_area
                0x080084b0        0x0
                0x080084b0                        _its_driver_api_list_start = .
 *(SORT_BY_NAME(SORT_BY_ALIGNMENT(._its_driver_api.static.*)))
                0x080084b0                        _its_driver_api_list_end = .

vtd_driver_api_area
                0x080084b0        0x0
                0x080084b0                        _vtd_driver_api_list_start = .
 *(SORT_BY_NAME(SORT_BY_ALIGNMENT(._vtd_driver_api.static.*)))
                0x080084b0                        _vtd_driver_api_list_end = .

renesas_elc_driver_api_area
                0x080084b0        0x0
                0x080084b0                        _renesas_elc_driver_api_list_start = .
 *(SORT_BY_NAME(SORT_BY_ALIGNMENT(._renesas_elc_driver_api.static.*)))
                0x080084b0                        _renesas_elc_driver_api_list_end = .

tgpio_driver_api_area
                0x080084b0        0x0
                0x080084b0                        _tgpio_driver_api_list_start = .
 *(SORT_BY_NAME(SORT_BY_ALIGNMENT(._tgpio_driver_api.static.*)))
                0x080084b0                        _tgpio_driver_api_list_end = .

pcie_ctrl_driver_api_area
                0x080084b0        0x0
                0x080084b0                        _pcie_ctrl_driver_api_list_start = .
 *(SORT_BY_NAME(SORT_BY_ALIGNMENT(._pcie_ctrl_driver_api.static.*)))
                0x080084b0                        _pcie_ctrl_driver_api_list_end = .

pcie_ep_driver_api_area
                0x080084b0        0x0
                0x080084b0                        _pcie_ep_driver_api_list_start = .
 *(SORT_BY_NAME(SORT_BY_ALIGNMENT(._pcie_ep_driver_api.static.*)))
                0x080084b0                        _pcie_ep_driver_api_list_end = .

psi5_driver_api_area
                0x080084b0        0x0