C:/zephyr/zephyrproject/deps/zephyr/include/zephyr/drivers/gpio.h:998:19:z_impl_gpio_pin_configure	16	static
C:/zephyr/zephyrproject/deps/zephyr/include/zephyr/drivers/gpio.h:1066:19:gpio_pin_configure_dt	8	static
C:/zephyr/zephyrproject/deps/zephyr/include/zephyr/drivers/gpio.h:1650:19:gpio_pin_set_raw	8	static
C:/zephyr/zephyrproject/deps/zephyr/include/zephyr/drivers/gpio.h:1690:19:gpio_pin_set	8	static
C:/zephyr/zephyrproject/applications/Puerta_paso_a_paso/build/primary/zephyr/include/generated/zephyr/syscalls/pwm.h:26:19:pwm_set_cycles	24	static
C:/zephyr/zephyrproject/deps/zephyr/include/zephyr/drivers/pwm.h:669:19:pwm_set	56	static
C:/zephyr/zephyrproject/deps/zephyr/include/zephyr/drivers/pwm.h:715:19:pwm_set_dt	16	static
C:/zephyr/zephyrproject/deps/zephyr/include/zephyr/drivers/pwm.h:736:19:pwm_set_pulse_dt	16	static
C:/zephyr/zephyrproject/deps/zephyr/include/zephyr/kernel.h:702:23:k_msleep	8	static
C:/zephyr/zephyrproject/applications/Puerta_paso_a_paso/src/main.c:130:6:leer_vol	88	dynamic,bounded
C:/zephyr/zephyrproject/applications/Puerta_paso_a_paso/src/main.c:158:6:funcion_adc	24	static
C:/zephyr/zephyrproject/applications/Puerta_paso_a_paso/src/main.c:169:6:suma_adc	16	static
C:/zephyr/zephyrproject/applications/Puerta_paso_a_paso/src/main.c:219:6:antir	16	static
C:/zephyr/zephyrproject/applications/Puerta_paso_a_paso/src/main.c:342:6:servomotor	16	static
C:/zephyr/zephyrproject/applications/Puerta_paso_a_paso/src/main.c:355:6:pasoapas	152	static
C:/zephyr/zephyrproject/applications/Puerta_paso_a_paso/src/main.c:185:6:promedio_adc	16	static
C:/zephyr/zephyrproject/applications/Puerta_paso_a_paso/src/main.c:230:6:menu	16	static
C:/zephyr/zephyrproject/applications/Puerta_paso_a_paso/src/main.c:199:6:lecbot	24	static
C:/zephyr/zephyrproject/applications/Puerta_paso_a_paso/src/main.c:243:6:numero_mostrar	40	static
C:/zephyr/zephyrproject/applications/Puerta_paso_a_paso/src/main.c:259:6:claverec	24	static
C:/zephyr/zephyrproject/applications/Puerta_paso_a_paso/src/main.c:98:6:pasfal	8	static
C:/zephyr/zephyrproject/applications/Puerta_paso_a_paso/src/main.c:295:6:failpass	24	static
C:/zephyr/zephyrproject/applications/Puerta_paso_a_paso/src/main.c:113:6:opco	8	static
C:/zephyr/zephyrproject/applications/Puerta_paso_a_paso/src/main.c:276:6:openclose	24	static
C:/zephyr/zephyrproject/applications/Puerta_paso_a_paso/src/main.c:308:6:reproducir_nota	24	static
C:/zephyr/zephyrproject/applications/Puerta_paso_a_paso/src/main.c:330:6:megalo	8	static
