C:/zephyr/zephyrproject/deps/zephyr/include/zephyr/drivers/gpio.h:998:19:z_impl_gpio_pin_configure	16	static
C:/zephyr/zephyrproject/deps/zephyr/include/zephyr/drivers/gpio.h:1066:19:gpio_pin_configure_dt	8	static
C:/zephyr/zephyrproject/deps/zephyr/include/zephyr/drivers/gpio.h:1314:19:gpio_port_get	16	static
C:/zephyr/zephyrproject/deps/zephyr/include/zephyr/drivers/gpio.h:1602:19:gpio_pin_get	16	static
C:/zephyr/zephyrproject/deps/zephyr/include/zephyr/drivers/gpio.h:1650:19:gpio_pin_set_raw	8	static
C:/zephyr/zephyrproject/deps/zephyr/include/zephyr/drivers/gpio.h:1690:19:gpio_pin_set	8	static
C:/zephyr/zephyrproject/applications/Puerta_paso_a_paso/src/tm1638.c:68:13:send_byte	16	static
C:/zephyr/zephyrproject/applications/Puerta_paso_a_paso/src/tm1638.c:100:13:write_at	16	static
C:/zephyr/zephyrproject/applications/Puerta_paso_a_paso/src/tm1638.c:81:16:recv_byte	16	static
C:/zephyr/zephyrproject/applications/Puerta_paso_a_paso/src/tm1638.c:127:16:scan_keys_raw	16	static
C:/zephyr/zephyrproject/applications/Puerta_paso_a_paso/src/tm1638.c:188:5:tm1638_set_brightness	16	static
C:/zephyr/zephyrproject/applications/Puerta_paso_a_paso/src/tm1638.c:203:5:tm1638_set_digit	8	static
C:/zephyr/zephyrproject/applications/Puerta_paso_a_paso/src/tm1638.c:246:5:tm1638_clear	8	static
C:/zephyr/zephyrproject/applications/Puerta_paso_a_paso/src/tm1638.c:158:5:tm1638_init	32	static
C:/zephyr/zephyrproject/applications/Puerta_paso_a_paso/src/tm1638.c:257:5:tm1638_clear_digits	8	static
C:/zephyr/zephyrproject/applications/Puerta_paso_a_paso/src/tm1638.c:216:5:tm1638_display	16	static
C:/zephyr/zephyrproject/applications/Puerta_paso_a_paso/src/tm1638.c:268:5:tm1638_clear_leds	8	static
C:/zephyr/zephyrproject/applications/Puerta_paso_a_paso/src/tm1638.c:279:5:tm1638_set_led	8	static
C:/zephyr/zephyrproject/applications/Puerta_paso_a_paso/src/tm1638.c:295:5:tm1638_get_button	8	static
C:/zephyr/zephyrproject/applications/Puerta_paso_a_paso/src/tm1638.c:331:5:tm1638_set_number	8	static
