Archive member included to satisfy reference by file (symbol)

app/libapp.a(main.c.obj)      (--whole-archive)
app/libapp.a(tm1638.c.obj)    (--whole-archive)
zephyr/libzephyr.a(validate_libc.c.obj)
                              (--whole-archive)
zephyr/libzephyr.a(heap.c.obj)
                              (--whole-archive)
zephyr/libzephyr.a(cbprintf_packaged.c.obj)
                              (--whole-archive)
zephyr/libzephyr.a(clock.c.obj)
                              (--whole-archive)
zephyr/libzephyr.a(printk.c.obj)
                              (--whole-archive)
zephyr/libzephyr.a(sem.c.obj)
                              (--whole-archive)
zephyr/libzephyr.a(thread_entry.c.obj)
                              (--whole-archive)
zephyr/libzephyr.a(cbprintf_complete.c.obj)
                              (--whole-archive)
zephyr/libzephyr.a(assert.c.obj)
                              (--whole-archive)
zephyr/libzephyr.a(mpsc_pbuf.c.obj)
                              (--whole-archive)
zephyr/libzephyr.a(dec.c.obj)
                              (--whole-archive)
zephyr/libzephyr.a(hex.c.obj)
                              (--whole-archive)
zephyr/libzephyr.a(rb.c.obj)  (--whole-archive)
zephyr/libzephyr.a(set.c.obj)
                              (--whole-archive)
zephyr/libzephyr.a(timeutil.c.obj)
                              (--whole-archive)
zephyr/libzephyr.a(bitarray.c.obj)
                              (--whole-archive)
zephyr/libzephyr.a(bitmask.c.obj)
                              (--whole-archive)
zephyr/libzephyr.a(getopt.c.obj)
                              (--whole-archive)
zephyr/libzephyr.a(getopt_common.c.obj)
                              (--whole-archive)
zephyr/libzephyr.a(ring_buffer.c.obj)
                              (--whole-archive)
zephyr/libzephyr.a(last_section_id.c.obj)
                              (--whole-archive)
zephyr/libzephyr.a(configs.c.obj)
                              (--whole-archive)
zephyr/libzephyr.a(stm32cube_hal.c.obj)
                              (--whole-archive)
zephyr/libzephyr.a(soc_config.c.obj)
                              (--whole-archive)
zephyr/libzephyr.a(gpioport_mgr.c.obj)
                              (--whole-archive)
zephyr/libzephyr.a(stm32_backup_domain.c.obj)
                              (--whole-archive)
zephyr/libzephyr.a(soc.c.obj)
                              (--whole-archive)
zephyr/libzephyr.a(thread_info.c.obj)
                              (--whole-archive)
zephyr/libzephyr.a(log_core.c.obj)
                              (--whole-archive)
zephyr/libzephyr.a(log_mgmt.c.obj)
                              (--whole-archive)
zephyr/libzephyr.a(log_cache.c.obj)
                              (--whole-archive)
zephyr/libzephyr.a(log_msg.c.obj)
                              (--whole-archive)
zephyr/libzephyr.a(log_output.c.obj)
                              (--whole-archive)
zephyr/libzephyr.a(log_backend_uart.c.obj)
                              (--whole-archive)
zephyr/libzephyr.a(mem_attr.c.obj)
                              (--whole-archive)
zephyr/libzephyr.a(tracing_none.c.obj)
                              (--whole-archive)
zephyr/arch/common/libarch__common.a(sw_isr_common.c.obj)
                              (--whole-archive)
zephyr/arch/common/libarch__common.a(init.c.obj)
                              (--whole-archive)
zephyr/arch/common/libarch__common.a(xip.c.obj)
                              (--whole-archive)
zephyr/arch/arch/arm/core/libarch__arm__core.a(fatal.c.obj)
                              (--whole-archive)
zephyr/arch/arch/arm/core/libarch__arm__core.a(nmi.c.obj)
                              (--whole-archive)
zephyr/arch/arch/arm/core/libarch__arm__core.a(nmi_on_reset.S.obj)
                              (--whole-archive)
zephyr/arch/arch/arm/core/libarch__arm__core.a(tls.c.obj)
                              (--whole-archive)
zephyr/arch/arch/arm/core/cortex_m/libarch__arm__core__cortex_m.a(fault.c.obj)
                              (--whole-archive)
zephyr/arch/arch/arm/core/cortex_m/libarch__arm__core__cortex_m.a(fault_s.S.obj)
                              (--whole-archive)
zephyr/arch/arch/arm/core/cortex_m/libarch__arm__core__cortex_m.a(fpu.c.obj)
                              (--whole-archive)
zephyr/arch/arch/arm/core/cortex_m/libarch__arm__core__cortex_m.a(reset.S.obj)
                              (--whole-archive)
zephyr/arch/arch/arm/core/cortex_m/libarch__arm__core__cortex_m.a(scb.c.obj)
                              (--whole-archive)
zephyr/arch/arch/arm/core/cortex_m/libarch__arm__core__cortex_m.a(vector_table.S.obj)
                              (--whole-archive)
zephyr/arch/arch/arm/core/cortex_m/libarch__arm__core__cortex_m.a(svc.S.obj)
                              (--whole-archive)
zephyr/arch/arch/arm/core/cortex_m/libarch__arm__core__cortex_m.a(irq_manage.c.obj)
                              (--whole-archive)
zephyr/arch/arch/arm/core/cortex_m/libarch__arm__core__cortex_m.a(prep_c.c.obj)
[...]
Memory Configuration

Name             Origin             Length             Attributes
FLASH            0x08000000         0x00080000         xr
RAM              0x20000000         0x00018000         xw
SRAM0            0x20000000         0x00018000         rw
IDT_LIST         0xffff7fff         0x00008000         xw
*default*        0x00000000         0xffffffff

Linker script and memory map

                0x08007774                        vfprintf = __l_vfprintf
                0x00000000                        vfscanf = __l_vfscanf
LOAD zephyr/CMakeFiles/zephyr_final.dir/misc/empty_file.c.obj
LOAD zephyr/CMakeFiles/zephyr_final.dir/isr_tables.c.obj
LOAD zephyr/CMakeFiles/offsets.dir/./arch/arm/core/offsets/offsets.c.obj
LOAD app/libapp.a
LOAD zephyr/libzephyr.a
LOAD zephyr/arch/common/libarch__common.a
LOAD zephyr/arch/arch/arm/core/libarch__arm__core.a
LOAD zephyr/arch/arch/arm/core/cortex_m/libarch__arm__core__cortex_m.a
LOAD zephyr/arch/arch/arm/core/mpu/libarch__arm__core__mpu.a
LOAD zephyr/lib/libc/picolibc/liblib__libc__picolibc.a
LOAD zephyr/lib/libc/common/liblib__libc__common.a
LOAD zephyr/lib/posix/c_lib_ext/liblib__posix__c_lib_ext.a
LOAD zephyr/drivers/interrupt_controller/libdrivers__interrupt_controller.a
LOAD zephyr/drivers/adc/libdrivers__adc.a
LOAD zephyr/drivers/clock_control/libdrivers__clock_control.a
LOAD zephyr/drivers/console/libdrivers__console.a
LOAD zephyr/drivers/gpio/libdrivers__gpio.a
LOAD zephyr/drivers/pinctrl/libdrivers__pinctrl.a
LOAD zephyr/drivers/pwm/libdrivers__pwm.a
LOAD zephyr/drivers/reset/libdrivers__reset.a
LOAD zephyr/drivers/rtc/libdrivers__rtc.a
LOAD zephyr/drivers/serial/libdrivers__serial.a
LOAD zephyr/drivers/timer/libdrivers__timer.a
LOAD modules/hal_stm32/stm32cube/lib..__modules__hal__stm32__stm32cube.a
LOAD zephyr/kernel/libkernel.a
LOAD zephyr/arch/common/libisr_tables.a
LOAD C:/Users/razie/zephyr-sdk-1.0.1/gnu/arm-zephyr-eabi/bin/../lib/gcc/arm-zephyr-eabi/14.3.0/../../../../arm-zephyr-eabi/lib/thumb/v7e-m/nofp\libc.a
LOAD C:/Users/razie/zephyr-sdk-1.0.1/gnu/arm-zephyr-eabi/bin/../lib/gcc/arm-zephyr-eabi/14.3.0/thumb/v7e-m/nofp\libgcc.a
                0x00000020                        _region_min_align = 0x20

.rel.plt        0x08000000        0x0
 *(SORT_BY_ALIGNMENT(.rel.plt))
                [!provide]                        PROVIDE (__rel_iplt_start = .)
 *(SORT_BY_ALIGNMENT(.rel.iplt))
 .rel.iplt      0x08000000        0x0 zephyr/CMakeFiles/zephyr_final.dir/isr_tables.c.obj
                [!provide]                        PROVIDE (__rel_iplt_end = .)

.rela.plt       0x00000000        0x0
 *(SORT_BY_ALIGNMENT(.rela.plt))
                [!provide]                        PROVIDE (__rela_iplt_start = .)
 *(SORT_BY_ALIGNMENT(.rela.iplt))
                [!provide]                        PROVIDE (__rela_iplt_end = .)

.rel.dyn
 *(SORT_BY_ALIGNMENT(.rel.*))

.rela.dyn
 *(SORT_BY_ALIGNMENT(.rela.*))

/DISCARD/
 *(SORT_BY_ALIGNMENT(.plt))

/DISCARD/
 *(SORT_BY_ALIGNMENT(.iplt))
                0x08000000                        __rom_region_start = 0x8000000

rom_start       0x08000000      0x168
                0x08000000                        __rom_start_address = .
 FILL mask 0x00
                0x08000000                        . = (. + (0x0 - (. - __rom_start_address)))
                0x08000000                        . = ALIGN (0x4)
                0x08000000                        . = ALIGN (0x80)
                0x08000000                        . = ALIGN (0x200)
                0x08000000                        _vector_start = .
 *(SORT_BY_ALIGNMENT(.exc_vector_table))
 *(SORT_BY_ALIGNMENT(.exc_vector_table.*))
 .exc_vector_table._vector_table_section
                0x08000000       0x40 zephyr/arch/arch/arm/core/cortex_m/libarch__arm__core__cortex_m.a(vector_table.S.obj)
                0x08000000                _vector_table
 *(SORT_BY_ALIGNMENT(.vectors))
                0x08000168                        _vector_end = .
                0x08000040                        . = ALIGN (0x4)
 *(SORT_BY_ALIGNMENT(.gnu.linkonce.irq_vector_table*))
 .gnu.linkonce.irq_vector_table
                0x08000040      0x128 zephyr/CMakeFiles/zephyr_final.dir/isr_tables.c.obj
                0x08000040                _irq_vector_table
                0x08000168                        _vector_end = .

text            0x08000180     0xa52c
                0x08000180                        __text_region_start = .
 *(SORT_BY_ALIGNMENT(.text))
 .text          0x08000180       0xd8 C:/Users/razie/zephyr-sdk-1.0.1/gnu/arm-zephyr-eabi/bin/../lib/gcc/arm-zephyr-eabi/14.3.0/../../../../arm-zephyr-eabi/lib/thumb/v7e-m/nofp\libc.a(strlen.S.o)
                0x08000180                strlen
 .text          0x08000258      0x134 C:/Users/razie/zephyr-sdk-1.0.1/gnu/arm-zephyr-eabi/bin/../lib/gcc/arm-zephyr-eabi/14.3.0/../../../../arm-zephyr-eabi/lib/thumb/v7e-m/nofp\libc.a(memcpy.S.o)
                0x08000258                __aeabi_memcpy
                0x08000258                __aeabi_memcpy4
                0x08000258                __aeabi_memcpy8
                0x08000258                memcpy
 .text          0x0800038c      0x168 C:/Users/razie/zephyr-sdk-1.0.1/gnu/arm-zephyr-eabi/bin/../lib/gcc/arm-zephyr-eabi/14.3.0/thumb/v7e-m/nofp\libgcc.a(_arm_mulsf3.o)
                0x0800038c                __aeabi_fmul
                0x0800038c                __mulsf3
 .text          0x080004f4      0x21c C:/Users/razie/zephyr-sdk-1.0.1/gnu/arm-zephyr-eabi/bin/../lib/gcc/arm-zephyr-eabi/14.3.0/thumb/v7e-m/nofp\libgcc.a(_arm_addsubsf3.o)
                0x080004f4                __aeabi_frsub
                0x080004fc                __subsf3
                0x080004fc                __aeabi_fsub
                0x08000500                __aeabi_fadd
                0x08000500                __addsf3
                0x08000660                __aeabi_ui2f
                0x08000660                __floatunsisf
                0x08000668                __aeabi_i2f
                0x08000668                __floatsisf
                0x08000684                __aeabi_ul2f
                0x08000684                __floatundisf
                0x08000694                __aeabi_l2f
                0x08000694                __floatdisf
 .text          0x08000710       0x4c C:/Users/razie/zephyr-sdk-1.0.1/gnu/arm-zephyr-eabi/bin/../lib/gcc/arm-zephyr-eabi/14.3.0/thumb/v7e-m/nofp\libgcc.a(_arm_fixsfsi.o)
                0x08000710                __aeabi_f2iz
                0x08000710                __fixsfsi
 .text          0x0800075c       0x30 C:/Users/razie/zephyr-sdk-1.0.1/gnu/arm-zephyr-eabi/bin/../lib/gcc/arm-zephyr-eabi/14.3.0/thumb/v7e-m/nofp\libgcc.a(_aeabi_uldivmod.o)
                0x0800075c                __aeabi_uldivmod
 .text          0x0800078c        0x4 C:/Users/razie/zephyr-sdk-1.0.1/gnu/arm-zephyr-eabi/bin/../lib/gcc/arm-zephyr-eabi/14.3.0/thumb/v7e-m/nofp\libgcc.a(_dvmd_tls.o)
                0x0800078c                __aeabi_idiv0
                0x0800078c                __aeabi_ldiv0
 .text          0x08000790       0x26 C:/Users/razie/zephyr-sdk-1.0.1/gnu/arm-zephyr-eabi/bin/../lib/gcc/arm-zephyr-eabi/14.3.0/thumb/v7e-m/nofp\libgcc.a(_popcountsi2.o)
                0x08000790                __popcountsi2
 .text          0x080007b6      0x2bc C:/Users/razie/zephyr-sdk-1.0.1/gnu/arm-zephyr-eabi/bin/../lib/gcc/arm-zephyr-eabi/14.3.0/thumb/v7e-m/nofp\libgcc.a(_udivmoddi4.o)
                0x080007b6                __udivmoddi4
 *(SORT_BY_ALIGNMENT(.text.*))
 *fill*         0x08000a72        0x6 
 .text.pwm_set  0x08000a78       0x9c app/libapp.a(main.c.obj)
 .text.leer_vol
                0x08000b14      0x124 app/libapp.a(main.c.obj)
                0x08000b14                leer_vol
 .text.funcion_adc
                0x08000c38       0x5c app/libapp.a(main.c.obj)
                0x08000c38                funcion_adc
 .text.suma_adc
                0x08000c94       0x48 app/libapp.a(main.c.obj)
                0x08000c94                suma_adc
 .text.antir    0x08000cdc       0x3c app/libapp.a(main.c.obj)
                0x08000cdc                antir
 .text.servomotor
                0x08000d18       0x6c app/libapp.a(main.c.obj)
                0x08000d18                servomotor
 .text.pasoapas
                0x08000d84       0xf8 app/libapp.a(main.c.obj)
                0x08000d84                pasoapas
 .text.promedio_adc
                0x08000e7c       0x4c app/libapp.a(main.c.obj)
                0x08000e7c                promedio_adc
 .text.menu     0x08000ec8       0x64 app/libapp.a(main.c.obj)
                0x08000ec8                menu
 .text.lecbot   0x08000f2c       0x98 app/libapp.a(main.c.obj)
                0x08000f2c                lecbot
 .text.numero_mostrar
                0x08000fc4       0xb8 app/libapp.a(main.c.obj)
                0x08000fc4                numero_mostrar
 .text.claverec
                0x0800107c       0x7c app/libapp.a(main.c.obj)
                0x0800107c                claverec
 .text.failpass
                0x080010f8       0x40 app/libapp.a(main.c.obj)
                0x080010f8                failpass
 .text.openclose
                0x08001138       0xa8 app/libapp.a(main.c.obj)
                0x08001138                openclose
 .text.reproducir_nota
                0x080011e0       0x64 app/libapp.a(main.c.obj)
                0x080011e0                reproducir_nota
 .text.megalo   0x08001244       0x58 app/libapp.a(main.c.obj)
                0x08001244                megalo
 .text.send_byte
                0x0800129c       0x54 app/libapp.a(tm1638.c.obj)
 .text.write_at
                0x080012f0       0x5c app/libapp.a(tm1638.c.obj)
 .text.recv_byte
                0x0800134c       0x60 app/libapp.a(tm1638.c.obj)
 .text.scan_keys_raw
                0x080013ac       0x84 app/libapp.a(tm1638.c.obj)
 .text.tm1638_set_brightness
                0x08001430       0x40 app/libapp.a(tm1638.c.obj)
                0x08001430                tm1638_set_brightness
 .text.tm1638_set_digit
                0x08001470       0x2c app/libapp.a(tm1638.c.obj)
                0x08001470                tm1638_set_digit
 .text.tm1638_clear
                0x0800149c       0x2c app/libapp.a(tm1638.c.obj)
                0x0800149c                tm1638_clear
 .text.tm1638_init
                0x080014c8       0xf0 app/libapp.a(tm1638.c.obj)
                0x080014c8                tm1638_init
 .text.tm1638_clear_digits
                0x080015b8       0x30 app/libapp.a(tm1638.c.obj)
                0x080015b8                tm1638_clear_digits
 .text.tm1638_display
                0x080015e8       0x78 app/libapp.a(tm1638.c.obj)
                0x080015e8                tm1638_display
 .text.tm1638_get_button
                0x08001660       0xb4 app/libapp.a(tm1638.c.obj)
                0x08001660                tm1638_get_button
 .text.tm1638_set_number
                0x08001714       0x34 app/libapp.a(tm1638.c.obj)
                0x08001714                tm1638_set_number
 .text.cbvprintf_package
                0x08001748      0x494 zephyr/libzephyr.a(cbprintf_packaged.c.obj)
                0x08001748                cbvprintf_package
 .text.cbprintf_package_convert
                0x08001bdc      0x4b4 zephyr/libzephyr.a(cbprintf_packaged.c.obj)
                0x08001bdc                cbprintf_package_convert
 .text.__printk_hook_install
                0x08002090        0xc zephyr/libzephyr.a(printk.c.obj)
                0x08002090                __printk_hook_install
 .text.z_thread_entry
                0x0800209c       0x34 zephyr/libzephyr.a(thread_entry.c.obj)
                0x0800209c                z_thread_entry
 .text.st_stm32_common_config
                0x080020d0       0x14 zephyr/libzephyr.a(soc_config.c.obj)
 .text.stm32_gpioport_pm_action
                0x080020e4       0x54 zephyr/libzephyr.a(gpioport_mgr.c.obj)
 .text.stm32_gpioport_init
                0x08002138       0x10 zephyr/libzephyr.a(gpioport_mgr.c.obj)
 .text.stm32_gpioport_get
                0x08002148       0x24 zephyr/libzephyr.a(gpioport_mgr.c.obj)
                0x08002148                stm32_gpioport_get
 .text.stm32_backup_domain_enable_access
                0x0800216c       0x44 zephyr/libzephyr.a(stm32_backup_domain.c.obj)
                0x0800216c                stm32_backup_domain_enable_access
 .text.stm32_backup_domain_disable_access
                0x080021b0       0x78 zephyr/libzephyr.a(stm32_backup_domain.c.obj)
                0x080021b0                stm32_backup_domain_disable_access
 .text.soc_early_init_hook
                0x08002228       0x30 zephyr/libzephyr.a(soc.c.obj)
                0x08002228                soc_early_init_hook
 .text.msg_process
                0x08002258       0x3c zephyr/libzephyr.a(log_core.c.obj)
 .text.log_backend_notify_all
                0x08002294       0x30 zephyr/libzephyr.a(log_core.c.obj)
 .text.default_lf_get_timestamp
                0x080022c4       0x48 zephyr/libzephyr.a(log_core.c.obj)
 .text.activate_foreach_backend
                0x0800230c       0x64 zephyr/libzephyr.a(log_core.c.obj)
 .text.z_log_init
                0x08002370       0x94 zephyr/libzephyr.a(log_core.c.obj)
 .text.thread_set
                0x08002404       0x28 zephyr/libzephyr.a(log_core.c.obj)
 .text.log_process_thread_timer_expiry_fn
                0x0800242c       0x10 zephyr/libzephyr.a(log_core.c.obj)
 .text.enable_logger
                0x0800243c       0x5c zephyr/libzephyr.a(log_core.c.obj)
 .text.log_format_func_t_get
                0x08002498        0xc zephyr/libzephyr.a(log_core.c.obj)
                0x08002498                log_format_func_t_get
 .text.log_set_timestamp_func
                0x080024a4       0x24 zephyr/libzephyr.a(log_core.c.obj)
                0x080024a4                log_set_timestamp_func
 .text.z_log_notify_backend_enabled
                0x080024c8       0x20 zephyr/libzephyr.a(log_core.c.obj)
                0x080024c8                z_log_notify_backend_enabled
 .text.z_log_dropped
                0x080024e8       0x54 zephyr/libzephyr.a(log_core.c.obj)
                0x080024e8                z_log_dropped
 .text.z_log_dropped_read_and_clear
                0x0800253c       0x20 zephyr/libzephyr.a(log_core.c.obj)
                0x0800253c                z_log_dropped_read_and_clear
 .text.dropped_notify
                0x0800255c       0x38 zephyr/libzephyr.a(log_core.c.obj)
                0x0800255c                dropped_notify
 .text.z_log_dropped_pending
                0x08002594       0x14 zephyr/libzephyr.a(log_core.c.obj)
                0x08002594                z_log_dropped_pending
 .text.z_log_msg_init
                0x080025a8       0x20 zephyr/libzephyr.a(log_core.c.obj)
                0x080025a8                z_log_msg_init
 .text.log_core_init
                0x080025c8       0x50 zephyr/libzephyr.a(log_core.c.obj)
                0x080025c8                log_core_init
 .text.z_log_msg_alloc
                0x08002618       0x10 zephyr/libzephyr.a(log_core.c.obj)
                0x08002618                z_log_msg_alloc
 .text.z_log_msg_local_claim
                0x08002628       0x10 zephyr/libzephyr.a(log_core.c.obj)
                0x08002628                z_log_msg_local_claim
 .text.z_log_msg_free
                0x08002638       0x14 zephyr/libzephyr.a(log_core.c.obj)
                0x08002638                z_log_msg_free
 .text.z_log_msg_pending
                0x0800264c       0x10 zephyr/libzephyr.a(log_core.c.obj)
                0x0800264c                z_log_msg_pending
 .text.z_impl_log_process
                0x0800265c       0xe0 zephyr/libzephyr.a(log_core.c.obj)
                0x0800265c                z_impl_log_process
 .text.z_impl_log_panic
                0x0800273c       0x4c zephyr/libzephyr.a(log_core.c.obj)
                0x0800273c                z_impl_log_panic
 .text.z_log_msg_post_finalize
                0x08002788       0x84 zephyr/libzephyr.a(log_core.c.obj)
 .text.z_log_msg_commit
                0x0800280c       0x20 zephyr/libzephyr.a(log_core.c.obj)
                0x0800280c                z_log_msg_commit
 .text.log_process_thread_func
                0x0800282c       0x78 zephyr/libzephyr.a(log_core.c.obj)
 .text.log_src_cnt_get
                0x080028a4       0x14 zephyr/libzephyr.a(log_mgmt.c.obj)
                0x080028a4                log_src_cnt_get
 .text.log_source_name_get
                0x080028b8       0x1c zephyr/libzephyr.a(log_mgmt.c.obj)
                0x080028b8                log_source_name_get
 .text.cbprintf_package_copy
                0x080028d4       0x30 zephyr/libzephyr.a(log_msg.c.obj)
 .text.z_impl_z_log_msg_static_create
                0x08002904      0x158 zephyr/libzephyr.a(log_msg.c.obj)
                0x08002904                z_impl_z_log_msg_static_create
 .text.z_log_msg_runtime_vcreate
                0x08002a5c       0xac zephyr/libzephyr.a(log_msg.c.obj)
                0x08002a5c                z_log_msg_runtime_vcreate
 .text.log_msg_get_source_id
                0x08002b08       0x18 zephyr/libzephyr.a(log_msg.c.obj)
                0x08002b08                log_msg_get_source_id
 .text.print_formatted
                0x08002b20       0x24 zephyr/libzephyr.a(log_output.c.obj)
 .text.timestamp_print
                0x08002b44       0x8c zephyr/libzephyr.a(log_output.c.obj)
 .text.color_print
                0x08002bd0       0x2c zephyr/libzephyr.a(log_output.c.obj)
 .text.ids_print
                0x08002bfc       0x70 zephyr/libzephyr.a(log_output.c.obj)
 .text.prefix_print
                0x08002c6c       0x90 zephyr/libzephyr.a(log_output.c.obj)
 .text.newline_print
                0x08002cfc       0x28 zephyr/libzephyr.a(log_output.c.obj)
 .text.hexdump_line_print
                0x08002d24       0xc4 zephyr/libzephyr.a(log_output.c.obj)
 .text.log_output_process
                0x08002de8       0x8c zephyr/libzephyr.a(log_output.c.obj)
                0x08002de8                log_output_process
 .text.log_output_dropped_process
                0x08002e74       0x84 zephyr/libzephyr.a(log_output.c.obj)
                0x08002e74                log_output_dropped_process
 .text.log_output_timestamp_freq_set
                0x08002ef8       0x2c zephyr/libzephyr.a(log_output.c.obj)
                0x08002ef8                log_output_timestamp_freq_set
 .text.char_out
                0x08002f24       0x24 zephyr/libzephyr.a(log_backend_uart.c.obj)
 .text.mem_attr_get_regions
                0x08002f48        0xc zephyr/libzephyr.a(mem_attr.c.obj)
                0x08002f48                mem_attr_get_regions
 .text.arch_bss_zero
                0x08002f54       0x18 zephyr/arch/common/libarch__common.a(init.c.obj)
                0x08002f54                arch_bss_zero
 .text.arch_data_copy
                0x08002f6c       0x34 zephyr/arch/common/libarch__common.a(xip.c.obj)
                0x08002f6c                arch_data_copy
 .text.esf_dump
                0x08002fa0      0x160 zephyr/arch/arch/arm/core/libarch__arm__core.a(fatal.c.obj)
 .text.z_arm_fatal_error
                0x08003100       0x38 zephyr/arch/arch/arm/core/libarch__arm__core.a(fatal.c.obj)
                0x08003100                z_arm_fatal_error
 .text.z_SysNmiOnReset
                0x08003138        0x8 zephyr/arch/arch/arm/core/libarch__arm__core.a(nmi_on_reset.S.obj)
                0x08003138                z_SysNmiOnReset
 .text.z_tls_copy
                0x08003140       0x28 zephyr/arch/arch/arm/core/libarch__arm__core.a(tls.c.obj)
 .text.arch_tls_stack_setup
                0x08003168       0x28 zephyr/arch/arch/arm/core/libarch__arm__core.a(tls.c.obj)
                0x08003168                arch_tls_stack_setup
 .text.z_arm_is_synchronous_svc
                0x08003190       0x48 zephyr/arch/arch/arm/core/cortex_m/libarch__arm__core__cortex_m.a(fault.c.obj)
 .text.get_esf  0x080031d8       0x48 zephyr/arch/arch/arm/core/cortex_m/libarch__arm__core__cortex_m.a(fault.c.obj)
 .text.usage_fault
                0x08003220       0xd4 zephyr/arch/arch/arm/core/cortex_m/libarch__arm__core__cortex_m.a(fault.c.obj)
 .text.debug_monitor
                0x080032f4       0x1c zephyr/arch/arch/arm/core/cortex_m/libarch__arm__core__cortex_m.a(fault.c.obj)
 .text.reserved_exception
                0x08003310       0xd8 zephyr/arch/arch/arm/core/cortex_m/libarch__arm__core__cortex_m.a(fault.c.obj)
 .text.bus_fault
                0x080033e8      0x110 zephyr/arch/arch/arm/core/cortex_m/libarch__arm__core__cortex_m.a(fault.c.obj)
 .text.mem_manage_fault
                0x080034f8      0x148 zephyr/arch/arch/arm/core/cortex_m/libarch__arm__core__cortex_m.a(fault.c.obj)
 .text.hard_fault
                0x08003640       0xd0 zephyr/arch/arch/arm/core/cortex_m/libarch__arm__core__cortex_m.a(fault.c.obj)
 .text.z_arm_fault
                0x08003710       0x84 zephyr/arch/arch/arm/core/cortex_m/libarch__arm__core__cortex_m.a(fault.c.obj)
                0x08003710                z_arm_fault
 .text.z_arm_fault_init
                0x08003794       0x18 zephyr/arch/arch/arm/core/cortex_m/libarch__arm__core__cortex_m.a(fault.c.obj)
                0x08003794                z_arm_fault_init
 .text.__fault  0x080037ac       0x14 zephyr/arch/arch/arm/core/cortex_m/libarch__arm__core__cortex_m.a(fault_s.S.obj)
                0x080037ac                z_arm_usage_fault
                0x080037ac                z_arm_mpu_fault
                0x080037ac                z_arm_exc_spurious
                0x080037ac                z_arm_debug_monitor
                0x080037ac                z_arm_hard_fault
                0x080037ac                z_arm_bus_fault
 .text._reset_section
                0x080037c0       0x40 zephyr/arch/arch/arm/core/cortex_m/libarch__arm__core__cortex_m.a(reset.S.obj)
                0x080037c0                __start
                0x080037c0                z_arm_reset
 .text.z_arm_svc
                0x08003800       0x24 zephyr/arch/arch/arm/core/cortex_m/libarch__arm__core__cortex_m.a(svc.S.obj)
                0x08003800                z_arm_svc
 .text.__NVIC_EnableIRQ
                0x08003824       0x1c zephyr/arch/arch/arm/core/cortex_m/libarch__arm__core__cortex_m.a(irq_manage.c.obj)
 .text.__NVIC_SetPriority
                0x08003840       0x28 zephyr/arch/arch/arm/core/cortex_m/libarch__arm__core__cortex_m.a(irq_manage.c.obj)
 .text.relocate_vector_table
                0x08003868       0x1c zephyr/arch/arch/arm/core/cortex_m/libarch__arm__core__cortex_m.a(prep_c.c.obj)
                0x08003868                relocate_vector_table
 .text.z_prep_c
                0x08003884       0x38 zephyr/arch/arch/arm/core/cortex_m/libarch__arm__core__cortex_m.a(prep_c.c.obj)
                0x08003884                z_prep_c
 .text.min_stack
                0x080038bc       0x48 zephyr/arch/arch/arm/core/cortex_m/libarch__arm__core__cortex_m.a(thread.c.obj)
 .text.arch_new_thread
                0x08003904       0x44 zephyr/arch/arch/arm/core/cortex_m/libarch__arm__core__cortex_m.a(thread.c.obj)
                0x08003904                arch_new_thread
 .text.arch_switch_to_main_thread
                0x08003948       0x40 zephyr/arch/arch/arm/core/cortex_m/libarch__arm__core__cortex_m.a(thread.c.obj)
                0x08003948                arch_switch_to_main_thread
 .text.z_arm_cpu_idle_init
                0x08003988        0xc zephyr/arch/arch/arm/core/cortex_m/libarch__arm__core__cortex_m.a(cpu_idle.c.obj)
                0x08003988                z_arm_cpu_idle_init
 .text._HandlerModeExit
                0x08003994       0x20 zephyr/arch/arch/arm/core/cortex_m/libarch__arm__core__cortex_m.a(exc_exit.c.obj)
                0x08003994                z_arm_int_exit
                0x08003994                z_arm_exc_exit
 .text.z_impl_k_thread_abort
                0x080039b4       0x34 zephyr/arch/arch/arm/core/cortex_m/libarch__arm__core__cortex_m.a(thread_abort.c.obj)
                0x080039b4                z_impl_k_thread_abort
 .text.z_arm_pendsv
                0x080039e8       0x64 zephyr/arch/arch/arm/core/cortex_m/libarch__arm__core__cortex_m.a(swap_helper.S.obj)
                0x080039e8                z_arm_pendsv
 .text.z_arm_interrupt_init
                0x08003a4c       0x34 zephyr/arch/arch/arm/core/cortex_m/libarch__arm__core__cortex_m.a(irq_init.c.obj)
                0x08003a4c                z_arm_interrupt_init
 .text._isr_wrapper
                0x08003a80       0x20 zephyr/arch/arch/arm/core/cortex_m/libarch__arm__core__cortex_m.a(isr_wrapper.c.obj)
                0x08003a80                _isr_wrapper
 .text.__aeabi_read_tp
                0x08003aa0        0xc zephyr/arch/arch/arm/core/cortex_m/libarch__arm__core__cortex_m.a(__aeabi_read_tp.S.obj)
                0x08003aa0                __aeabi_read_tp
 .text.z_arm_configure_static_mpu_regions
                0x08003aac       0x1c zephyr/arch/arch/arm/core/mpu/libarch__arm__core__mpu.a(arm_core_mpu.c.obj)
                0x08003aac                z_arm_configure_static_mpu_regions
 .text.z_arm_configure_dynamic_mpu_regions
                0x08003ac8       0x24 zephyr/arch/arch/arm/core/mpu/libarch__arm__core__mpu.a(arm_core_mpu.c.obj)
                0x08003ac8                z_arm_configure_dynamic_mpu_regions
 .text.region_init
                0x08003aec       0x28 zephyr/arch/arch/arm/core/mpu/libarch__arm__core__mpu.a(arm_mpu.c.obj)
 .text.region_allocate_and_init
                0x08003b14       0x3c zephyr/arch/arch/arm/core/mpu/libarch__arm__core__mpu.a(arm_mpu.c.obj)
 .text.mpu_configure_regions
                0x08003b50       0x64 zephyr/arch/arch/arm/core/mpu/libarch__arm__core__mpu.a(arm_mpu.c.obj)
 .text.mpu_configure_static_mpu_regions
                0x08003bb4       0x14 zephyr/arch/arch/arm/core/mpu/libarch__arm__core__mpu.a(arm_mpu.c.obj)
 .text.mpu_configure_dynamic_mpu_regions
                0x08003bc8       0x3c zephyr/arch/arch/arm/core/mpu/libarch__arm__core__mpu.a(arm_mpu.c.obj)
 .text.arm_core_mpu_enable
                0x08003c04       0x18 zephyr/arch/arch/arm/core/mpu/libarch__arm__core__mpu.a(arm_mpu.c.obj)
                0x08003c04                arm_core_mpu_enable
 .text.arm_core_mpu_disable
                0x08003c1c       0x14 zephyr/arch/arch/arm/core/mpu/libarch__arm__core__mpu.a(arm_mpu.c.obj)
                0x08003c1c                arm_core_mpu_disable
 .text.z_arm_mpu_init
                0x08003c30       0x80 zephyr/arch/arch/arm/core/mpu/libarch__arm__core__mpu.a(arm_mpu.c.obj)
                0x08003c30                z_arm_mpu_init
 .text.cbvprintf
                0x08003cb0       0x38 zephyr/lib/libc/picolibc/liblib__libc__picolibc.a(cbprintf.c.obj)
                0x08003cb0                cbvprintf
 .text.z_impl_zephyr_fputc
                0x08003ce8       0x10 zephyr/lib/libc/picolibc/liblib__libc__picolibc.a(stdio.c.obj)
                0x08003ce8                z_impl_zephyr_fputc
 .text.__stdout_hook_install
                0x08003cf8       0x18 zephyr/lib/libc/picolibc/liblib__libc__picolibc.a(stdio.c.obj)
                0x08003cf8                __stdout_hook_install
 .text.malloc_prepare
                0x08003d10       0x24 zephyr/lib/libc/common/liblib__libc__common.a(malloc.c.obj)
 .text.stm32_exti_enable_clocks
                0x08003d34       0x34 zephyr/drivers/interrupt_controller/libdrivers__interrupt_controller.a(intc_exti_stm32.c.obj)
 .text.stm32_exti_is_pending
                0x08003d68       0x38 zephyr/drivers/interrupt_controller/libdrivers__interrupt_controller.a(intc_exti_stm32.c.obj)
                0x08003d68                stm32_exti_is_pending
 .text.stm32_exti_clear_pending
                0x08003da0       0x34 zephyr/drivers/interrupt_controller/libdrivers__interrupt_controller.a(intc_exti_stm32.c.obj)
                0x08003da0                stm32_exti_clear_pending
 .text.stm32_fill_irq_table
                0x08003dd4       0x24 zephyr/drivers/interrupt_controller/libdrivers__interrupt_controller.a(intc_gpio_stm32.c.obj)
 .text.stm32_intc_gpio_isr
                0x08003df8       0x48 zephyr/drivers/interrupt_controller/libdrivers__interrupt_controller.a(intc_gpio_stm32.c.obj)
 .text.LL_SYSCFG_SetEXTISource
                0x08003e40       0x38 zephyr/drivers/interrupt_controller/libdrivers__interrupt_controller.a(intc_gpio_stm32.c.obj)
 .text.LL_SYSCFG_GetEXTISource
                0x08003e78       0x28 zephyr/drivers/interrupt_controller/libdrivers__interrupt_controller.a(intc_gpio_stm32.c.obj)
 .text.stm32_gpio_intc_enable_line
                0x08003ea0       0x30 zephyr/drivers/interrupt_controller/libdrivers__interrupt_controller.a(intc_gpio_stm32.c.obj)
                0x08003ea0                stm32_gpio_intc_enable_line
 .text.stm32_gpio_intc_disable_line
                0x08003ed0       0x10 zephyr/drivers/interrupt_controller/libdrivers__interrupt_controller.a(intc_gpio_stm32.c.obj)
                0x08003ed0                stm32_gpio_intc_disable_line
 .text.stm32_gpio_intc_select_line_trigger
                0x08003ee0       0x58 zephyr/drivers/interrupt_controller/libdrivers__interrupt_controller.a(intc_gpio_stm32.c.obj)
                0x08003ee0                stm32_gpio_intc_select_line_trigger
 .text.stm32_gpio_intc_set_irq_callback
                0x08003f38       0x4c zephyr/drivers/interrupt_controller/libdrivers__interrupt_controller.a(intc_gpio_stm32.c.obj)
                0x08003f38                stm32_gpio_intc_set_irq_callback
 .text.stm32_gpio_intc_remove_irq_callback
                0x08003f84       0x24 zephyr/drivers/interrupt_controller/libdrivers__interrupt_controller.a(intc_gpio_stm32.c.obj)
                0x08003f84                stm32_gpio_intc_remove_irq_callback
 .text.adc_stm32_set_clock
                0x08003fa8       0x78 zephyr/drivers/adc/libdrivers__adc.a(adc_stm32.c.obj)
 .text.set_sequencer
                0x08004020       0x98 zephyr/drivers/adc/libdrivers__adc.a(adc_stm32.c.obj)
 .text.check_buffer
                0x080040b8       0x38 zephyr/drivers/adc/libdrivers__adc.a(adc_stm32.c.obj)
 .text.set_resolution
                0x080040f0       0x70 zephyr/drivers/adc/libdrivers__adc.a(adc_stm32.c.obj)
 .text.adc_stm32_sampling_time_check
                0x08004160       0x64 zephyr/drivers/adc/libdrivers__adc.a(adc_stm32.c.obj)
 .text.adc_stm32_sampling_time_setup
                0x080041c4       0x68 zephyr/drivers/adc/libdrivers__adc.a(adc_stm32.c.obj)
 .text.adc_stm32_channel_setup
                0x0800422c       0x88 zephyr/drivers/adc/libdrivers__adc.a(adc_stm32.c.obj)
 .text.adc_context_enable_timer
                0x080042b4       0x74 zephyr/drivers/adc/libdrivers__adc.a(adc_stm32.c.obj)
 .text.start_read
                0x08004328      0x130 zephyr/drivers/adc/libdrivers__adc.a(adc_stm32.c.obj)
 .text.adc_stm32_init
                0x08004458       0x5c zephyr/drivers/adc/libdrivers__adc.a(adc_stm32.c.obj)
 .text.adc_stm32_isr
                0x080044b4       0x68 zephyr/drivers/adc/libdrivers__adc.a(adc_stm32.c.obj)
 .text.adc_stm32_isr_18
                0x0800451c       0x10 zephyr/drivers/adc/libdrivers__adc.a(adc_stm32.c.obj)
 .text.stm32_clock_switch_to_hsi
                0x0800452c       0x38 zephyr/drivers/clock_control/libdrivers__clock_control.a(clock_stm32_ll_common.c.obj)
 .text.set_up_fixed_clock_sources
                0x08004564       0x38 zephyr/drivers/clock_control/libdrivers__clock_control.a(clock_stm32_ll_common.c.obj)
 .text.stm32_clock_control_get_subsys_rate
                0x0800459c      0x118 zephyr/drivers/clock_control/libdrivers__clock_control.a(clock_stm32_ll_common.c.obj)
 .text.set_up_plls
                0x080046b4       0x78 zephyr/drivers/clock_control/libdrivers__clock_control.a(clock_stm32_ll_common.c.obj)
 .text.enabled_clock
                0x0800472c       0x24 zephyr/drivers/clock_control/libdrivers__clock_control.a(clock_stm32_ll_common.c.obj)
                0x0800472c                enabled_clock
 .text.stm32_clock_control_init
                0x08004750       0xa4 zephyr/drivers/clock_control/libdrivers__clock_control.a(clock_stm32_ll_common.c.obj)
                0x08004750                stm32_clock_control_init
 .text.get_pllsrc_frequency
                0x080047f4        0x8 zephyr/drivers/clock_control/libdrivers__clock_control.a(clock_stm32f2_f4_f7.c.obj)
                0x080047f4                get_pllsrc_frequency
 .text.config_pll_sysclock
                0x080047fc       0x48 zephyr/drivers/clock_control/libdrivers__clock_control.a(clock_stm32f2_f4_f7.c.obj)
                0x080047fc                config_pll_sysclock
 .text.config_enable_default_clocks
                0x08004844       0x20 zephyr/drivers/clock_control/libdrivers__clock_control.a(clock_stm32f2_f4_f7.c.obj)
                0x08004844                config_enable_default_clocks
 .text.console_out
                0x08004864       0x28 zephyr/drivers/console/libdrivers__console.a(uart_console.c.obj)
 .text.uart_console_hook_install
                0x0800488c       0x18 zephyr/drivers/console/libdrivers__console.a(uart_console.c.obj)
 .text.uart_console_init
                0x080048a4       0x1c zephyr/drivers/console/libdrivers__console.a(uart_console.c.obj)
 .text.gpio_stm32_pin_interrupt_configure
                0x080048c0       0x94 zephyr/drivers/gpio/libdrivers__gpio.a(gpio_stm32.c.obj)
 .text.LL_TIM_OC_SetMode
                0x08004954       0x70 zephyr/drivers/pwm/libdrivers__pwm.a(pwm_stm32.c.obj)
 .text.LL_TIM_OC_SetPolarity
                0x080049c4       0x6c zephyr/drivers/pwm/libdrivers__pwm.a(pwm_stm32.c.obj)
 .text.LL_TIM_OC_SetIdleState
                0x08004a30       0x70 zephyr/drivers/pwm/libdrivers__pwm.a(pwm_stm32.c.obj)
 .text.LL_TIM_OC_EnablePreload
                0x08004aa0       0x64 zephyr/drivers/pwm/libdrivers__pwm.a(pwm_stm32.c.obj)
 .text.pwm_stm32_set_cycles
                0x08004b04      0x140 zephyr/drivers/pwm/libdrivers__pwm.a(pwm_stm32.c.obj)
 .text.pwm_stm32_init
                0x08004c44      0x360 zephyr/drivers/pwm/libdrivers__pwm.a(pwm_stm32.c.obj)
 .text.rtc_stm32_get_time
                0x08004fa4      0x154 zephyr/drivers/rtc/libdrivers__rtc.a(rtc_stm32.c.obj)
 .text.rtc_stm32_enter_init_mode
                0x080050f8       0x4c zephyr/drivers/rtc/libdrivers__rtc.a(rtc_stm32.c.obj)
 .text.rtc_stm32_set_time
                0x08005144      0x158 zephyr/drivers/rtc/libdrivers__rtc.a(rtc_stm32.c.obj)
 .text.rtc_stm32_configure
                0x0800529c       0x80 zephyr/drivers/rtc/libdrivers__rtc.a(rtc_stm32.c.obj)
 .text.rtc_stm32_init
                0x0800531c       0x84 zephyr/drivers/rtc/libdrivers__rtc.a(rtc_stm32.c.obj)
 .text.LL_USART_SetBaudRate
                0x080053a0       0xcc zephyr/drivers/serial/libdrivers__serial.a(uart_stm32.c.obj)
 .text.uart_stm32_poll_in
                0x0800546c       0x10 zephyr/drivers/serial/libdrivers__serial.a(uart_stm32.c.obj)
 .text.uart_stm32_poll_out
                0x0800547c       0x10 zephyr/drivers/serial/libdrivers__serial.a(uart_stm32.c.obj)
 .text.uart_stm32_clocks_enable
                0x0800548c       0x30 zephyr/drivers/serial/libdrivers__serial.a(uart_stm32.c.obj)
 .text.uart_stm32_set_baudrate
                0x080054bc      0x17c zephyr/drivers/serial/libdrivers__serial.a(uart_stm32.c.obj)
 .text.uart_stm32_configure
                0x08005638      0x130 zephyr/drivers/serial/libdrivers__serial.a(uart_stm32.c.obj)
 .text.uart_stm32_registers_configure
                0x08005768       0x80 zephyr/drivers/serial/libdrivers__serial.a(uart_stm32.c.obj)
 .text.elapsed  0x080057e8       0x48 zephyr/drivers/timer/libdrivers__timer.a(cortex_m_systick.c.obj)
 .text.sys_clock_driver_init
                0x08005830       0x34 zephyr/drivers/timer/libdrivers__timer.a(cortex_m_systick.c.obj)
 .text.sys_clock_isr
                0x08005864       0x68 zephyr/drivers/timer/libdrivers__timer.a(cortex_m_systick.c.obj)
                0x08005864                sys_clock_isr
 .text.sys_clock_set_timeout
                0x080058cc      0x124 zephyr/drivers/timer/libdrivers__timer.a(cortex_m_systick.c.obj)
                0x080058cc                sys_clock_set_timeout
 .text.sys_clock_elapsed
                0x080059f0       0x40 zephyr/drivers/timer/libdrivers__timer.a(cortex_m_systick.c.obj)
                0x080059f0                sys_clock_elapsed
 .text.sys_clock_cycle_get_32
                0x08005a30       0x28 zephyr/drivers/timer/libdrivers__timer.a(cortex_m_systick.c.obj)
                0x08005a30                sys_clock_cycle_get_32
 .text.HAL_RCC_GetSysClockFreq
                0x08005a58       0xdc modules/hal_stm32/stm32cube/lib..__modules__hal__stm32__stm32cube.a(stm32f4xx_hal_rcc.c.obj)
                0x08005a58                HAL_RCC_GetSysClockFreq
 .text.LL_SetFlashLatency
                0x08005b34       0x98 modules/hal_stm32/stm32cube/lib..__modules__hal__stm32__stm32cube.a(stm32f4xx_ll_utils.c.obj)
                0x08005b34                LL_SetFlashLatency
 .text.reason_to_str
                0x08005bcc       0x40 zephyr/kernel/libkernel.a(fatal.c.obj)
 .text.thread_name_get
                0x08005c0c       0x20 zephyr/kernel/libkernel.a(fatal.c.obj)
 .text.k_sys_fatal_error_handler
                0x08005c2c       0x20 zephyr/kernel/libkernel.a(fatal.c.obj)
                0x08005c2c                k_sys_fatal_error_handler
 .text.z_fatal_error
                0x08005c4c      0x1f4 zephyr/kernel/libkernel.a(fatal.c.obj)
                0x08005c4c                z_fatal_error
 .text.init_idle_thread
                0x08005e40       0x60 zephyr/kernel/libkernel.a(init.c.obj)
 .text.z_sys_init_run_level
                0x08005ea0       0x38 zephyr/kernel/libkernel.a(init.c.obj)
 .text.thread_schedule_new
                0x08005ed8       0x1c zephyr/kernel/libkernel.a(init.c.obj)
 .text.z_init_static_threads
                0x08005ef4       0x70 zephyr/kernel/libkernel.a(init.c.obj)
 .text.bg_thread_main
                0x08005f64       0x34 zephyr/kernel/libkernel.a(init.c.obj)
 .text.switch_to_main_thread
                0x08005f98       0x14 zephyr/kernel/libkernel.a(init.c.obj)
 .text.z_init_cpu
                0x08005fac       0x44 zephyr/kernel/libkernel.a(init.c.obj)
                0x08005fac                z_init_cpu
 .text.prepare_multithreading
                0x08005ff0       0x60 zephyr/kernel/libkernel.a(init.c.obj)
 .text.z_cstart
                0x08006050       0x7c zephyr/kernel/libkernel.a(init.c.obj)
                0x08006050                z_cstart
 .text.put_msg_in_queue
                0x080060cc       0xec zephyr/kernel/libkernel.a(msg_q.c.obj)
 .text.z_impl_k_msgq_get
                0x080061b8       0xe0 zephyr/kernel/libkernel.a(msg_q.c.obj)
                0x080061b8                z_impl_k_msgq_get
 .text.z_impl_k_mutex_lock
                0x08006298      0x100 zephyr/kernel/libkernel.a(mutex.c.obj)
                0x08006298                z_impl_k_mutex_lock
 .text.z_impl_k_mutex_unlock
                0x08006398       0xac zephyr/kernel/libkernel.a(mutex.c.obj)
                0x08006398                z_impl_k_mutex_unlock
 .text.z_impl_k_sem_give
                0x08006444       0x6c zephyr/kernel/libkernel.a(sem.c.obj)
                0x08006444                z_impl_k_sem_give
 .text.z_impl_k_sem_take
                0x080064b0       0x50 zephyr/kernel/libkernel.a(sem.c.obj)
                0x080064b0                z_impl_k_sem_take
 .text.thread_schedule_new
                0x08006500       0x1c zephyr/kernel/libkernel.a(thread.c.obj)
 .text.z_impl_k_thread_name_set
                0x0800651c       0x24 zephyr/kernel/libkernel.a(thread.c.obj)
                0x0800651c                z_impl_k_thread_name_set
 .text.z_setup_new_thread
                0x08006540       0xc4 zephyr/kernel/libkernel.a(thread.c.obj)
                0x08006540                z_setup_new_thread
 .text.z_dummy_thread_init
                0x08006604       0x20 zephyr/kernel/libkernel.a(thread.c.obj)
                0x08006604                z_dummy_thread_init
 .text.z_swap_irqlock
                0x08006624       0x34 zephyr/kernel/libkernel.a(sched.c.obj)
 .text.reschedule
                0x08006658       0x34 zephyr/kernel/libkernel.a(sched.c.obj)
 .text.ready_thread
                0x0800668c       0xb0 zephyr/kernel/libkernel.a(sched.c.obj)
 .text.unready_thread
                0x0800673c       0x68 zephyr/kernel/libkernel.a(sched.c.obj)
 .text.thread_halt_spin
                0x080067a4      0x11c zephyr/kernel/libkernel.a(sched.c.obj)
 .text.add_thread_timeout
                0x080068c0       0x20 zephyr/kernel/libkernel.a(sched.c.obj)
 .text.move_current_to_end_of_prio_q
                0x080068e0       0x88 zephyr/kernel/libkernel.a(sched.c.obj)
                0x080068e0                move_current_to_end_of_prio_q
 .text.z_pend_curr
                0x08006968       0x38 zephyr/kernel/libkernel.a(sched.c.obj)
                0x08006968                z_pend_curr
 .text.z_thread_prio_set
                0x080069a0      0x148 zephyr/kernel/libkernel.a(sched.c.obj)
                0x080069a0                z_thread_prio_set
 .text.k_sched_lock
                0x08006ae8       0x30 zephyr/kernel/libkernel.a(sched.c.obj)
                0x08006ae8                k_sched_lock
 .text.k_sched_unlock
                0x08006b18       0x64 zephyr/kernel/libkernel.a(sched.c.obj)
                0x08006b18                k_sched_unlock
 .text.z_sched_init
                0x08006b7c       0x10 zephyr/kernel/libkernel.a(sched.c.obj)
                0x08006b7c                z_sched_init
 .text.z_impl_k_yield
                0x08006b8c       0x9c zephyr/kernel/libkernel.a(sched.c.obj)
                0x08006b8c                z_impl_k_yield
 .text.z_tick_sleep
                0x08006c28       0x7c zephyr/kernel/libkernel.a(sched.c.obj)
 .text.z_impl_k_sleep
                0x08006ca4       0x78 zephyr/kernel/libkernel.a(sched.c.obj)
                0x08006ca4                z_impl_k_sleep
 .text.z_impl_k_wakeup
                0x08006d1c       0x48 zephyr/kernel/libkernel.a(sched.c.obj)
                0x08006d1c                z_impl_k_wakeup
 .text.z_impl_k_sched_current_thread_query
                0x08006d64        0xc zephyr/kernel/libkernel.a(sched.c.obj)
                0x08006d64                z_impl_k_sched_current_thread_query
 .text.z_thread_abort
                0x08006d70      0x16c zephyr/kernel/libkernel.a(sched.c.obj)
                0x08006d70                z_thread_abort
 .text.z_time_slice_size
                0x08006edc       0x44 zephyr/kernel/libkernel.a(timeslicing.c.obj)
 .text.slice_timeout
                0x08006f20       0x20 zephyr/kernel/libkernel.a(timeslicing.c.obj)
 .text.z_reset_time_slice
                0x08006f40       0x44 zephyr/kernel/libkernel.a(timeslicing.c.obj)
                0x08006f40                z_reset_time_slice
 .text.z_time_slice
                0x08006f84       0x70 zephyr/kernel/libkernel.a(timeslicing.c.obj)
                0x08006f84                z_time_slice
 .text.z_thread_monitor_exit
                0x08006ff4       0x3c zephyr/kernel/libkernel.a(thread_monitor.c.obj)
                0x08006ff4                z_thread_monitor_exit
 .text.first    0x08007030       0x14 zephyr/kernel/libkernel.a(timeout.c.obj)
 .text.next     0x08007044       0x18 zephyr/kernel/libkernel.a(timeout.c.obj)
 .text.elapsed  0x0800705c       0x18 zephyr/kernel/libkernel.a(timeout.c.obj)
 .text.z_add_timeout
                0x08007074      0x134 zephyr/kernel/libkernel.a(timeout.c.obj)
                0x08007074                z_add_timeout
 .text.sys_clock_announce_locked
                0x080071a8       0xc4 zephyr/kernel/libkernel.a(timeout.c.obj)
                0x080071a8                sys_clock_announce_locked
 .text.sys_clock_tick_get
                0x0800726c       0x40 zephyr/kernel/libkernel.a(timeout.c.obj)
                0x0800726c                sys_clock_tick_get
 .text.z_timer_expiration_handler
                0x080072ac      0x124 zephyr/kernel/libkernel.a(timer.c.obj)
                0x080072ac                z_timer_expiration_handler
 .text.z_impl_k_timer_start
                0x080073d0       0x74 zephyr/kernel/libkernel.a(timer.c.obj)
                0x080073d0                z_impl_k_timer_start
 .text.z_impl_k_timer_stop
                0x08007444       0x6c zephyr/kernel/libkernel.a(timer.c.obj)
                0x08007444                z_impl_k_timer_stop
 .text.boot_banner
                0x080074b0       0x10 zephyr/kernel/libkernel.a(banner.c.obj)
                0x080074b0                boot_banner
 .text.statics_init
                0x080074c0       0x24 zephyr/kernel/libkernel.a(kheap.c.obj)
 .text.memset   0x080074e4       0xb0 C:/Users/razie/zephyr-sdk-1.0.1/gnu/arm-zephyr-eabi/bin/../lib/gcc/arm-zephyr-eabi/14.3.0/../../../../arm-zephyr-eabi/lib/thumb/v7e-m/nofp\libc.a(memset.c.o)
                0x080074e4                memset
 .text.strncpy  0x08007594       0x58 C:/Users/razie/zephyr-sdk-1.0.1/gnu/arm-zephyr-eabi/bin/../lib/gcc/arm-zephyr-eabi/14.3.0/../../../../arm-zephyr-eabi/lib/thumb/v7e-m/nofp\libc.a(libc_string_strncpy.c.o)
                0x08007594                strncpy
 .text.strnlen  0x080075ec       0x24 C:/Users/razie/zephyr-sdk-1.0.1/gnu/arm-zephyr-eabi/bin/../lib/gcc/arm-zephyr-eabi/14.3.0/../../../../arm-zephyr-eabi/lib/thumb/v7e-m/nofp\libc.a(libc_string_strnlen.c.o)
                0x080075ec                strnlen
 .text.snprintf
                0x08007610       0x68 C:/Users/razie/zephyr-sdk-1.0.1/gnu/arm-zephyr-eabi/bin/../lib/gcc/arm-zephyr-eabi/14.3.0/../../../../arm-zephyr-eabi/lib/thumb/v7e-m/nofp\libc.a(libc_tinystdio_snprintf.c.o)
                0x08007610                snprintf
 .text.__ultoa_invert
                0x08007678       0xfc C:/Users/razie/zephyr-sdk-1.0.1/gnu/arm-zephyr-eabi/bin/../lib/gcc/arm-zephyr-eabi/14.3.0/../../../../arm-zephyr-eabi/lib/thumb/v7e-m/nofp\libc.a(libc_tinystdio_vflprintf.c.o)
 .text.__l_vfprintf
                0x08007774      0x9b4 C:/Users/razie/zephyr-sdk-1.0.1/gnu/arm-zephyr-eabi/bin/../lib/gcc/arm-zephyr-eabi/14.3.0/../../../../arm-zephyr-eabi/lib/thumb/v7e-m/nofp\libc.a(libc_tinystdio_vflprintf.c.o)
                0x08007774                __l_vfprintf
 .text.__file_str_put
                0x08008128       0x10 C:/Users/razie/zephyr-sdk-1.0.1/gnu/arm-zephyr-eabi/bin/../lib/gcc/arm-zephyr-eabi/14.3.0/../../../../arm-zephyr-eabi/lib/thumb/v7e-m/nofp\libc.a(libc_tinystdio_filestrput.c.o)
                0x08008128                __file_str_put
 .text._OffsetAbsSyms
                0x08008138        0x2 zephyr/CMakeFiles/offsets.dir/./arch/arm/core/offsets/offsets.c.obj
                0x08008138                _OffsetAbsSyms
 .text.z_impl_gpio_pin_configure
                0x0800813a       0x50 app/libapp.a(main.c.obj)
 .text.gpio_pin_configure_dt
                0x0800818a       0x16 app/libapp.a(main.c.obj)
 .text.gpio_pin_set_raw
                0x080081a0       0x20 app/libapp.a(main.c.obj)
 .text.gpio_pin_set
                0x080081c0       0x1a app/libapp.a(main.c.obj)
 .text.pwm_set_cycles
                0x080081da       0x1e app/libapp.a(main.c.obj)
 .text.pwm_set_dt
                0x080081f8       0x1a app/libapp.a(main.c.obj)
 .text.pwm_set_pulse_dt
                0x08008212       0x1a app/libapp.a(main.c.obj)
 .text.k_msleep
                0x0800822c       0x20 app/libapp.a(main.c.obj)
 .text.pasfal   0x0800824c       0x48 app/libapp.a(main.c.obj)
                0x0800824c                pasfal
 .text.opco     0x08008294       0x48 app/libapp.a(main.c.obj)
                0x08008294                opco
 .text.z_impl_gpio_pin_configure
                0x080082dc       0x50 app/libapp.a(tm1638.c.obj)
 .text.gpio_pin_configure_dt
                0x0800832c       0x16 app/libapp.a(tm1638.c.obj)
 .text.gpio_port_get
                0x08008342       0x18 app/libapp.a(tm1638.c.obj)
 .text.gpio_pin_get
                0x0800835a       0x24 app/libapp.a(tm1638.c.obj)
 .text.gpio_pin_set_raw
                0x0800837e       0x20 app/libapp.a(tm1638.c.obj)
 .text.gpio_pin_set
                0x0800839e       0x1a app/libapp.a(tm1638.c.obj)
 .text.free_list_add_bidx
                0x080083b8       0x4e zephyr/libzephyr.a(heap.c.obj)
 .text.free_list_add
                0x08008406       0x18 zephyr/libzephyr.a(heap.c.obj)
 .text.sys_heap_init
                0x0800841e       0x8a zephyr/libzephyr.a(heap.c.obj)
                0x0800841e                sys_heap_init
 .text.cbprintf_via_va_list
                0x080084a8        0xe zephyr/libzephyr.a(cbprintf_packaged.c.obj)
 .text.is_fmt_spec
                0x080084b6        0xe zephyr/libzephyr.a(cbprintf_packaged.c.obj)
 .text.get_package_len
                0x080084c4       0x2a zephyr/libzephyr.a(cbprintf_packaged.c.obj)
 .text.append_string
                0x080084ee       0x2c zephyr/libzephyr.a(cbprintf_packaged.c.obj)
 .text.cbpprintf_external
                0x0800851a       0x60 zephyr/libzephyr.a(cbprintf_packaged.c.obj)
                0x0800851a                cbpprintf_external
 .text.is_ptr   0x0800857a       0x4e zephyr/libzephyr.a(cbprintf_packaged.c.obj)
                0x0800857a                is_ptr
 .text.arch_printk_char_out
                0x080085c8        0x4 zephyr/libzephyr.a(printk.c.obj)
                0x080085c8                arch_printk_char_out
 .text.vprintk  0x080085cc        0x8 zephyr/libzephyr.a(printk.c.obj)
                0x080085cc                vprintk
 .text.printk   0x080085d4       0x1c zephyr/libzephyr.a(printk.c.obj)
                0x080085d4                printk
 .text.free_space
                0x080085f0       0x28 zephyr/libzephyr.a(mpsc_pbuf.c.obj)
 .text.available
                0x08008618       0x24 zephyr/libzephyr.a(mpsc_pbuf.c.obj)
 .text.get_usage
                0x0800863c       0x24 zephyr/libzephyr.a(mpsc_pbuf.c.obj)
 .text.max_utilization_update
                0x08008660       0x1e zephyr/libzephyr.a(mpsc_pbuf.c.obj)
 .text.rd_idx_inc
                0x0800867e       0x26 zephyr/libzephyr.a(mpsc_pbuf.c.obj)
 .text.add_skip_item
                0x080086a4       0x66 zephyr/libzephyr.a(mpsc_pbuf.c.obj)
 .text.drop_item_locked
                0x0800870a      0x12e zephyr/libzephyr.a(mpsc_pbuf.c.obj)
 .text.post_drop_action
                0x08008838       0x62 zephyr/libzephyr.a(mpsc_pbuf.c.obj)
 .text.mpsc_pbuf_init
                0x0800889a       0x42 zephyr/libzephyr.a(mpsc_pbuf.c.obj)
                0x0800889a                mpsc_pbuf_init
 .text.mpsc_pbuf_alloc
                0x080088dc      0x134 zephyr/libzephyr.a(mpsc_pbuf.c.obj)
                0x080088dc                mpsc_pbuf_alloc
 .text.mpsc_pbuf_commit
                0x08008a10       0x50 zephyr/libzephyr.a(mpsc_pbuf.c.obj)
                0x08008a10                mpsc_pbuf_commit
 .text.mpsc_pbuf_claim
                0x08008a60       0xe8 zephyr/libzephyr.a(mpsc_pbuf.c.obj)
                0x08008a60                mpsc_pbuf_claim
 .text.mpsc_pbuf_free
                0x08008b48       0x88 zephyr/libzephyr.a(mpsc_pbuf.c.obj)
                0x08008b48                mpsc_pbuf_free
 .text.mpsc_pbuf_is_pending
                0x08008bd0       0x2c zephyr/libzephyr.a(mpsc_pbuf.c.obj)
                0x08008bd0                mpsc_pbuf_is_pending
 .text._ConfigAbsSyms
                0x08008bfc        0x2 zephyr/libzephyr.a(configs.c.obj)
                0x08008bfc                _ConfigAbsSyms
 .text.pm_device_driver_init
                0x08008bfe       0x24 zephyr/libzephyr.a(gpioport_mgr.c.obj)
 .text.LL_GPIO_SetPinSpeed
                0x08008c22       0x3a zephyr/libzephyr.a(gpioport_mgr.c.obj)
 .text.LL_GPIO_SetPinPull
                0x08008c5c       0x3a zephyr/libzephyr.a(gpioport_mgr.c.obj)
 .text.ll_gpio_set_pin_pull
                0x08008c96        0x8 zephyr/libzephyr.a(gpioport_mgr.c.obj)
 .text.LL_GPIO_SetAFPin_0_7
                0x08008c9e       0x3a zephyr/libzephyr.a(gpioport_mgr.c.obj)
 .text.LL_GPIO_SetAFPin_8_15
                0x08008cd8       0x3c zephyr/libzephyr.a(gpioport_mgr.c.obj)
 .text.LL_GPIO_SetPinMode
                0x08008d14       0x3a zephyr/libzephyr.a(gpioport_mgr.c.obj)
 .text.stm32_gpioport_configure_pin
                0x08008d4e       0x72 zephyr/libzephyr.a(gpioport_mgr.c.obj)
                0x08008d4e                stm32_gpioport_configure_pin
 .text.log_msg_generic_get_wlen
                0x08008dc0       0x20 zephyr/libzephyr.a(log_core.c.obj)
 .text.log_backend_init
                0x08008de0       0x14 zephyr/libzephyr.a(log_core.c.obj)
 .text.dummy_timestamp
                0x08008df4        0x4 zephyr/libzephyr.a(log_core.c.obj)
 .text.msg_filter_check
                0x08008df8        0x4 zephyr/libzephyr.a(log_core.c.obj)
 .text.k_msleep
                0x08008dfc       0x20 zephyr/libzephyr.a(log_core.c.obj)
 .text.msg_alloc
                0x08008e1c        0xc zephyr/libzephyr.a(log_core.c.obj)
 .text.msg_free
                0x08008e28        0x8 zephyr/libzephyr.a(log_core.c.obj)
 .text.msg_pending
                0x08008e30        0x8 zephyr/libzephyr.a(log_core.c.obj)
 .text.z_log_vprintk
                0x08008e38       0x1e zephyr/libzephyr.a(log_core.c.obj)
                0x08008e38                z_log_vprintk
 .text.z_log_notify_drop
                0x08008e56        0xa zephyr/libzephyr.a(log_core.c.obj)
 .text.z_log_msg_claim
                0x08008e60        0x8 zephyr/libzephyr.a(log_core.c.obj)
                0x08008e60                z_log_msg_claim
 .text.msg_commit
                0x08008e68        0xc zephyr/libzephyr.a(log_core.c.obj)
 .text.z_log_get_tag
                0x08008e74        0x4 zephyr/libzephyr.a(log_core.c.obj)
                0x08008e74                z_log_get_tag
 .text.log_backend_enable
                0x08008e78       0x16 zephyr/libzephyr.a(log_mgmt.c.obj)
                0x08008e78                log_backend_enable
 .text.z_cbprintf_cpy
                0x08008e8e       0x32 zephyr/libzephyr.a(log_msg.c.obj)
 .text.z_log_msg_finalize
                0x08008ec0       0x2e zephyr/libzephyr.a(log_msg.c.obj)
                0x08008ec0                z_log_msg_finalize
 .text.z_log_msg_simple_create
                0x08008eee       0x62 zephyr/libzephyr.a(log_msg.c.obj)
 .text.z_impl_z_log_msg_simple_create_0
                0x08008f50       0x14 zephyr/libzephyr.a(log_msg.c.obj)
                0x08008f50                z_impl_z_log_msg_simple_create_0
 .text.z_impl_z_log_msg_simple_create_1
                0x08008f64       0x16 zephyr/libzephyr.a(log_msg.c.obj)
                0x08008f64                z_impl_z_log_msg_simple_create_1
 .text.z_impl_z_log_msg_simple_create_2
                0x08008f7a       0x1a zephyr/libzephyr.a(log_msg.c.obj)
                0x08008f7a                z_impl_z_log_msg_simple_create_2
 .text.z_log_msg_static_create
                0x08008f94        0x8 zephyr/libzephyr.a(log_msg.c.obj)
 .text.log_output_flush
                0x08008f9c       0x2e zephyr/libzephyr.a(log_output.c.obj)
 .text.out_func
                0x08008fca       0x38 zephyr/libzephyr.a(log_output.c.obj)
 .text.cr_out_func
                0x08009002       0x1e zephyr/libzephyr.a(log_output.c.obj)
 .text.color_prefix
                0x08009020        0xc zephyr/libzephyr.a(log_output.c.obj)
 .text.color_postfix
                0x0800902c        0xc zephyr/libzephyr.a(log_output.c.obj)
 .text.postfix_print
                0x08009038       0x18 zephyr/libzephyr.a(log_output.c.obj)
 .text.log_msg_hexdump
                0x08009050       0x36 zephyr/libzephyr.a(log_output.c.obj)
 .text.log_output_msg_process
                0x08009086       0x68 zephyr/libzephyr.a(log_output.c.obj)
                0x08009086                log_output_msg_process
 .text.log_output_flush
                0x080090ee       0x2e zephyr/libzephyr.a(log_backend_uart.c.obj)
 .text.format_set
                0x0800911c        0xc zephyr/libzephyr.a(log_backend_uart.c.obj)
 .text.log_backend_uart_init
                0x08009128        0xc zephyr/libzephyr.a(log_backend_uart.c.obj)
 .text.panic    0x08009134       0x14 zephyr/libzephyr.a(log_backend_uart.c.obj)
 .text.dropped  0x08009148        0xe zephyr/libzephyr.a(log_backend_uart.c.obj)
 .text.process  0x08009156       0x1c zephyr/libzephyr.a(log_backend_uart.c.obj)
 .text.arch_early_memset
                0x08009172        0x8 zephyr/arch/common/libarch__common.a(init.c.obj)
                0x08009172                arch_early_memset
 .text.arch_early_memcpy
                0x0800917a        0x8 zephyr/arch/common/libarch__common.a(init.c.obj)
                0x0800917a                arch_early_memcpy
 .text.z_do_kernel_oops
                0x08009182        0xc zephyr/arch/arch/arm/core/libarch__arm__core.a(fatal.c.obj)
                0x08009182                z_do_kernel_oops
 .text.z_arm_nmi
                0x0800918e        0xc zephyr/arch/arch/arm/core/libarch__arm__core.a(nmi.c.obj)
                0x0800918e                z_arm_nmi
 .text.memory_fault_recoverable
                0x0800919a        0x4 zephyr/arch/arch/arm/core/cortex_m/libarch__arm__core__cortex_m.a(fault.c.obj)
 .text.fault_handle
                0x0800919e       0x4a zephyr/arch/arch/arm/core/cortex_m/libarch__arm__core__cortex_m.a(fault.c.obj)
 .text.arm_irq_enable
                0x080091e8        0xa zephyr/arch/arch/arm/core/cortex_m/libarch__arm__core__cortex_m.a(irq_manage.c.obj)
                0x080091e8                arm_irq_enable
 .text.arm_irq_priority_set
                0x080091f2        0xc zephyr/arch/arch/arm/core/cortex_m/libarch__arm__core__cortex_m.a(irq_manage.c.obj)
                0x080091f2                arm_irq_priority_set
 .text.z_irq_spurious
                0x080091fe        0xc zephyr/arch/arch/arm/core/cortex_m/libarch__arm__core__cortex_m.a(irq_manage.c.obj)
                0x080091fe                z_irq_spurious
 .text.z_check_thread_stack_fail
                0x0800920a        0x8 zephyr/arch/arch/arm/core/cortex_m/libarch__arm__core__cortex_m.a(thread.c.obj)
                0x0800920a                z_check_thread_stack_fail
 .text.arch_coprocessors_disable
                0x08009212        0x6 zephyr/arch/arch/arm/core/cortex_m/libarch__arm__core__cortex_m.a(thread.c.obj)
                0x08009212                arch_coprocessors_disable
 .text.arch_irq_unlock_outlined
                0x08009218        0xe zephyr/arch/arch/arm/core/cortex_m/libarch__arm__core__cortex_m.a(thread.c.obj)
                0x08009218                arch_irq_unlock_outlined
 .text.arch_cpu_idle
                0x08009226       0x1a zephyr/arch/arch/arm/core/cortex_m/libarch__arm__core__cortex_m.a(cpu_idle.c.obj)
                0x08009226                arch_cpu_idle
 .text.mpu_partition_is_valid
                0x08009240       0x22 zephyr/arch/arch/arm/core/mpu/libarch__arm__core__mpu.a(arm_mpu.c.obj)
 .text.mpu_configure_region
                0x08009262       0x3e zephyr/arch/arch/arm/core/mpu/libarch__arm__core__mpu.a(arm_mpu.c.obj)
 .text.mpu_configure_regions_from_dt
                0x080092a0      0x1f6 zephyr/arch/arch/arm/core/mpu/libarch__arm__core__mpu.a(arm_mpu.c.obj)
 .text.arm_core_mpu_configure_static_mpu_regions
                0x08009496        0x8 zephyr/arch/arch/arm/core/mpu/libarch__arm__core__mpu.a(arm_mpu.c.obj)
                0x08009496                arm_core_mpu_configure_static_mpu_regions
 .text.arm_core_mpu_configure_dynamic_mpu_regions
                0x0800949e        0x8 zephyr/arch/arch/arm/core/mpu/libarch__arm__core__mpu.a(arm_mpu.c.obj)
                0x0800949e                arm_core_mpu_configure_dynamic_mpu_regions
 .text.cbputc   0x080094a6        0xc zephyr/lib/libc/picolibc/liblib__libc__picolibc.a(cbprintf.c.obj)
 .text.picolibc_put
                0x080094b2        0xa zephyr/lib/libc/picolibc/liblib__libc__picolibc.a(stdio.c.obj)
 .text.stm32_exti_init
                0x080094bc        0x8 zephyr/drivers/interrupt_controller/libdrivers__interrupt_controller.a(intc_exti_stm32.c.obj)
 .text.stm32_exti_gpio_intc_init
                0x080094c4       0x92 zephyr/drivers/interrupt_controller/libdrivers__interrupt_controller.a(intc_gpio_stm32.c.obj)
 .text.stm32_gpio_intc_get_pin_irq_line
                0x08009556        0xa zephyr/drivers/interrupt_controller/libdrivers__interrupt_controller.a(intc_gpio_stm32.c.obj)
                0x08009556                stm32_gpio_intc_get_pin_irq_line
 .text.stm32_exti_set_line_src_port
                0x08009560       0x1c zephyr/drivers/interrupt_controller/libdrivers__interrupt_controller.a(intc_gpio_stm32.c.obj)
                0x08009560                stm32_exti_set_line_src_port
 .text.stm32_exti_get_line_src_port
                0x0800957c       0x1a zephyr/drivers/interrupt_controller/libdrivers__interrupt_controller.a(intc_gpio_stm32.c.obj)
                0x0800957c                stm32_exti_get_line_src_port
 .text.adc_stm32_enable
                0x08009596       0x14 zephyr/drivers/adc/libdrivers__adc.a(adc_stm32.c.obj)
 .text.adc_stm32_start_conversion
                0x080095aa        0xe zephyr/drivers/adc/libdrivers__adc.a(adc_stm32.c.obj)
 .text.adc_stm32_disable
                0x080095b8       0x30 zephyr/drivers/adc/libdrivers__adc.a(adc_stm32.c.obj)
 .text.adc_context_start_sampling
                0x080095e8       0x14 zephyr/drivers/adc/libdrivers__adc.a(adc_stm32.c.obj)
 .text.adc_context_update_buffer_pointer
                0x080095fc        0xc zephyr/drivers/adc/libdrivers__adc.a(adc_stm32.c.obj)
 .text.adc_context_on_complete
                0x08009608        0xc zephyr/drivers/adc/libdrivers__adc.a(adc_stm32.c.obj)
 .text.LL_ADC_REG_SetSequencerRanks
                0x08009614       0x42 zephyr/drivers/adc/libdrivers__adc.a(adc_stm32.c.obj)
 .text.LL_ADC_SetChannelSamplingTime
                0x08009656       0x68 zephyr/drivers/adc/libdrivers__adc.a(adc_stm32.c.obj)
 .text.adc_context_start_read
                0x080096be       0x5e zephyr/drivers/adc/libdrivers__adc.a(adc_stm32.c.obj)
 .text.adc_context_wait_for_completion
                0x0800971c       0x1a zephyr/drivers/adc/libdrivers__adc.a(adc_stm32.c.obj)
 .text.adc_context_lock
                0x08009736       0x12 zephyr/drivers/adc/libdrivers__adc.a(adc_stm32.c.obj)
 .text.adc_stm32_read
                0x08009748       0x26 zephyr/drivers/adc/libdrivers__adc.a(adc_stm32.c.obj)
 .text.adc_stm32_read_sync
                0x0800976e        0xc zephyr/drivers/adc/libdrivers__adc.a(adc_stm32.c.obj)
 .text.adc_context_unlock_unconditionally
                0x0800977a       0x10 zephyr/drivers/adc/libdrivers__adc.a(adc_stm32.c.obj)
 .text.adc_context_complete
                0x0800978a       0x18 zephyr/drivers/adc/libdrivers__adc.a(adc_stm32.c.obj)
 .text.pinctrl_apply_state
                0x080097a2       0x20 zephyr/drivers/adc/libdrivers__adc.a(adc_stm32.c.obj)
 .text.adc_context_request_next_sampling
                0x080097c2       0x28 zephyr/drivers/adc/libdrivers__adc.a(adc_stm32.c.obj)
 .text.adc_context_on_timer_expired
                0x080097ea        0xa zephyr/drivers/adc/libdrivers__adc.a(adc_stm32.c.obj)
 .text.adc_stm32_isr_18_init
                0x080097f4       0x14 zephyr/drivers/adc/libdrivers__adc.a(adc_stm32.c.obj)
 .text.adc_context_on_sampling_done
                0x08009808       0x84 zephyr/drivers/adc/libdrivers__adc.a(adc_stm32.c.obj)
 .text.get_pll_div_frequency
                0x0800988c        0xe zephyr/drivers/clock_control/libdrivers__clock_control.a(clock_stm32_ll_common.c.obj)
 .text.get_bus_clock
                0x0800989a        0x6 zephyr/drivers/clock_control/libdrivers__clock_control.a(clock_stm32_ll_common.c.obj)
 .text.stm32_clock_control_on
                0x080098a0       0x44 zephyr/drivers/clock_control/libdrivers__clock_control.a(clock_stm32_ll_common.c.obj)
 .text.stm32_clock_control_off
                0x080098e4       0x2e zephyr/drivers/clock_control/libdrivers__clock_control.a(clock_stm32_ll_common.c.obj)
 .text.stm32_clock_control_configure
                0x08009912       0x48 zephyr/drivers/clock_control/libdrivers__clock_control.a(clock_stm32_ll_common.c.obj)
 .text.stm32_clock_control_get_status
                0x0800995a       0x3a zephyr/drivers/clock_control/libdrivers__clock_control.a(clock_stm32_ll_common.c.obj)
 .text.config_regulator_voltage
                0x08009994        0x2 zephyr/drivers/clock_control/libdrivers__clock_control.a(clock_stm32_ll_common.c.obj)
                0x08009994                config_regulator_voltage
 .text.get_pll_source
                0x08009996        0x6 zephyr/drivers/clock_control/libdrivers__clock_control.a(clock_stm32f2_f4_f7.c.obj)
 .text.sys_slist_remove
                0x0800999c       0x26 zephyr/drivers/gpio/libdrivers__gpio.a(gpio_stm32.c.obj)
 .text.sys_slist_find_and_remove
                0x080099c2       0x20 zephyr/drivers/gpio/libdrivers__gpio.a(gpio_stm32.c.obj)
 .text.gpio_manage_callback
                0x080099e2       0x3e zephyr/drivers/gpio/libdrivers__gpio.a(gpio_stm32.c.obj)
 .text.gpio_fire_callbacks
                0x08009a20       0x40 zephyr/drivers/gpio/libdrivers__gpio.a(gpio_stm32.c.obj)
 .text.gpio_stm32_isr
                0x08009a60        0xe zephyr/drivers/gpio/libdrivers__gpio.a(gpio_stm32.c.obj)
 .text.gpio_stm32_flags_to_conf
                0x08009a6e       0x82 zephyr/drivers/gpio/libdrivers__gpio.a(gpio_stm32.c.obj)
 .text.gpio_stm32_port_get_raw
                0x08009af0        0xc zephyr/drivers/gpio/libdrivers__gpio.a(gpio_stm32.c.obj)
 .text.gpio_stm32_port_set_masked_raw
                0x08009afc       0x12 zephyr/drivers/gpio/libdrivers__gpio.a(gpio_stm32.c.obj)
 .text.gpio_stm32_port_set_bits_raw
                0x08009b0e        0xa zephyr/drivers/gpio/libdrivers__gpio.a(gpio_stm32.c.obj)
 .text.gpio_stm32_port_clear_bits_raw
                0x08009b18        0xc zephyr/drivers/gpio/libdrivers__gpio.a(gpio_stm32.c.obj)
 .text.gpio_stm32_port_toggle_bits
                0x08009b24        0xe zephyr/drivers/gpio/libdrivers__gpio.a(gpio_stm32.c.obj)
 .text.gpio_stm32_manage_callback
                0x08009b32        0xc zephyr/drivers/gpio/libdrivers__gpio.a(gpio_stm32.c.obj)
 .text.gpio_stm32_disable_pin_irqs
                0x08009b3e       0x30 zephyr/drivers/gpio/libdrivers__gpio.a(gpio_stm32.c.obj)
 .text.gpio_stm32_config
                0x08009b6e       0x98 zephyr/drivers/gpio/libdrivers__gpio.a(gpio_stm32.c.obj)
 .text.pinctrl_lookup_state
                0x08009c06       0x32 zephyr/drivers/pinctrl/libdrivers__pinctrl.a(common.c.obj)
                0x08009c06                pinctrl_lookup_state
 .text.pinctrl_configure_pins
                0x08009c38       0x94 zephyr/drivers/pinctrl/libdrivers__pinctrl.a(pinctrl_stm32.c.obj)
                0x08009c38                pinctrl_configure_pins
 .text.LL_TIM_OC_SetCompareCH1
                0x08009ccc        0x4 zephyr/drivers/pwm/libdrivers__pwm.a(pwm_stm32.c.obj)
 .text.LL_TIM_OC_SetCompareCH2
                0x08009cd0        0x4 zephyr/drivers/pwm/libdrivers__pwm.a(pwm_stm32.c.obj)
 .text.LL_TIM_OC_SetCompareCH3
                0x08009cd4        0x4 zephyr/drivers/pwm/libdrivers__pwm.a(pwm_stm32.c.obj)
 .text.LL_TIM_OC_SetCompareCH4
                0x08009cd8        0x4 zephyr/drivers/pwm/libdrivers__pwm.a(pwm_stm32.c.obj)
 .text.reset_line_toggle
                0x08009cdc       0x12 zephyr/drivers/pwm/libdrivers__pwm.a(pwm_stm32.c.obj)
 .text.get_polarity
                0x08009cee        0xe zephyr/drivers/pwm/libdrivers__pwm.a(pwm_stm32.c.obj)
 .text.ll_tim_set_trigger_output
                0x08009cfc        0xc zephyr/drivers/pwm/libdrivers__pwm.a(pwm_stm32.c.obj)
 .text.pwm_stm32_get_cycles_per_sec
                0x08009d08       0x16 zephyr/drivers/pwm/libdrivers__pwm.a(pwm_stm32.c.obj)
 .text.pinctrl_apply_state
                0x08009d1e       0x20 zephyr/drivers/pwm/libdrivers__pwm.a(pwm_stm32.c.obj)
 .text.reset_stm32_status
                0x08009d3e       0x22 zephyr/drivers/reset/libdrivers__reset.a(reset_stm32.c.obj)
 .text.reset_stm32_line_assert
                0x08009d60       0x1e zephyr/drivers/reset/libdrivers__reset.a(reset_stm32.c.obj)
 .text.reset_stm32_line_deassert
                0x08009d7e       0x20 zephyr/drivers/reset/libdrivers__reset.a(reset_stm32.c.obj)
 .text.reset_stm32_line_toggle
                0x08009d9e       0x16 zephyr/drivers/reset/libdrivers__reset.a(reset_stm32.c.obj)
 .text.LL_RTC_DATE_Get
                0x08009db4       0x28 zephyr/drivers/rtc/libdrivers__rtc.a(rtc_stm32.c.obj)
 .text.reset_line_toggle
                0x08009ddc       0x12 zephyr/drivers/serial/libdrivers__serial.a(uart_stm32.c.obj)
 .text.uart_stm32_config_get
                0x08009dee       0x94 zephyr/drivers/serial/libdrivers__serial.a(uart_stm32.c.obj)
 .text.uart_stm32_poll_in_visitor
                0x08009e82       0x34 zephyr/drivers/serial/libdrivers__serial.a(uart_stm32.c.obj)
 .text.uart_stm32_poll_out_visitor
                0x08009eb6       0x3a zephyr/drivers/serial/libdrivers__serial.a(uart_stm32.c.obj)
 .text.poll_in_u8
                0x08009ef0        0x6 zephyr/drivers/serial/libdrivers__serial.a(uart_stm32.c.obj)
 .text.poll_out_u8
                0x08009ef6        0x6 zephyr/drivers/serial/libdrivers__serial.a(uart_stm32.c.obj)
 .text.uart_stm32_err_check
                0x08009efc       0x9a zephyr/drivers/serial/libdrivers__serial.a(uart_stm32.c.obj)
 .text.uart_stm32_parameters_set
                0x08009f96      0x122 zephyr/drivers/serial/libdrivers__serial.a(uart_stm32.c.obj)
 .text.pinctrl_apply_state
                0x0800a0b8       0x20 zephyr/drivers/serial/libdrivers__serial.a(uart_stm32.c.obj)
 .text.uart_stm32_init
                0x0800a0d8       0x28 zephyr/drivers/serial/libdrivers__serial.a(uart_stm32.c.obj)
 .text.sys_clock_announce
                0x0800a100       0x16 zephyr/drivers/timer/libdrivers__timer.a(cortex_m_systick.c.obj)
 .text.z_impl_k_busy_wait
                0x0800a116       0x20 zephyr/kernel/libkernel.a(busy_wait.c.obj)
                0x0800a116                z_impl_k_busy_wait
 .text.do_device_init
                0x0800a136       0x32 zephyr/kernel/libkernel.a(device.c.obj)
                0x0800a136                do_device_init
 .text.z_impl_device_is_ready
                0x0800a168       0x20 zephyr/kernel/libkernel.a(device.c.obj)
                0x0800a168                z_impl_device_is_ready
 .text.arch_system_halt
                0x0800a188       0x10 zephyr/kernel/libkernel.a(fatal.c.obj)
                0x0800a188                arch_system_halt
 .text.idle     0x0800a198       0x16 zephyr/kernel/libkernel.a(idle.c.obj)
                0x0800a198                idle
 .text.arch_spin_relax
                0x0800a1ae        0x4 zephyr/kernel/libkernel.a(idle.c.obj)
                0x0800a1ae                arch_spin_relax
 .text.z_impl_k_msgq_put
                0x0800a1b2       0x10 zephyr/kernel/libkernel.a(msg_q.c.obj)
                0x0800a1b2                z_impl_k_msgq_put
 .text.z_impl_k_msgq_peek
                0x0800a1c2       0x32 zephyr/kernel/libkernel.a(msg_q.c.obj)
                0x0800a1c2                z_impl_k_msgq_peek
 .text.z_impl_k_msgq_purge
                0x0800a1f4       0xa4 zephyr/kernel/libkernel.a(msg_q.c.obj)
                0x0800a1f4                z_impl_k_msgq_purge
 .text.new_prio_for_inheritance
                0x0800a298       0x16 zephyr/kernel/libkernel.a(mutex.c.obj)
 .text.adjust_owner_prio
                0x0800a2ae       0x16 zephyr/kernel/libkernel.a(mutex.c.obj)
 .text.z_impl_k_sem_init
                0x0800a2c4       0x1e zephyr/kernel/libkernel.a(sem.c.obj)
                0x0800a2c4                z_impl_k_sem_init
 .text.setup_thread_stack
                0x0800a2e2       0x4c zephyr/kernel/libkernel.a(thread.c.obj)
 .text.k_is_in_isr
                0x0800a32e        0xc zephyr/kernel/libkernel.a(thread.c.obj)
                0x0800a32e                k_is_in_isr
 .text.k_thread_name_get
                0x0800a33a        0x4 zephyr/kernel/libkernel.a(thread.c.obj)
                0x0800a33a                k_thread_name_get
 .text.z_init_thread_base
                0x0800a33e       0x16 zephyr/kernel/libkernel.a(thread.c.obj)
                0x0800a33e                z_init_thread_base
 .text.z_impl_k_thread_create
                0x0800a354       0x44 zephyr/kernel/libkernel.a(thread.c.obj)
                0x0800a354                z_impl_k_thread_create
 .text.thread_active_elsewhere
                0x0800a398        0x4 zephyr/kernel/libkernel.a(sched.c.obj)
 .text.add_to_waitq_locked
                0x0800a39c       0x60 zephyr/kernel/libkernel.a(sched.c.obj)
 .text.unpend_all
                0x0800a3fc       0x46 zephyr/kernel/libkernel.a(sched.c.obj)
 .text.pend_locked
                0x0800a442       0x18 zephyr/kernel/libkernel.a(sched.c.obj)
 .text.z_ready_thread
                0x0800a45a       0x36 zephyr/kernel/libkernel.a(sched.c.obj)
                0x0800a45a                z_ready_thread
 .text.z_unpend_thread_no_timeout
                0x0800a490       0x40 zephyr/kernel/libkernel.a(sched.c.obj)
                0x0800a490                z_unpend_thread_no_timeout
 .text.z_sched_wake_thread_locked
                0x0800a4d0       0x34 zephyr/kernel/libkernel.a(sched.c.obj)
                0x0800a4d0                z_sched_wake_thread_locked
 .text.z_thread_timeout
                0x0800a504       0x2e zephyr/kernel/libkernel.a(sched.c.obj)
                0x0800a504                z_thread_timeout
 .text.z_unpend1_no_timeout
                0x0800a532       0x4a zephyr/kernel/libkernel.a(sched.c.obj)
                0x0800a532                z_unpend1_no_timeout
 .text.z_reschedule
                0x0800a57c        0x8 zephyr/kernel/libkernel.a(sched.c.obj)
                0x0800a57c                z_reschedule
 .text.init_ready_q
                0x0800a584        0x8 zephyr/kernel/libkernel.a(sched.c.obj)
                0x0800a584                init_ready_q
 .text.remove_timeout
                0x0800a58c       0x2e zephyr/kernel/libkernel.a(timeout.c.obj)
 .text.next_timeout
                0x0800a5ba       0x36 zephyr/kernel/libkernel.a(timeout.c.obj)
 .text.z_abort_timeout
                0x0800a5f0       0x7e zephyr/kernel/libkernel.a(timeout.c.obj)
                0x0800a5f0                z_abort_timeout
 .text.sys_clock_tick_get_32
                0x0800a66e        0x8 zephyr/kernel/libkernel.a(timeout.c.obj)
                0x0800a66e                sys_clock_tick_get_32
 .text.z_impl_k_uptime_ticks
                0x0800a676        0x8 zephyr/kernel/libkernel.a(timeout.c.obj)
                0x0800a676                z_impl_k_uptime_ticks
 .text.k_timer_init
                0x0800a67e       0x18 zephyr/kernel/libkernel.a(timer.c.obj)
                0x0800a67e                k_timer_init
 .text.main     0x0800a696        0x6 zephyr/kernel/libkernel.a(main_weak.c.obj)
                0x0800a696                main
 .text.k_heap_init
                0x0800a69c       0x10 zephyr/kernel/libkernel.a(kheap.c.obj)
                0x0800a69c                k_heap_init
 *(SORT_BY_ALIGNMENT(.gnu.linkonce.t.*))
 *(SORT_BY_ALIGNMENT(.glue_7t))
 .glue_7t       0x0800a6ac        0x0 linker stubs
 *(SORT_BY_ALIGNMENT(.glue_7))
 .glue_7        0x0800a6ac        0x0 linker stubs
 *(SORT_BY_ALIGNMENT(.vfp11_veneer))
 .vfp11_veneer  0x0800a6ac        0x0 linker stubs
 *(SORT_BY_ALIGNMENT(.v4_bx))
 .v4_bx         0x0800a6ac        0x0 linker stubs
                0x0800a6ac                        . = ALIGN (0x4)
                0x0800a6ac                        __text_region_end = .

.ARM.exidx      0x0800a6ac        0x8
                0x0800a6ac                        __exidx_start = .
 *(SORT_BY_ALIGNMENT(.ARM.exidx*) SORT_BY_ALIGNMENT(gnu.linkonce.armexidx.*))
 .ARM.exidx     0x0800a6ac        0x8 C:/Users/razie/zephyr-sdk-1.0.1/gnu/arm-zephyr-eabi/bin/../lib/gcc/arm-zephyr-eabi/14.3.0/thumb/v7e-m/nofp\libgcc.a(_udivmoddi4.o)
                0x0800a6b4                        __exidx_end = .
                0x0800a6b4                        __rodata_region_start = .

initlevel       0x0800a6b4       0xc0
                0x0800a6b4                        __init_start = .
                0x0800a6b4                        __init_EARLY_start = .
 *(SORT_BY_NAME(SORT_BY_ALIGNMENT(.z_init_EARLY_P_?_*)))
 *(SORT_BY_NAME(SORT_BY_ALIGNMENT(.z_init_EARLY_P_??_*)))
 *(SORT_BY_NAME(SORT_BY_ALIGNMENT(.z_init_EARLY_P_???_*)))
                0x0800a6b4                        __init_PRE_KERNEL_1_start = .
 *(SORT_BY_NAME(SORT_BY_ALIGNMENT(.z_init_PRE_KERNEL_1_P_?_*)))
 .z_init_PRE_KERNEL_1_P_1_SUB_00009_
                0x0800a6b4        0x8 zephyr/drivers/clock_control/libdrivers__clock_control.a(clock_stm32_ll_common.c.obj)
 .z_init_PRE_KERNEL_1_P_1_SUB_0_
                0x0800a6bc        0x8 zephyr/libzephyr.a(soc_config.c.obj)
 *(SORT_BY_NAME(SORT_BY_ALIGNMENT(.z_init_PRE_KERNEL_1_P_??_*)))
 .z_init_PRE_KERNEL_1_P_30_SUB_0_
                0x0800a6c4        0x8 zephyr/kernel/libkernel.a(kheap.c.obj)
 .z_init_PRE_KERNEL_1_P_35_SUB_00037_
                0x0800a6cc        0x8 zephyr/drivers/reset/libdrivers__reset.a(reset_stm32.c.obj)
 .z_init_PRE_KERNEL_1_P_40_SUB_00034_
                0x0800a6d4        0x8 zephyr/libzephyr.a(gpioport_mgr.c.obj)
 .z_init_PRE_KERNEL_1_P_40_SUB_00035_
                0x0800a6dc        0x8 zephyr/libzephyr.a(gpioport_mgr.c.obj)
 .z_init_PRE_KERNEL_1_P_40_SUB_00055_
                0x0800a6e4        0x8 zephyr/libzephyr.a(gpioport_mgr.c.obj)
 .z_init_PRE_KERNEL_1_P_40_SUB_00071_
                0x0800a6ec        0x8 zephyr/drivers/interrupt_controller/libdrivers__interrupt_controller.a(intc_exti_stm32.c.obj)
 .z_init_PRE_KERNEL_1_P_40_SUB_00104_
                0x0800a6f4        0x8 zephyr/libzephyr.a(gpioport_mgr.c.obj)
 .z_init_PRE_KERNEL_1_P_40_SUB_00105_
                0x0800a6fc        0x8 zephyr/libzephyr.a(gpioport_mgr.c.obj)
 .z_init_PRE_KERNEL_1_P_40_SUB_00106_
                0x0800a704        0x8 zephyr/libzephyr.a(gpioport_mgr.c.obj)
 .z_init_PRE_KERNEL_1_P_40_SUB_00107_
                0x0800a70c        0x8 zephyr/libzephyr.a(gpioport_mgr.c.obj)
 .z_init_PRE_KERNEL_1_P_40_SUB_00108_
                0x0800a714        0x8 zephyr/libzephyr.a(gpioport_mgr.c.obj)
 .z_init_PRE_KERNEL_1_P_40_SUB_0_
                0x0800a71c        0x8 zephyr/drivers/interrupt_controller/libdrivers__interrupt_controller.a(intc_gpio_stm32.c.obj)
 .z_init_PRE_KERNEL_1_P_50_SUB_00075_
                0x0800a724        0x8 zephyr/drivers/serial/libdrivers__serial.a(uart_stm32.c.obj)
 .z_init_PRE_KERNEL_1_P_50_SUB_00078_
                0x0800a72c        0x8 zephyr/drivers/serial/libdrivers__serial.a(uart_stm32.c.obj)
 .z_init_PRE_KERNEL_1_P_50_SUB_00109_
                0x0800a734        0x8 zephyr/drivers/rtc/libdrivers__rtc.a(rtc_stm32.c.obj)
 .z_init_PRE_KERNEL_1_P_60_SUB_0_
                0x0800a73c        0x8 zephyr/drivers/console/libdrivers__console.a(uart_console.c.obj)
 *(SORT_BY_NAME(SORT_BY_ALIGNMENT(.z_init_PRE_KERNEL_1_P_???_*)))
                0x0800a744                        __init_PRE_KERNEL_2_start = .
 *(SORT_BY_NAME(SORT_BY_ALIGNMENT(.z_init_PRE_KERNEL_2_P_?_*)))
 .z_init_PRE_KERNEL_2_P_0_SUB_0_
                0x0800a744        0x8 zephyr/drivers/timer/libdrivers__timer.a(cortex_m_systick.c.obj)
 *(SORT_BY_NAME(SORT_BY_ALIGNMENT(.z_init_PRE_KERNEL_2_P_??_*)))
 *(SORT_BY_NAME(SORT_BY_ALIGNMENT(.z_init_PRE_KERNEL_2_P_???_*)))
                0x0800a74c                        __init_POST_KERNEL_start = .
 *(SORT_BY_NAME(SORT_BY_ALIGNMENT(.z_init_POST_KERNEL_P_?_*)))
 .z_init_POST_KERNEL_P_0_SUB_0_
                0x0800a74c        0x8 zephyr/libzephyr.a(log_core.c.obj)
 *(SORT_BY_NAME(SORT_BY_ALIGNMENT(.z_init_POST_KERNEL_P_??_*)))
 .z_init_POST_KERNEL_P_35_SUB_0_
                0x0800a754        0x8 zephyr/lib/libc/common/liblib__libc__common.a(malloc.c.obj)
 .z_init_POST_KERNEL_P_50_SUB_00012_
                0x0800a75c        0x8 zephyr/drivers/adc/libdrivers__adc.a(adc_stm32.c.obj)
 .z_init_POST_KERNEL_P_50_SUB_00040_
                0x0800a764        0x8 zephyr/drivers/pwm/libdrivers__pwm.a(pwm_stm32.c.obj)
 .z_init_POST_KERNEL_P_50_SUB_00043_
                0x0800a76c        0x8 zephyr/drivers/pwm/libdrivers__pwm.a(pwm_stm32.c.obj)
 *(SORT_BY_NAME(SORT_BY_ALIGNMENT(.z_init_POST_KERNEL_P_???_*)))
                0x0800a774                        __init_APPLICATION_start = .
 *(SORT_BY_NAME(SORT_BY_ALIGNMENT(.z_init_APPLICATION_P_?_*)))
 *(SORT_BY_NAME(SORT_BY_ALIGNMENT(.z_init_APPLICATION_P_??_*)))
 *(SORT_BY_NAME(SORT_BY_ALIGNMENT(.z_init_APPLICATION_P_???_*)))
                0x0800a774                        __init_SMP_start = .
 *(SORT_BY_NAME(SORT_BY_ALIGNMENT(.z_init_SMP_P_?_*)))
 *(SORT_BY_NAME(SORT_BY_ALIGNMENT(.z_init_SMP_P_??_*)))
 *(SORT_BY_NAME(SORT_BY_ALIGNMENT(.z_init_SMP_P_???_*)))
                0x0800a774                        __init_end = .

device_area     0x0800a774      0x1dc
                0x0800a774                        _device_list_start = .
 *(SORT_BY_NAME(SORT_BY_ALIGNMENT(._device.static.*_?_*)))
 ._device.static.1_1_
                0x0800a774       0x1c zephyr/drivers/clock_control/libdrivers__clock_control.a(clock_stm32_ll_common.c.obj)
                0x0800a774                __device_dts_ord_9
 *(SORT_BY_NAME(SORT_BY_ALIGNMENT(._device.static.*_??_*)))
 ._device.static.1_35_
                0x0800a790       0x1c zephyr/drivers/reset/libdrivers__reset.a(reset_stm32.c.obj)
                0x0800a790                __device_dts_ord_37
 ._device.static.1_40_
                0x0800a7ac       0xe0 zephyr/libzephyr.a(gpioport_mgr.c.obj)
                0x0800a7ac                __device_dts_ord_108
                0x0800a7c8                __device_dts_ord_107
                0x0800a7e4                __device_dts_ord_106
                0x0800a800                __device_dts_ord_105
                0x0800a81c                __device_dts_ord_104
                0x0800a838                __device_dts_ord_55
                0x0800a854                __device_dts_ord_35
                0x0800a870                __device_dts_ord_34
 ._device.static.1_40_
                0x0800a88c       0x1c zephyr/drivers/interrupt_controller/libdrivers__interrupt_controller.a(intc_exti_stm32.c.obj)
                0x0800a88c                __device_dts_ord_71
 ._device.static.1_50_
                0x0800a8a8       0x1c zephyr/drivers/rtc/libdrivers__rtc.a(rtc_stm32.c.obj)
                0x0800a8a8                __device_dts_ord_109
 ._device.static.1_50_
                0x0800a8c4       0x38 zephyr/drivers/serial/libdrivers__serial.a(uart_stm32.c.obj)
                0x0800a8c4                __device_dts_ord_75
                0x0800a8e0                __device_dts_ord_78
 ._device.static.3_50_
                0x0800a8fc       0x1c zephyr/drivers/adc/libdrivers__adc.a(adc_stm32.c.obj)
                0x0800a8fc                __device_dts_ord_12
 ._device.static.3_50_
                0x0800a918       0x38 zephyr/drivers/pwm/libdrivers__pwm.a(pwm_stm32.c.obj)
                0x0800a918                __device_dts_ord_40
                0x0800a934                __device_dts_ord_43
 *(SORT_BY_NAME(SORT_BY_ALIGNMENT(._device.static.*_???_*)))
 *(SORT_BY_NAME(SORT_BY_ALIGNMENT(._device.static.*_????_*)))
 *(SORT_BY_NAME(SORT_BY_ALIGNMENT(._device.static.*_?????_*)))
                0x0800a950                        _device_list_end = .

sw_isr_table    0x0800a950      0x250
                0x0800a950                        . = ALIGN (0x4)
 *(SORT_BY_ALIGNMENT(.gnu.linkonce.sw_isr_table*))
 .gnu.linkonce.sw_isr_table
                0x0800a950      0x250 zephyr/CMakeFiles/zephyr_final.dir/isr_tables.c.obj
                0x0800a950                _sw_isr_table

initlevel_error
 *(SORT_BY_NAME(SORT_BY_ALIGNMENT(.z_init_*)))
                0x00000001                        ASSERT ((SIZEOF (initlevel_error) == 0x0), Undefined initialization levels used.)

app_shmem_regions
                0x0800aba0        0x0
                0x0800aba0                        __app_shmem_regions_start = .
 *(SORT_BY_NAME(SORT_BY_ALIGNMENT(.app_regions.*)))
                0x0800aba0                        __app_shmem_regions_end = .

k_p4wq_initparam_area
                0x0800aba0        0x0
                0x0800aba0                        _k_p4wq_initparam_list_start = .
 *(SORT_BY_NAME(SORT_BY_ALIGNMENT(._k_p4wq_initparam.static.*)))
                0x0800aba0                        _k_p4wq_initparam_list_end = .

_static_thread_data_area
                0x0800aba0      0x2a0
                0x0800aba0                        __static_thread_data_list_start = .
 *(SORT_BY_NAME(SORT_BY_ALIGNMENT(.__static_thread_data.static.*)))
 .__static_thread_data.static._k_thread_data_abrir_cerrar_
                0x0800aba0       0x30 app/libapp.a(main.c.obj)
                0x0800aba0                _k_thread_data_abrir_cerrar
 .__static_thread_data.static._k_thread_data_anti_rebote_
                0x0800abd0       0x30 app/libapp.a(main.c.obj)
                0x0800abd0                _k_thread_data_anti_rebote
 .__static_thread_data.static._k_thread_data_bocina_megalo_
                0x0800ac00       0x30 app/libapp.a(main.c.obj)
                0x0800ac00                _k_thread_data_bocina_megalo
 .__static_thread_data.static._k_thread_data_displaym_
                0x0800ac30       0x30 app/libapp.a(main.c.obj)
                0x0800ac30                _k_thread_data_displaym
 .__static_thread_data.static._k_thread_data_fallar_pasar_
                0x0800ac60       0x30 app/libapp.a(main.c.obj)
                0x0800ac60                _k_thread_data_fallar_pasar
 .__static_thread_data.static._k_thread_data_funcion_suma_
                0x0800ac90       0x30 app/libapp.a(main.c.obj)
                0x0800ac90                _k_thread_data_funcion_suma
 .__static_thread_data.static._k_thread_data_funcion_voltaje_
                0x0800acc0       0x30 app/libapp.a(main.c.obj)
                0x0800acc0                _k_thread_data_funcion_voltaje
 .__static_thread_data.static._k_thread_data_lectura_boton_
                0x0800acf0       0x30 app/libapp.a(main.c.obj)
                0x0800acf0                _k_thread_data_lectura_boton
 .__static_thread_data.static._k_thread_data_lectura_voltaje_
                0x0800ad20       0x30 app/libapp.a(main.c.obj)
                0x0800ad20                _k_thread_data_lectura_voltaje
 .__static_thread_data.static._k_thread_data_menu_boton_
                0x0800ad50       0x30 app/libapp.a(main.c.obj)
                0x0800ad50                _k_thread_data_menu_boton
 .__static_thread_data.static._k_thread_data_motor_pasos_
                0x0800ad80       0x30 app/libapp.a(main.c.obj)
                0x0800ad80                _k_thread_data_motor_pasos
 .__static_thread_data.static._k_thread_data_motor_servo_
                0x0800adb0       0x30 app/libapp.a(main.c.obj)
                0x0800adb0                _k_thread_data_motor_servo
 .__static_thread_data.static._k_thread_data_promedio_suma_
                0x0800ade0       0x30 app/libapp.a(main.c.obj)
                0x0800ade0                _k_thread_data_promedio_suma
 .__static_thread_data.static._k_thread_data_rec_clave_
                0x0800ae10       0x30 app/libapp.a(main.c.obj)
                0x0800ae10                _k_thread_data_rec_clave
                0x0800ae40                        __static_thread_data_list_end = .

device_deps     0x0800ae40        0x0
                0x0800ae40                        __device_deps_start = .
 *(SORT_BY_NAME(SORT_BY_ALIGNMENT(.__device_deps_pass2*)))
                0x0800ae40                        __device_deps_end = .

adc_driver_api_area
                0x0800ae40        0xc
                0x0800ae40                        _adc_driver_api_list_start = .
 *(SORT_BY_NAME(SORT_BY_ALIGNMENT(._adc_driver_api.static.*)))
 ._adc_driver_api.static.api_stm32_driver_api_
                0x0800ae40        0xc zephyr/drivers/adc/libdrivers__adc.a(adc_stm32.c.obj)
                0x0800ae4c                        _adc_driver_api_list_end = .

gpio_driver_api_area
                0x0800ae4c       0x24
                0x0800ae4c                        _gpio_driver_api_list_start = .
 *(SORT_BY_NAME(SORT_BY_ALIGNMENT(._gpio_driver_api.static.*)))
 ._gpio_driver_api.static.gpio_stm32_driver_
                0x0800ae4c       0x24 zephyr/drivers/gpio/libdrivers__gpio.a(gpio_stm32.c.obj)
                0x0800ae4c                gpio_stm32_driver
                0x0800ae70                        _gpio_driver_api_list_end = .

pwm_driver_api_area
                0x0800ae70        0x8
                0x0800ae70                        _pwm_driver_api_list_start = .
 *(SORT_BY_NAME(SORT_BY_ALIGNMENT(._pwm_driver_api.static.*)))
 ._pwm_driver_api.static.pwm_stm32_driver_api_
                0x0800ae70        0x8 zephyr/drivers/pwm/libdrivers__pwm.a(pwm_stm32.c.obj)
                0x0800ae78                        _pwm_driver_api_list_end = .

reset_driver_api_area
                0x0800ae78       0x10
                0x0800ae78                        _reset_driver_api_list_start = .
 *(SORT_BY_NAME(SORT_BY_ALIGNMENT(._reset_driver_api.static.*)))
 ._reset_driver_api.static.reset_stm32_driver_api_
                0x0800ae78       0x10 zephyr/drivers/reset/libdrivers__reset.a(reset_stm32.c.obj)
                0x0800ae88                        _reset_driver_api_list_end = .

rtc_driver_api_area
                0x0800ae88        0x8
                0x0800ae88                        _rtc_driver_api_list_start = .
 *(SORT_BY_NAME(SORT_BY_ALIGNMENT(._rtc_driver_api.static.*)))
 ._rtc_driver_api.static.rtc_stm32_driver_api_
                0x0800ae88        0x8 zephyr/drivers/rtc/libdrivers__rtc.a(rtc_stm32.c.obj)
                0x0800ae90                        _rtc_driver_api_list_end = .

shared_irq_driver_api_area
                0x0800ae90        0x0
                0x0800ae90                        _shared_irq_driver_api_list_start = .
 *(SORT_BY_NAME(SORT_BY_ALIGNMENT(._shared_irq_driver_api.static.*)))
                0x0800ae90                        _shared_irq_driver_api_list_end = .

crypto_driver_api_area
                0x0800ae90        0x0
                0x0800ae90                        _crypto_driver_api_list_start = .
 *(SORT_BY_NAME(SORT_BY_ALIGNMENT(._crypto_driver_api.static.*)))
                0x0800ae90                        _crypto_driver_api_list_end = .

auxdisplay_driver_api_area
                0x0800ae90        0x0
                0x0800ae90                        _auxdisplay_driver_api_list_start = .
 *(SORT_BY_NAME(SORT_BY_ALIGNMENT(._auxdisplay_driver_api.static.*)))
                0x0800ae90                        _auxdisplay_driver_api_list_end = .

bbram_driver_api_area
                0x0800ae90        0x0
                0x0800ae90                        _bbram_driver_api_list_start = .
 *(SORT_BY_NAME(SORT_BY_ALIGNMENT(._bbram_driver_api.static.*)))
                0x0800ae90                        _bbram_driver_api_list_end = .

biometric_driver_api_area
                0x0800ae90        0x0
                0x0800ae90                        _biometric_driver_api_list_start = .
 *(SORT_BY_NAME(SORT_BY_ALIGNMENT(._biometric_driver_api.static.*)))
                0x0800ae90                        _biometric_driver_api_list_end = .

bt_hci_driver_api_area
                0x0800ae90        0x0
                0x0800ae90                        _bt_hci_driver_api_list_start = .
 *(SORT_BY_NAME(SORT_BY_ALIGNMENT(._bt_hci_driver_api.static.*)))
                0x0800ae90                        _bt_hci_driver_api_list_end = .

can_driver_api_area
                0x0800ae90        0x0
                0x0800ae90                        _can_driver_api_list_start = .
 *(SORT_BY_NAME(SORT_BY_ALIGNMENT(._can_driver_api.static.*)))
                0x0800ae90                        _can_driver_api_list_end = .

cellular_driver_api_area
                0x0800ae90        0x0
                0x0800ae90                        _cellular_driver_api_list_start = .
 *(SORT_BY_NAME(SORT_BY_ALIGNMENT(._cellular_driver_api.static.*)))
                0x0800ae90                        _cellular_driver_api_list_end = .

charger_driver_api_area
                0x0800ae90        0x0
                0x0800ae90                        _charger_driver_api_list_start = .
 *(SORT_BY_NAME(SORT_BY_ALIGNMENT(._charger_driver_api.static.*)))
                0x0800ae90                        _charger_driver_api_list_end = .

clock_control_driver_api_area
                0x0800ae90       0x1c
                0x0800ae90                        _clock_control_driver_api_list_start = .
 *(SORT_BY_NAME(SORT_BY_ALIGNMENT(._clock_control_driver_api.static.*)))
 ._clock_control_driver_api.static.stm32_clock_control_api_
                0x0800ae90       0x1c zephyr/drivers/clock_control/libdrivers__clock_control.a(clock_stm32_ll_common.c.obj)
                0x0800aeac                        _clock_control_driver_api_list_end = .

comparator_driver_api_area
                0x0800aeac        0x0
                0x0800aeac                        _comparator_driver_api_list_start = .
 *(SORT_BY_NAME(SORT_BY_ALIGNMENT(._comparator_driver_api.static.*)))
                0x0800aeac                        _comparator_driver_api_list_end = .

coredump_driver_api_area
                0x0800aeac        0x0
                0x0800aeac                        _coredump_driver_api_list_start = .
 *(SORT_BY_NAME(SORT_BY_ALIGNMENT(._coredump_driver_api.static.*)))
                0x0800aeac                        _coredump_driver_api_list_end = .

counter_driver_api_area
                0x0800aeac        0x0
                0x0800aeac                        _counter_driver_api_list_start = .
 *(SORT_BY_NAME(SORT_BY_ALIGNMENT(._counter_driver_api.static.*)))
                0x0800aeac                        _counter_driver_api_list_end = .

crc_driver_api_area
                0x0800aeac        0x0
                0x0800aeac                        _crc_driver_api_list_start = .
 *(SORT_BY_NAME(SORT_BY_ALIGNMENT(._crc_driver_api.static.*)))
                0x0800aeac                        _crc_driver_api_list_end = .

dac_driver_api_area
                0x0800aeac        0x0